../RA01/ra01.cpp:82:1:LoRaClass::LoRaClass()	16	static
../RA01/ra01.cpp:97:5:int LoRaClass::begin(long int)	24	static
../RA01/ra01.cpp:136:6:void LoRaClass::end()	16	static
../RA01/ra01.cpp:145:6:void LoRaClass::setRxMode()	24	static
../RA01/ra01.cpp:156:5:int LoRaClass::beginPacket(int)	16	static
../RA01/ra01.cpp:178:5:int LoRaClass::endPacket(bool)	16	static
../RA01/ra01.cpp:200:6:bool LoRaClass::isTransmitting()	16	static
../RA01/ra01.cpp:214:5:int LoRaClass::parsePacket(int)	24	static
../RA01/ra01.cpp:260:5:int LoRaClass::packetRssi()	16	static
../RA01/ra01.cpp:265:7:float LoRaClass::packetSnr()	16	static
../RA01/ra01.cpp:270:6:long int LoRaClass::packetFrequencyError()	40	static
../RA01/ra01.cpp:289:5:int LoRaClass::rssi()	16	static
../RA01/ra01.cpp:294:8:virtual size_t LoRaClass::write(uint8_t)	16	static
../RA01/ra01.cpp:299:8:virtual size_t LoRaClass::write(const uint8_t*, size_t)	32	static
../RA01/ra01.cpp:319:5:virtual int LoRaClass::available()	16	static
../RA01/ra01.cpp:324:5:virtual int LoRaClass::read()	16	static
../RA01/ra01.cpp:335:5:virtual int LoRaClass::peek()	24	static
../RA01/ra01.cpp:353:6:virtual void LoRaClass::flush()	16	static
../RA01/ra01.cpp:411:6:void LoRaClass::idle()	16	static
../RA01/ra01.cpp:416:6:void LoRaClass::sleep()	16	static
../RA01/ra01.cpp:421:6:void LoRaClass::setTxPower(int, int)	24	static
../RA01/ra01.cpp:459:6:void LoRaClass::setFrequency(long int)	32	static
../RA01/ra01.cpp:470:6:void LoRaClass::setIRQInterrupts()	24	static
../RA01/ra01.cpp:488:5:int LoRaClass::getSpreadingFactor()	16	static
../RA01/ra01.cpp:493:6:void LoRaClass::setSpreadingFactor(int)	16	static
../RA01/ra01.cpp:513:6:long int LoRaClass::getSignalBandwidth()	24	static
../RA01/ra01.cpp:533:6:void LoRaClass::setSignalBandwidth(long int)	24	static
../RA01/ra01.cpp:563:6:void LoRaClass::setLdoFlag()	40	static
../RA01/ra01.cpp:580:6:void LoRaClass::setCodingRate4(int)	24	static
../RA01/ra01.cpp:593:6:void LoRaClass::setPreambleLength(long int)	16	static
../RA01/ra01.cpp:599:6:void LoRaClass::setSyncWord(int)	16	static
../RA01/ra01.cpp:604:6:void LoRaClass::enableCrc()	16	static
../RA01/ra01.cpp:609:6:void LoRaClass::disableCrc()	16	static
../RA01/ra01.cpp:614:6:void LoRaClass::enableInvertIQ()	16	static
../RA01/ra01.cpp:620:6:void LoRaClass::disableInvertIQ()	16	static
../RA01/ra01.cpp:626:6:void LoRaClass::setOCP(uint8_t)	24	static
../RA01/ra01.cpp:639:6:void LoRaClass::setGain(uint8_t)	16	static
../RA01/ra01.cpp:665:9:uint8_t LoRaClass::random()	16	static
../RA01/ra01.cpp:677:6:void LoRaClass::setSPI(SPI_HandleTypeDef*, GPIO_TypeDef*, uint16_t, GPIO_TypeDef*, uint16_t)	24	static
../RA01/ra01.cpp:687:6:void LoRaClass::explicitHeaderMode()	16	static
../RA01/ra01.cpp:694:6:void LoRaClass::implicitHeaderMode()	16	static
../RA01/ra01.cpp:701:6:void LoRaClass::handleDio0Rise()	24	static
../RA01/ra01.cpp:732:17:static void LoRaClass::onDio0Rise()	8	static
../RA01/ra01.cpp:739:6:void LoRaClass::checkBusyLine()	24	static
../RA01/ra01.cpp:746:6:void LoRaClass::writeRegister(uint8_t, uint8_t)	32	static
../RA01/ra01.cpp:760:6:void LoRaClass::writeCommand(uint8_t, uint8_t*, uint8_t)	72	dynamic
../RA01/ra01.cpp:778:9:uint8_t LoRaClass::readRegister(uint8_t)	32	static
../RA01/ra01.cpp:793:1:void __static_initialization_and_destruction_0(int, int)	16	static
../RA01/ra01.cpp:793:1:cpp)	8	static
