Archive member included to satisfy reference by file (symbol)

c:/st/stm32cubeide_1.10.0/stm32cubeide/plugins/com.st.stm32cube.ide.mcu.externaltools.gnu-tools-for-stm32.10.3-2021.10.win32_1.0.100.202210260954/tools/bin/../lib/gcc/arm-none-eabi/10.3.1/../../../../arm-none-eabi/lib/thumb/v7e-m+fp/hard\libc_nano.a(lib_a-errno.o)
                              ./Core/Src/syscalls.o (__errno)
c:/st/stm32cubeide_1.10.0/stm32cubeide/plugins/com.st.stm32cube.ide.mcu.externaltools.gnu-tools-for-stm32.10.3-2021.10.win32_1.0.100.202210260954/tools/bin/../lib/gcc/arm-none-eabi/10.3.1/../../../../arm-none-eabi/lib/thumb/v7e-m+fp/hard\libc_nano.a(lib_a-exit.o)
                              c:/st/stm32cubeide_1.10.0/stm32cubeide/plugins/com.st.stm32cube.ide.mcu.externaltools.gnu-tools-for-stm32.10.3-2021.10.win32_1.0.100.202210260954/tools/bin/../lib/gcc/arm-none-eabi/10.3.1/../../../../arm-none-eabi/lib/thumb/v7e-m+fp/hard/crt0.o (exit)
c:/st/stm32cubeide_1.10.0/stm32cubeide/plugins/com.st.stm32cube.ide.mcu.externaltools.gnu-tools-for-stm32.10.3-2021.10.win32_1.0.100.202210260954/tools/bin/../lib/gcc/arm-none-eabi/10.3.1/../../../../arm-none-eabi/lib/thumb/v7e-m+fp/hard\libc_nano.a(lib_a-impure.o)
                              c:/st/stm32cubeide_1.10.0/stm32cubeide/plugins/com.st.stm32cube.ide.mcu.externaltools.gnu-tools-for-stm32.10.3-2021.10.win32_1.0.100.202210260954/tools/bin/../lib/gcc/arm-none-eabi/10.3.1/../../../../arm-none-eabi/lib/thumb/v7e-m+fp/hard\libc_nano.a(lib_a-exit.o) (_global_impure_ptr)
c:/st/stm32cubeide_1.10.0/stm32cubeide/plugins/com.st.stm32cube.ide.mcu.externaltools.gnu-tools-for-stm32.10.3-2021.10.win32_1.0.100.202210260954/tools/bin/../lib/gcc/arm-none-eabi/10.3.1/../../../../arm-none-eabi/lib/thumb/v7e-m+fp/hard\libc_nano.a(lib_a-init.o)
                              c:/st/stm32cubeide_1.10.0/stm32cubeide/plugins/com.st.stm32cube.ide.mcu.externaltools.gnu-tools-for-stm32.10.3-2021.10.win32_1.0.100.202210260954/tools/bin/../lib/gcc/arm-none-eabi/10.3.1/../../../../arm-none-eabi/lib/thumb/v7e-m+fp/hard/crt0.o (__libc_init_array)
c:/st/stm32cubeide_1.10.0/stm32cubeide/plugins/com.st.stm32cube.ide.mcu.externaltools.gnu-tools-for-stm32.10.3-2021.10.win32_1.0.100.202210260954/tools/bin/../lib/gcc/arm-none-eabi/10.3.1/../../../../arm-none-eabi/lib/thumb/v7e-m+fp/hard\libc_nano.a(lib_a-memset.o)
                              c:/st/stm32cubeide_1.10.0/stm32cubeide/plugins/com.st.stm32cube.ide.mcu.externaltools.gnu-tools-for-stm32.10.3-2021.10.win32_1.0.100.202210260954/tools/bin/../lib/gcc/arm-none-eabi/10.3.1/../../../../arm-none-eabi/lib/thumb/v7e-m+fp/hard/crt0.o (memset)
c:/st/stm32cubeide_1.10.0/stm32cubeide/plugins/com.st.stm32cube.ide.mcu.externaltools.gnu-tools-for-stm32.10.3-2021.10.win32_1.0.100.202210260954/tools/bin/../lib/gcc/arm-none-eabi/10.3.1/../../../../arm-none-eabi/lib/thumb/v7e-m+fp/hard\libc_nano.a(lib_a-sprintf.o)
                              ./Core/Src/main.o (sprintf)
c:/st/stm32cubeide_1.10.0/stm32cubeide/plugins/com.st.stm32cube.ide.mcu.externaltools.gnu-tools-for-stm32.10.3-2021.10.win32_1.0.100.202210260954/tools/bin/../lib/gcc/arm-none-eabi/10.3.1/../../../../arm-none-eabi/lib/thumb/v7e-m+fp/hard\libc_nano.a(lib_a-strlen.o)
                              ./Core/Src/main.o (strlen)
c:/st/stm32cubeide_1.10.0/stm32cubeide/plugins/com.st.stm32cube.ide.mcu.externaltools.gnu-tools-for-stm32.10.3-2021.10.win32_1.0.100.202210260954/tools/bin/../lib/gcc/arm-none-eabi/10.3.1/../../../../arm-none-eabi/lib/thumb/v7e-m+fp/hard\libc_nano.a(lib_a-nano-svfprintf.o)
                              c:/st/stm32cubeide_1.10.0/stm32cubeide/plugins/com.st.stm32cube.ide.mcu.externaltools.gnu-tools-for-stm32.10.3-2021.10.win32_1.0.100.202210260954/tools/bin/../lib/gcc/arm-none-eabi/10.3.1/../../../../arm-none-eabi/lib/thumb/v7e-m+fp/hard\libc_nano.a(lib_a-sprintf.o) (_svfprintf_r)
c:/st/stm32cubeide_1.10.0/stm32cubeide/plugins/com.st.stm32cube.ide.mcu.externaltools.gnu-tools-for-stm32.10.3-2021.10.win32_1.0.100.202210260954/tools/bin/../lib/gcc/arm-none-eabi/10.3.1/../../../../arm-none-eabi/lib/thumb/v7e-m+fp/hard\libc_nano.a(lib_a-nano-vfprintf_i.o)
                              c:/st/stm32cubeide_1.10.0/stm32cubeide/plugins/com.st.stm32cube.ide.mcu.externaltools.gnu-tools-for-stm32.10.3-2021.10.win32_1.0.100.202210260954/tools/bin/../lib/gcc/arm-none-eabi/10.3.1/../../../../arm-none-eabi/lib/thumb/v7e-m+fp/hard\libc_nano.a(lib_a-nano-svfprintf.o) (_printf_i)
c:/st/stm32cubeide_1.10.0/stm32cubeide/plugins/com.st.stm32cube.ide.mcu.externaltools.gnu-tools-for-stm32.10.3-2021.10.win32_1.0.100.202210260954/tools/bin/../lib/gcc/arm-none-eabi/10.3.1/../../../../arm-none-eabi/lib/thumb/v7e-m+fp/hard\libc_nano.a(lib_a-memchr.o)
[...]
Memory Configuration

Name             Origin             Length             Attributes
RAM              0x0000000020000000 0x0000000000008000 xrw
FLASH            0x0000000008000000 0x0000000000020000 xr
*default*        0x0000000000000000 0xffffffffffffffff

Linker script and memory map

LOAD c:/st/stm32cubeide_1.10.0/stm32cubeide/plugins/com.st.stm32cube.ide.mcu.externaltools.gnu-tools-for-stm32.10.3-2021.10.win32_1.0.100.202210260954/tools/bin/../lib/gcc/arm-none-eabi/10.3.1/thumb/v7e-m+fp/hard/crti.o
LOAD c:/st/stm32cubeide_1.10.0/stm32cubeide/plugins/com.st.stm32cube.ide.mcu.externaltools.gnu-tools-for-stm32.10.3-2021.10.win32_1.0.100.202210260954/tools/bin/../lib/gcc/arm-none-eabi/10.3.1/thumb/v7e-m+fp/hard/crtbegin.o
LOAD c:/st/stm32cubeide_1.10.0/stm32cubeide/plugins/com.st.stm32cube.ide.mcu.externaltools.gnu-tools-for-stm32.10.3-2021.10.win32_1.0.100.202210260954/tools/bin/../lib/gcc/arm-none-eabi/10.3.1/../../../../arm-none-eabi/lib/thumb/v7e-m+fp/hard/crt0.o
LOAD ./Core/Src/gpio.o
LOAD ./Core/Src/main.o
LOAD ./Core/Src/spi.o
LOAD ./Core/Src/stm32g4xx_hal_msp.o
LOAD ./Core/Src/stm32g4xx_it.o
LOAD ./Core/Src/syscalls.o
LOAD ./Core/Src/sysmem.o
LOAD ./Core/Src/system_stm32g4xx.o
LOAD ./Core/Src/usart.o
LOAD ./Core/Startup/startup_stm32g431kbtx.o
LOAD ./Drivers/STM32G4xx_HAL_Driver/Src/stm32g4xx_hal.o
LOAD ./Drivers/STM32G4xx_HAL_Driver/Src/stm32g4xx_hal_cortex.o
LOAD ./Drivers/STM32G4xx_HAL_Driver/Src/stm32g4xx_hal_dma.o
LOAD ./Drivers/STM32G4xx_HAL_Driver/Src/stm32g4xx_hal_dma_ex.o
LOAD ./Drivers/STM32G4xx_HAL_Driver/Src/stm32g4xx_hal_exti.o
LOAD ./Drivers/STM32G4xx_HAL_Driver/Src/stm32g4xx_hal_flash.o
LOAD ./Drivers/STM32G4xx_HAL_Driver/Src/stm32g4xx_hal_flash_ex.o
LOAD ./Drivers/STM32G4xx_HAL_Driver/Src/stm32g4xx_hal_flash_ramfunc.o
LOAD ./Drivers/STM32G4xx_HAL_Driver/Src/stm32g4xx_hal_gpio.o
LOAD ./Drivers/STM32G4xx_HAL_Driver/Src/stm32g4xx_hal_pwr.o
LOAD ./Drivers/STM32G4xx_HAL_Driver/Src/stm32g4xx_hal_pwr_ex.o
LOAD ./Drivers/STM32G4xx_HAL_Driver/Src/stm32g4xx_hal_rcc.o
LOAD ./Drivers/STM32G4xx_HAL_Driver/Src/stm32g4xx_hal_rcc_ex.o
LOAD ./Drivers/STM32G4xx_HAL_Driver/Src/stm32g4xx_hal_spi.o
LOAD ./Drivers/STM32G4xx_HAL_Driver/Src/stm32g4xx_hal_spi_ex.o
LOAD ./Drivers/STM32G4xx_HAL_Driver/Src/stm32g4xx_hal_tim.o
LOAD ./Drivers/STM32G4xx_HAL_Driver/Src/stm32g4xx_hal_tim_ex.o
LOAD ./Drivers/STM32G4xx_HAL_Driver/Src/stm32g4xx_hal_uart.o
LOAD ./Drivers/STM32G4xx_HAL_Driver/Src/stm32g4xx_hal_uart_ex.o
LOAD ./RA01/ra01.o
START GROUP
LOAD c:/st/stm32cubeide_1.10.0/stm32cubeide/plugins/com.st.stm32cube.ide.mcu.externaltools.gnu-tools-for-stm32.10.3-2021.10.win32_1.0.100.202210260954/tools/bin/../lib/gcc/arm-none-eabi/10.3.1/../../../../arm-none-eabi/lib/thumb/v7e-m+fp/hard\libstdc++_nano.a
LOAD c:/st/stm32cubeide_1.10.0/stm32cubeide/plugins/com.st.stm32cube.ide.mcu.externaltools.gnu-tools-for-stm32.10.3-2021.10.win32_1.0.100.202210260954/tools/bin/../lib/gcc/arm-none-eabi/10.3.1/../../../../arm-none-eabi/lib/thumb/v7e-m+fp/hard\libsupc++_nano.a
END GROUP
LOAD c:/st/stm32cubeide_1.10.0/stm32cubeide/plugins/com.st.stm32cube.ide.mcu.externaltools.gnu-tools-for-stm32.10.3-2021.10.win32_1.0.100.202210260954/tools/bin/../lib/gcc/arm-none-eabi/10.3.1/../../../../arm-none-eabi/lib/thumb/v7e-m+fp/hard\libstdc++_nano.a
LOAD c:/st/stm32cubeide_1.10.0/stm32cubeide/plugins/com.st.stm32cube.ide.mcu.externaltools.gnu-tools-for-stm32.10.3-2021.10.win32_1.0.100.202210260954/tools/bin/../lib/gcc/arm-none-eabi/10.3.1/../../../../arm-none-eabi/lib/thumb/v7e-m+fp/hard\libm.a
LOAD c:/st/stm32cubeide_1.10.0/stm32cubeide/plugins/com.st.stm32cube.ide.mcu.externaltools.gnu-tools-for-stm32.10.3-2021.10.win32_1.0.100.202210260954/tools/bin/../lib/gcc/arm-none-eabi/10.3.1/../../../../arm-none-eabi/lib/thumb/v7e-m+fp/hard\libc_nano.a
START GROUP
LOAD c:/st/stm32cubeide_1.10.0/stm32cubeide/plugins/com.st.stm32cube.ide.mcu.externaltools.gnu-tools-for-stm32.10.3-2021.10.win32_1.0.100.202210260954/tools/bin/../lib/gcc/arm-none-eabi/10.3.1/thumb/v7e-m+fp/hard\libgcc.a
LOAD c:/st/stm32cubeide_1.10.0/stm32cubeide/plugins/com.st.stm32cube.ide.mcu.externaltools.gnu-tools-for-stm32.10.3-2021.10.win32_1.0.100.202210260954/tools/bin/../lib/gcc/arm-none-eabi/10.3.1/../../../../arm-none-eabi/lib/thumb/v7e-m+fp/hard\libc_nano.a
END GROUP
START GROUP
LOAD c:/st/stm32cubeide_1.10.0/stm32cubeide/plugins/com.st.stm32cube.ide.mcu.externaltools.gnu-tools-for-stm32.10.3-2021.10.win32_1.0.100.202210260954/tools/bin/../lib/gcc/arm-none-eabi/10.3.1/thumb/v7e-m+fp/hard\libgcc.a
LOAD c:/st/stm32cubeide_1.10.0/stm32cubeide/plugins/com.st.stm32cube.ide.mcu.externaltools.gnu-tools-for-stm32.10.3-2021.10.win32_1.0.100.202210260954/tools/bin/../lib/gcc/arm-none-eabi/10.3.1/../../../../arm-none-eabi/lib/thumb/v7e-m+fp/hard\libc_nano.a
LOAD c:/st/stm32cubeide_1.10.0/stm32cubeide/plugins/com.st.stm32cube.ide.mcu.externaltools.gnu-tools-for-stm32.10.3-2021.10.win32_1.0.100.202210260954/tools/bin/../lib/gcc/arm-none-eabi/10.3.1/../../../../arm-none-eabi/lib/thumb/v7e-m+fp/hard\libnosys.a
END GROUP
START GROUP
LOAD c:/st/stm32cubeide_1.10.0/stm32cubeide/plugins/com.st.stm32cube.ide.mcu.externaltools.gnu-tools-for-stm32.10.3-2021.10.win32_1.0.100.202210260954/tools/bin/../lib/gcc/arm-none-eabi/10.3.1/thumb/v7e-m+fp/hard\libgcc.a
LOAD c:/st/stm32cubeide_1.10.0/stm32cubeide/plugins/com.st.stm32cube.ide.mcu.externaltools.gnu-tools-for-stm32.10.3-2021.10.win32_1.0.100.202210260954/tools/bin/../lib/gcc/arm-none-eabi/10.3.1/../../../../arm-none-eabi/lib/thumb/v7e-m+fp/hard\libc_nano.a
LOAD c:/st/stm32cubeide_1.10.0/stm32cubeide/plugins/com.st.stm32cube.ide.mcu.externaltools.gnu-tools-for-stm32.10.3-2021.10.win32_1.0.100.202210260954/tools/bin/../lib/gcc/arm-none-eabi/10.3.1/../../../../arm-none-eabi/lib/thumb/v7e-m+fp/hard\libnosys.a
END GROUP
LOAD c:/st/stm32cubeide_1.10.0/stm32cubeide/plugins/com.st.stm32cube.ide.mcu.externaltools.gnu-tools-for-stm32.10.3-2021.10.win32_1.0.100.202210260954/tools/bin/../lib/gcc/arm-none-eabi/10.3.1/thumb/v7e-m+fp/hard/crtend.o
LOAD c:/st/stm32cubeide_1.10.0/stm32cubeide/plugins/com.st.stm32cube.ide.mcu.externaltools.gnu-tools-for-stm32.10.3-2021.10.win32_1.0.100.202210260954/tools/bin/../lib/gcc/arm-none-eabi/10.3.1/thumb/v7e-m+fp/hard/crtn.o
                0x0000000020008000                _estack = (ORIGIN (RAM) + LENGTH (RAM))
                0x0000000000000200                _Min_Heap_Size = 0x200
                0x0000000000000400                _Min_Stack_Size = 0x400

.isr_vector     0x0000000008000000      0x1d8
                0x0000000008000000                . = ALIGN (0x4)
 *(.isr_vector)
 .isr_vector    0x0000000008000000      0x1d8 ./Core/Startup/startup_stm32g431kbtx.o
                0x0000000008000000                g_pfnVectors
                0x00000000080001d8                . = ALIGN (0x4)

.text           0x00000000080001e0     0x5c68
                0x00000000080001e0                . = ALIGN (0x4)
 *(.text)
 .text          0x00000000080001e0       0x40 c:/st/stm32cubeide_1.10.0/stm32cubeide/plugins/com.st.stm32cube.ide.mcu.externaltools.gnu-tools-for-stm32.10.3-2021.10.win32_1.0.100.202210260954/tools/bin/../lib/gcc/arm-none-eabi/10.3.1/thumb/v7e-m+fp/hard/crtbegin.o
 .text          0x0000000008000220       0x10 c:/st/stm32cubeide_1.10.0/stm32cubeide/plugins/com.st.stm32cube.ide.mcu.externaltools.gnu-tools-for-stm32.10.3-2021.10.win32_1.0.100.202210260954/tools/bin/../lib/gcc/arm-none-eabi/10.3.1/../../../../arm-none-eabi/lib/thumb/v7e-m+fp/hard\libc_nano.a(lib_a-strlen.o)
                0x0000000008000220                strlen
 .text          0x0000000008000230       0xa0 c:/st/stm32cubeide_1.10.0/stm32cubeide/plugins/com.st.stm32cube.ide.mcu.externaltools.gnu-tools-for-stm32.10.3-2021.10.win32_1.0.100.202210260954/tools/bin/../lib/gcc/arm-none-eabi/10.3.1/../../../../arm-none-eabi/lib/thumb/v7e-m+fp/hard\libc_nano.a(lib_a-memchr.o)
                0x0000000008000230                memchr
 .text          0x00000000080002d0       0x30 c:/st/stm32cubeide_1.10.0/stm32cubeide/plugins/com.st.stm32cube.ide.mcu.externaltools.gnu-tools-for-stm32.10.3-2021.10.win32_1.0.100.202210260954/tools/bin/../lib/gcc/arm-none-eabi/10.3.1/thumb/v7e-m+fp/hard\libgcc.a(_aeabi_uldivmod.o)
                0x00000000080002d0                __aeabi_uldivmod
 .text          0x0000000008000300      0x2d0 c:/st/stm32cubeide_1.10.0/stm32cubeide/plugins/com.st.stm32cube.ide.mcu.externaltools.gnu-tools-for-stm32.10.3-2021.10.win32_1.0.100.202210260954/tools/bin/../lib/gcc/arm-none-eabi/10.3.1/thumb/v7e-m+fp/hard\libgcc.a(_udivmoddi4.o)
                0x0000000008000300                __udivmoddi4
 .text          0x00000000080005d0      0x9d8 c:/st/stm32cubeide_1.10.0/stm32cubeide/plugins/com.st.stm32cube.ide.mcu.externaltools.gnu-tools-for-stm32.10.3-2021.10.win32_1.0.100.202210260954/tools/bin/../lib/gcc/arm-none-eabi/10.3.1/thumb/v7e-m+fp/hard\libgcc.a(unwind-arm.o)
                0x0000000008000878                _Unwind_GetCFA
                0x000000000800087c                __gnu_Unwind_RaiseException
                0x00000000080008e4                __gnu_Unwind_ForcedUnwind
                0x00000000080008f4                __gnu_Unwind_Resume
                0x0000000008000938                __gnu_Unwind_Resume_or_Rethrow
                0x0000000008000948                _Unwind_Complete
                0x000000000800094c                _Unwind_DeleteException
                0x0000000008000958                _Unwind_VRS_Get
                0x00000000080009a4                _Unwind_VRS_Set
                0x00000000080009ec                __gnu_Unwind_Backtrace
                0x0000000008000d18                __aeabi_unwind_cpp_pr0
                0x0000000008000d1c                __aeabi_unwind_cpp_pr1
                0x0000000008000d20                __aeabi_unwind_cpp_pr2
                0x0000000008000d24                _Unwind_VRS_Pop
 .text          0x0000000008000fa8      0x1ac c:/st/stm32cubeide_1.10.0/stm32cubeide/plugins/com.st.stm32cube.ide.mcu.externaltools.gnu-tools-for-stm32.10.3-2021.10.win32_1.0.100.202210260954/tools/bin/../lib/gcc/arm-none-eabi/10.3.1/thumb/v7e-m+fp/hard\libgcc.a(libunwind.o)
                0x0000000008000fa8                __restore_core_regs
                0x0000000008000fa8                restore_core_regs
                0x0000000008000fc0                __gnu_Unwind_Restore_VFP
                0x0000000008000fc8                __gnu_Unwind_Save_VFP
                0x0000000008000fd0                __gnu_Unwind_Restore_VFP_D
                0x0000000008000fd8                __gnu_Unwind_Save_VFP_D
                0x0000000008000fe0                __gnu_Unwind_Restore_VFP_D_16_to_31
                0x0000000008000fe8                __gnu_Unwind_Save_VFP_D_16_to_31
                0x0000000008000ff0                __gnu_Unwind_Restore_WMMXD
                0x0000000008001034                __gnu_Unwind_Save_WMMXD
                0x0000000008001078                __gnu_Unwind_Restore_WMMXC
                0x000000000800108c                __gnu_Unwind_Save_WMMXC
                0x00000000080010a0                ___Unwind_RaiseException
                0x00000000080010a0                _Unwind_RaiseException
                0x00000000080010c4                _Unwind_Resume
                0x00000000080010c4                ___Unwind_Resume
                0x00000000080010e8                _Unwind_Resume_or_Rethrow
                0x00000000080010e8                ___Unwind_Resume_or_Rethrow
                0x000000000800110c                _Unwind_ForcedUnwind
                0x000000000800110c                ___Unwind_ForcedUnwind
                0x0000000008001130                ___Unwind_Backtrace
                0x0000000008001130                _Unwind_Backtrace
 .text          0x0000000008001154      0x350 c:/st/stm32cubeide_1.10.0/stm32cubeide/plugins/com.st.stm32cube.ide.mcu.externaltools.gnu-tools-for-stm32.10.3-2021.10.win32_1.0.100.202210260954/tools/bin/../lib/gcc/arm-none-eabi/10.3.1/thumb/v7e-m+fp/hard\libgcc.a(pr-support.o)
                0x00000000080011ac                __gnu_unwind_execute
                0x0000000008001458                __gnu_unwind_frame
                0x0000000008001484                _Unwind_GetRegionStart
                0x0000000008001490                _Unwind_GetLanguageSpecificData
 .text          0x00000000080014a4        0x4 c:/st/stm32cubeide_1.10.0/stm32cubeide/plugins/com.st.stm32cube.ide.mcu.externaltools.gnu-tools-for-stm32.10.3-2021.10.win32_1.0.100.202210260954/tools/bin/../lib/gcc/arm-none-eabi/10.3.1/thumb/v7e-m+fp/hard\libgcc.a(_dvmd_tls.o)
                0x00000000080014a4                __aeabi_idiv0
                0x00000000080014a4                __aeabi_ldiv0
 *(.text*)
 .text.MX_GPIO_Init
                0x00000000080014a8       0xe8 ./Core/Src/gpio.o
                0x00000000080014a8                MX_GPIO_Init
 .text._Z13checkLoraReadv
                0x0000000008001590       0xe0 ./Core/Src/main.o
                0x0000000008001590                checkLoraRead()
 .text.main     0x0000000008001670      0x16c ./Core/Src/main.o
                0x0000000008001670                main
 .text._Z18SystemClock_Configv
                0x00000000080017dc       0x94 ./Core/Src/main.o
                0x00000000080017dc                SystemClock_Config()
 .text.Error_Handler
                0x0000000008001870        0xa ./Core/Src/main.o
                0x0000000008001870                Error_Handler
 *fill*         0x000000000800187a        0x2 
 .text.MX_SPI1_Init
                0x000000000800187c       0x7c ./Core/Src/spi.o
                0x000000000800187c                MX_SPI1_Init
 .text.HAL_SPI_MspInit
                0x00000000080018f8       0x84 ./Core/Src/spi.o
                0x00000000080018f8                HAL_SPI_MspInit
 .text.HAL_MspInit
                0x000000000800197c       0x48 ./Core/Src/stm32g4xx_hal_msp.o
                0x000000000800197c                HAL_MspInit
 .text.NMI_Handler
                0x00000000080019c4        0x6 ./Core/Src/stm32g4xx_it.o
                0x00000000080019c4                NMI_Handler
 .text.HardFault_Handler
                0x00000000080019ca        0x6 ./Core/Src/stm32g4xx_it.o
                0x00000000080019ca                HardFault_Handler
 .text.MemManage_Handler
                0x00000000080019d0        0x6 ./Core/Src/stm32g4xx_it.o
                0x00000000080019d0                MemManage_Handler
 .text.BusFault_Handler
                0x00000000080019d6        0x6 ./Core/Src/stm32g4xx_it.o
                0x00000000080019d6                BusFault_Handler
 .text.UsageFault_Handler
                0x00000000080019dc        0x6 ./Core/Src/stm32g4xx_it.o
                0x00000000080019dc                UsageFault_Handler
 .text.SVC_Handler
                0x00000000080019e2        0xe ./Core/Src/stm32g4xx_it.o
                0x00000000080019e2                SVC_Handler
 .text.DebugMon_Handler
                0x00000000080019f0        0xe ./Core/Src/stm32g4xx_it.o
                0x00000000080019f0                DebugMon_Handler
 .text.PendSV_Handler
                0x00000000080019fe        0xe ./Core/Src/stm32g4xx_it.o
                0x00000000080019fe                PendSV_Handler
 .text.SysTick_Handler
                0x0000000008001a0c        0xc ./Core/Src/stm32g4xx_it.o
                0x0000000008001a0c                SysTick_Handler
 .text._getpid  0x0000000008001a18       0x10 ./Core/Src/syscalls.o
                0x0000000008001a18                _getpid
 .text._kill    0x0000000008001a28       0x20 ./Core/Src/syscalls.o
                0x0000000008001a28                _kill
 .text._exit    0x0000000008001a48       0x14 ./Core/Src/syscalls.o
                0x0000000008001a48                _exit
 .text._sbrk    0x0000000008001a5c       0x6c ./Core/Src/sysmem.o
                0x0000000008001a5c                _sbrk
 .text.SystemInit
                0x0000000008001ac8       0x24 ./Core/Src/system_stm32g4xx.o
                0x0000000008001ac8                SystemInit
 .text.MX_USART2_UART_Init
                0x0000000008001aec       0x98 ./Core/Src/usart.o
                0x0000000008001aec                MX_USART2_UART_Init
 .text.HAL_UART_MspInit
                0x0000000008001b84       0xb0 ./Core/Src/usart.o
                0x0000000008001b84                HAL_UART_MspInit
 .text.Reset_Handler
                0x0000000008001c34       0x50 ./Core/Startup/startup_stm32g431kbtx.o
                0x0000000008001c34                Reset_Handler
 .text.Default_Handler
                0x0000000008001c84        0x2 ./Core/Startup/startup_stm32g431kbtx.o
                0x0000000008001c84                RTC_Alarm_IRQHandler
                0x0000000008001c84                EXTI2_IRQHandler
                0x0000000008001c84                TIM8_TRG_COM_IRQHandler
                0x0000000008001c84                TIM8_CC_IRQHandler
                0x0000000008001c84                TIM1_CC_IRQHandler
                0x0000000008001c84                USB_HP_IRQHandler
                0x0000000008001c84                CORDIC_IRQHandler
                0x0000000008001c84                EXTI3_IRQHandler
                0x0000000008001c84                I2C3_ER_IRQHandler
                0x0000000008001c84                EXTI0_IRQHandler
                0x0000000008001c84                I2C2_EV_IRQHandler
                0x0000000008001c84                FPU_IRQHandler
                0x0000000008001c84                FDCAN1_IT1_IRQHandler
                0x0000000008001c84                TIM1_UP_TIM16_IRQHandler
                0x0000000008001c84                ADC1_2_IRQHandler
                0x0000000008001c84                SPI1_IRQHandler
                0x0000000008001c84                TIM6_DAC_IRQHandler
                0x0000000008001c84                TIM8_UP_IRQHandler
                0x0000000008001c84                DMA2_Channel2_IRQHandler
                0x0000000008001c84                DMA1_Channel4_IRQHandler
                0x0000000008001c84                USART3_IRQHandler
                0x0000000008001c84                TIM4_IRQHandler
                0x0000000008001c84                DMA2_Channel1_IRQHandler
                0x0000000008001c84                I2C1_EV_IRQHandler
                0x0000000008001c84                DMA1_Channel6_IRQHandler
                0x0000000008001c84                UART4_IRQHandler
                0x0000000008001c84                DMA2_Channel4_IRQHandler
                0x0000000008001c84                TIM3_IRQHandler
                0x0000000008001c84                RCC_IRQHandler
                0x0000000008001c84                DMA1_Channel1_IRQHandler
                0x0000000008001c84                Default_Handler
                0x0000000008001c84                RTC_TAMP_LSECSS_IRQHandler
                0x0000000008001c84                FMAC_IRQHandler
                0x0000000008001c84                EXTI15_10_IRQHandler
                0x0000000008001c84                TIM7_IRQHandler
                0x0000000008001c84                UCPD1_IRQHandler
                0x0000000008001c84                I2C3_EV_IRQHandler
                0x0000000008001c84                EXTI9_5_IRQHandler
                0x0000000008001c84                RTC_WKUP_IRQHandler
                0x0000000008001c84                PVD_PVM_IRQHandler
                0x0000000008001c84                SPI2_IRQHandler
                0x0000000008001c84                DMA2_Channel5_IRQHandler
                0x0000000008001c84                CRS_IRQHandler
                0x0000000008001c84                DMA1_Channel5_IRQHandler
                0x0000000008001c84                USB_LP_IRQHandler
                0x0000000008001c84                EXTI4_IRQHandler
                0x0000000008001c84                RNG_IRQHandler
                0x0000000008001c84                TIM1_TRG_COM_TIM17_IRQHandler
                0x0000000008001c84                DMA1_Channel3_IRQHandler
                0x0000000008001c84                WWDG_IRQHandler
                0x0000000008001c84                LPUART1_IRQHandler
                0x0000000008001c84                DMA2_Channel6_IRQHandler
                0x0000000008001c84                FDCAN1_IT0_IRQHandler
                0x0000000008001c84                TIM2_IRQHandler
                0x0000000008001c84                COMP1_2_3_IRQHandler
                0x0000000008001c84                EXTI1_IRQHandler
                0x0000000008001c84                USART2_IRQHandler
                0x0000000008001c84                I2C2_ER_IRQHandler
                0x0000000008001c84                DMA1_Channel2_IRQHandler
                0x0000000008001c84                TIM8_BRK_IRQHandler
                0x0000000008001c84                FLASH_IRQHandler
                0x0000000008001c84                USART1_IRQHandler
                0x0000000008001c84                SPI3_IRQHandler
                0x0000000008001c84                I2C1_ER_IRQHandler
                0x0000000008001c84                LPTIM1_IRQHandler
                0x0000000008001c84                DMAMUX_OVR_IRQHandler
                0x0000000008001c84                USBWakeUp_IRQHandler
                0x0000000008001c84                SAI1_IRQHandler
                0x0000000008001c84                DMA2_Channel3_IRQHandler
                0x0000000008001c84                COMP4_IRQHandler
                0x0000000008001c84                TIM1_BRK_TIM15_IRQHandler
 .text.HAL_Init
                0x0000000008001c86       0x30 ./Drivers/STM32G4xx_HAL_Driver/Src/stm32g4xx_hal.o
                0x0000000008001c86                HAL_Init
 *fill*         0x0000000008001cb6        0x2 
 .text.HAL_InitTick
                0x0000000008001cb8       0x74 ./Drivers/STM32G4xx_HAL_Driver/Src/stm32g4xx_hal.o
                0x0000000008001cb8                HAL_InitTick
 .text.HAL_IncTick
                0x0000000008001d2c       0x24 ./Drivers/STM32G4xx_HAL_Driver/Src/stm32g4xx_hal.o
                0x0000000008001d2c                HAL_IncTick
 .text.HAL_GetTick
                0x0000000008001d50       0x18 ./Drivers/STM32G4xx_HAL_Driver/Src/stm32g4xx_hal.o
                0x0000000008001d50                HAL_GetTick
 .text.HAL_Delay
                0x0000000008001d68       0x44 ./Drivers/STM32G4xx_HAL_Driver/Src/stm32g4xx_hal.o
                0x0000000008001d68                HAL_Delay
 .text.__NVIC_SetPriorityGrouping
                0x0000000008001dac       0x48 ./Drivers/STM32G4xx_HAL_Driver/Src/stm32g4xx_hal_cortex.o
 .text.__NVIC_GetPriorityGrouping
                0x0000000008001df4       0x1c ./Drivers/STM32G4xx_HAL_Driver/Src/stm32g4xx_hal_cortex.o
 .text.__NVIC_SetPriority
                0x0000000008001e10       0x54 ./Drivers/STM32G4xx_HAL_Driver/Src/stm32g4xx_hal_cortex.o
 .text.NVIC_EncodePriority
                0x0000000008001e64       0x66 ./Drivers/STM32G4xx_HAL_Driver/Src/stm32g4xx_hal_cortex.o
 *fill*         0x0000000008001eca        0x2 
 .text.SysTick_Config
                0x0000000008001ecc       0x44 ./Drivers/STM32G4xx_HAL_Driver/Src/stm32g4xx_hal_cortex.o
 .text.HAL_NVIC_SetPriorityGrouping
                0x0000000008001f10       0x16 ./Drivers/STM32G4xx_HAL_Driver/Src/stm32g4xx_hal_cortex.o
                0x0000000008001f10                HAL_NVIC_SetPriorityGrouping
 .text.HAL_NVIC_SetPriority
                0x0000000008001f26       0x34 ./Drivers/STM32G4xx_HAL_Driver/Src/stm32g4xx_hal_cortex.o
                0x0000000008001f26                HAL_NVIC_SetPriority
 .text.HAL_SYSTICK_Config
                0x0000000008001f5a       0x18 ./Drivers/STM32G4xx_HAL_Driver/Src/stm32g4xx_hal_cortex.o
                0x0000000008001f5a                HAL_SYSTICK_Config
 *fill*         0x0000000008001f72        0x2 
 .text.HAL_GPIO_Init
                0x0000000008001f74      0x304 ./Drivers/STM32G4xx_HAL_Driver/Src/stm32g4xx_hal_gpio.o
                0x0000000008001f74                HAL_GPIO_Init
 .text.HAL_GPIO_ReadPin
                0x0000000008002278       0x30 ./Drivers/STM32G4xx_HAL_Driver/Src/stm32g4xx_hal_gpio.o
                0x0000000008002278                HAL_GPIO_ReadPin
 .text.HAL_GPIO_WritePin
                0x00000000080022a8       0x30 ./Drivers/STM32G4xx_HAL_Driver/Src/stm32g4xx_hal_gpio.o
                0x00000000080022a8                HAL_GPIO_WritePin
 .text.HAL_PWREx_ControlVoltageScaling
                0x00000000080022d8      0x148 ./Drivers/STM32G4xx_HAL_Driver/Src/stm32g4xx_hal_pwr_ex.o
                0x00000000080022d8                HAL_PWREx_ControlVoltageScaling
 .text.HAL_RCC_OscConfig
                0x0000000008002420      0x630 ./Drivers/STM32G4xx_HAL_Driver/Src/stm32g4xx_hal_rcc.o
                0x0000000008002420                HAL_RCC_OscConfig
 .text.HAL_RCC_ClockConfig
                0x0000000008002a50      0x278 ./Drivers/STM32G4xx_HAL_Driver/Src/stm32g4xx_hal_rcc.o
                0x0000000008002a50                HAL_RCC_ClockConfig
 .text.HAL_RCC_GetSysClockFreq
                0x0000000008002cc8       0xc4 ./Drivers/STM32G4xx_HAL_Driver/Src/stm32g4xx_hal_rcc.o
                0x0000000008002cc8                HAL_RCC_GetSysClockFreq
 .text.HAL_RCC_GetHCLKFreq
                0x0000000008002d8c       0x18 ./Drivers/STM32G4xx_HAL_Driver/Src/stm32g4xx_hal_rcc.o
                0x0000000008002d8c                HAL_RCC_GetHCLKFreq
 .text.HAL_RCC_GetPCLK1Freq
                0x0000000008002da4       0x2c ./Drivers/STM32G4xx_HAL_Driver/Src/stm32g4xx_hal_rcc.o
                0x0000000008002da4                HAL_RCC_GetPCLK1Freq
 .text.HAL_RCC_GetPCLK2Freq
                0x0000000008002dd0       0x2c ./Drivers/STM32G4xx_HAL_Driver/Src/stm32g4xx_hal_rcc.o
                0x0000000008002dd0                HAL_RCC_GetPCLK2Freq
 .text.RCC_GetSysClockFreqFromPLLSource
                0x0000000008002dfc       0x8c ./Drivers/STM32G4xx_HAL_Driver/Src/stm32g4xx_hal_rcc.o
 .text.HAL_RCCEx_PeriphCLKConfig
                0x0000000008002e88      0x3e0 ./Drivers/STM32G4xx_HAL_Driver/Src/stm32g4xx_hal_rcc_ex.o
                0x0000000008002e88                HAL_RCCEx_PeriphCLKConfig
 .text.HAL_SPI_Init
                0x0000000008003268      0x156 ./Drivers/STM32G4xx_HAL_Driver/Src/stm32g4xx_hal_spi.o
                0x0000000008003268                HAL_SPI_Init
 .text.HAL_SPI_Transmit
                0x00000000080033be      0x2dc ./Drivers/STM32G4xx_HAL_Driver/Src/stm32g4xx_hal_spi.o
                0x00000000080033be                HAL_SPI_Transmit
 .text.HAL_SPI_TransmitReceive
                0x000000000800369a      0x426 ./Drivers/STM32G4xx_HAL_Driver/Src/stm32g4xx_hal_spi.o
                0x000000000800369a                HAL_SPI_TransmitReceive
 .text.SPI_WaitFlagStateUntilTimeout
                0x0000000008003ac0      0x110 ./Drivers/STM32G4xx_HAL_Driver/Src/stm32g4xx_hal_spi.o
 .text.SPI_WaitFifoStateUntilTimeout
                0x0000000008003bd0      0x12c ./Drivers/STM32G4xx_HAL_Driver/Src/stm32g4xx_hal_spi.o
 .text.SPI_EndRxTxTransaction
                0x0000000008003cfc       0x8c ./Drivers/STM32G4xx_HAL_Driver/Src/stm32g4xx_hal_spi.o
 .text.HAL_UART_Init
                0x0000000008003d88       0xa0 ./Drivers/STM32G4xx_HAL_Driver/Src/stm32g4xx_hal_uart.o
                0x0000000008003d88                HAL_UART_Init
 .text.HAL_UART_Transmit
                0x0000000008003e28      0x12c ./Drivers/STM32G4xx_HAL_Driver/Src/stm32g4xx_hal_uart.o
                0x0000000008003e28                HAL_UART_Transmit
 .text.UART_SetConfig
                0x0000000008003f54      0x598 ./Drivers/STM32G4xx_HAL_Driver/Src/stm32g4xx_hal_uart.o
                0x0000000008003f54                UART_SetConfig
 .text.UART_AdvFeatureConfig
                0x00000000080044ec      0x144 ./Drivers/STM32G4xx_HAL_Driver/Src/stm32g4xx_hal_uart.o
                0x00000000080044ec                UART_AdvFeatureConfig
 .text.UART_CheckIdleState
                0x0000000008004630       0x96 ./Drivers/STM32G4xx_HAL_Driver/Src/stm32g4xx_hal_uart.o
                0x0000000008004630                UART_CheckIdleState
 .text.UART_WaitOnFlagUntilTimeout
                0x00000000080046c6      0x190 ./Drivers/STM32G4xx_HAL_Driver/Src/stm32g4xx_hal_uart.o
                0x00000000080046c6                UART_WaitOnFlagUntilTimeout
 .text.HAL_UARTEx_DisableFifoMode
                0x0000000008004856       0x72 ./Drivers/STM32G4xx_HAL_Driver/Src/stm32g4xx_hal_uart_ex.o
                0x0000000008004856                HAL_UARTEx_DisableFifoMode
 .text.HAL_UARTEx_SetTxFifoThreshold
                0x00000000080048c8       0x7c ./Drivers/STM32G4xx_HAL_Driver/Src/stm32g4xx_hal_uart_ex.o
                0x00000000080048c8                HAL_UARTEx_SetTxFifoThreshold
 .text.HAL_UARTEx_SetRxFifoThreshold
                0x0000000008004944       0x7c ./Drivers/STM32G4xx_HAL_Driver/Src/stm32g4xx_hal_uart_ex.o
                0x0000000008004944                HAL_UARTEx_SetRxFifoThreshold
 .text.UARTEx_SetNbDataToProcess
                0x00000000080049c0       0x9c ./Drivers/STM32G4xx_HAL_Driver/Src/stm32g4xx_hal_uart_ex.o
 .text._ZN9LoRaClassC2Ev
                0x0000000008004a5c       0x68 ./RA01/ra01.o
                0x0000000008004a5c                LoRaClass::LoRaClass()
                0x0000000008004a5c                LoRaClass::LoRaClass()
 .text._ZN9LoRaClass5beginEl
                0x0000000008004ac4       0x90 ./RA01/ra01.o
                0x0000000008004ac4                LoRaClass::begin(long)
 .text._ZN9LoRaClass11parsePacketEi
                0x0000000008004b54       0xe0 ./RA01/ra01.o
                0x0000000008004b54                LoRaClass::parsePacket(int)
 .text._ZN9LoRaClass5writeEh
                0x0000000008004c34       0x26 ./RA01/ra01.o
                0x0000000008004c34                LoRaClass::write(unsigned char)
 .text._ZN9LoRaClass5writeEPKhj
                0x0000000008004c5a       0x70 ./RA01/ra01.o
                0x0000000008004c5a                LoRaClass::write(unsigned char const*, unsigned int)
 .text._ZN9LoRaClass9availableEv
                0x0000000008004cca       0x22 ./RA01/ra01.o
                0x0000000008004cca                LoRaClass::available()
 .text._ZN9LoRaClass4readEv
                0x0000000008004cec       0x46 ./RA01/ra01.o
                0x0000000008004cec                LoRaClass::read()
 .text._ZN9LoRaClass4peekEv
                0x0000000008004d32       0x5a ./RA01/ra01.o
                0x0000000008004d32                LoRaClass::peek()
 .text._ZN9LoRaClass5flushEv
                0x0000000008004d8c       0x14 ./RA01/ra01.o
                0x0000000008004d8c                LoRaClass::flush()
 .text._ZN9LoRaClass4idleEv
                0x0000000008004da0       0x1a ./RA01/ra01.o
                0x0000000008004da0                LoRaClass::idle()
 .text._ZN9LoRaClass5sleepEv
                0x0000000008004dba       0x1a ./RA01/ra01.o
                0x0000000008004dba                LoRaClass::sleep()
 .text._ZN9LoRaClass10setTxPowerEii
                0x0000000008004dd4       0xaa ./RA01/ra01.o
                0x0000000008004dd4                LoRaClass::setTxPower(int, int)
 *fill*         0x0000000008004e7e        0x2 
 .text._ZN9LoRaClass12setFrequencyEl
                0x0000000008004e80       0x8c ./RA01/ra01.o
                0x0000000008004e80                LoRaClass::setFrequency(long)
 .text._ZN9LoRaClass18getSpreadingFactorEv
                0x0000000008004f0c       0x1e ./RA01/ra01.o
                0x0000000008004f0c                LoRaClass::getSpreadingFactor()
 .text._ZN9LoRaClass18setSpreadingFactorEi
                0x0000000008004f2a       0x86 ./RA01/ra01.o
                0x0000000008004f2a                LoRaClass::setSpreadingFactor(int)
 .text._ZN9LoRaClass18getSignalBandwidthEv
                0x0000000008004fb0       0x9c ./RA01/ra01.o
                0x0000000008004fb0                LoRaClass::getSignalBandwidth()
 .text._ZN9LoRaClass18setSignalBandwidthEl
                0x000000000800504c       0xd8 ./RA01/ra01.o
                0x000000000800504c                LoRaClass::setSignalBandwidth(long)
 .text._ZN9LoRaClass10setLdoFlagEv
                0x0000000008005124       0x70 ./RA01/ra01.o
                0x0000000008005124                LoRaClass::setLdoFlag()
 .text._ZN9LoRaClass14setCodingRate4Ei
                0x0000000008005194       0x56 ./RA01/ra01.o
                0x0000000008005194                LoRaClass::setCodingRate4(int)
 *fill*         0x00000000080051ea        0x2 
 .text._ZN9LoRaClass6setOCPEh
                0x00000000080051ec       0x68 ./RA01/ra01.o
                0x00000000080051ec                LoRaClass::setOCP(unsigned char)
 .text._ZN9LoRaClass6setSPIEP19__SPI_HandleTypeDefP12GPIO_TypeDeftS3_t
                0x0000000008005254       0x44 ./RA01/ra01.o
                0x0000000008005254                LoRaClass::setSPI(__SPI_HandleTypeDef*, GPIO_TypeDef*, unsigned short, GPIO_TypeDef*, unsigned short)
 .text._ZN9LoRaClass18explicitHeaderModeEv
                0x0000000008005298       0x30 ./RA01/ra01.o
                0x0000000008005298                LoRaClass::explicitHeaderMode()
 .text._ZN9LoRaClass18implicitHeaderModeEv
                0x00000000080052c8       0x30 ./RA01/ra01.o
                0x00000000080052c8                LoRaClass::implicitHeaderMode()
 .text._ZN9LoRaClass13checkBusyLineEv
                0x00000000080052f8       0x32 ./RA01/ra01.o
                0x00000000080052f8                LoRaClass::checkBusyLine()
 *fill*         0x000000000800532a        0x2 
 .text._ZN9LoRaClass13writeRegisterEhh
                0x000000000800532c       0x74 ./RA01/ra01.o
                0x000000000800532c                LoRaClass::writeRegister(unsigned char, unsigned char)
 .text._ZN9LoRaClass12readRegisterEh
                0x00000000080053a0       0x7c ./RA01/ra01.o
                0x00000000080053a0                LoRaClass::readRegister(unsigned char)
 .text._Z41__static_initialization_and_destruction_0ii
                0x000000000800541c       0x2c ./RA01/ra01.o
 .text._GLOBAL__sub_I__ZN9LoRaClassC2Ev
                0x0000000008005448       0x10 ./RA01/ra01.o
 .text.__errno  0x0000000008005458        0xc c:/st/stm32cubeide_1.10.0/stm32cubeide/plugins/com.st.stm32cube.ide.mcu.externaltools.gnu-tools-for-stm32.10.3-2021.10.win32_1.0.100.202210260954/tools/bin/../lib/gcc/arm-none-eabi/10.3.1/../../../../arm-none-eabi/lib/thumb/v7e-m+fp/hard\libc_nano.a(lib_a-errno.o)
                0x0000000008005458                __errno
 .text.__libc_init_array
                0x0000000008005464       0x48 c:/st/stm32cubeide_1.10.0/stm32cubeide/plugins/com.st.stm32cube.ide.mcu.externaltools.gnu-tools-for-stm32.10.3-2021.10.win32_1.0.100.202210260954/tools/bin/../lib/gcc/arm-none-eabi/10.3.1/../../../../arm-none-eabi/lib/thumb/v7e-m+fp/hard\libc_nano.a(lib_a-init.o)
                0x0000000008005464                __libc_init_array
 .text.memset   0x00000000080054ac       0x10 c:/st/stm32cubeide_1.10.0/stm32cubeide/plugins/com.st.stm32cube.ide.mcu.externaltools.gnu-tools-for-stm32.10.3-2021.10.win32_1.0.100.202210260954/tools/bin/../lib/gcc/arm-none-eabi/10.3.1/../../../../arm-none-eabi/lib/thumb/v7e-m+fp/hard\libc_nano.a(lib_a-memset.o)
                0x00000000080054ac                memset
 .text.sprintf  0x00000000080054bc       0x40 c:/st/stm32cubeide_1.10.0/stm32cubeide/plugins/com.st.stm32cube.ide.mcu.externaltools.gnu-tools-for-stm32.10.3-2021.10.win32_1.0.100.202210260954/tools/bin/../lib/gcc/arm-none-eabi/10.3.1/../../../../arm-none-eabi/lib/thumb/v7e-m+fp/hard\libc_nano.a(lib_a-sprintf.o)
                0x00000000080054bc                siprintf
                0x00000000080054bc                sprintf
 .text.__ssputs_r
                0x00000000080054fc       0xb6 c:/st/stm32cubeide_1.10.0/stm32cubeide/plugins/com.st.stm32cube.ide.mcu.externaltools.gnu-tools-for-stm32.10.3-2021.10.win32_1.0.100.202210260954/tools/bin/../lib/gcc/arm-none-eabi/10.3.1/../../../../arm-none-eabi/lib/thumb/v7e-m+fp/hard\libc_nano.a(lib_a-nano-svfprintf.o)
                0x00000000080054fc                __ssputs_r
 *fill*         0x00000000080055b2        0x2 
 .text._svfprintf_r
                0x00000000080055b4      0x200 c:/st/stm32cubeide_1.10.0/stm32cubeide/plugins/com.st.stm32cube.ide.mcu.externaltools.gnu-tools-for-stm32.10.3-2021.10.win32_1.0.100.202210260954/tools/bin/../lib/gcc/arm-none-eabi/10.3.1/../../../../arm-none-eabi/lib/thumb/v7e-m+fp/hard\libc_nano.a(lib_a-nano-svfprintf.o)
                0x00000000080055b4                _svfiprintf_r
                0x00000000080055b4                _svfprintf_r
 .text._printf_common
                0x00000000080057b4       0xda c:/st/stm32cubeide_1.10.0/stm32cubeide/plugins/com.st.stm32cube.ide.mcu.externaltools.gnu-tools-for-stm32.10.3-2021.10.win32_1.0.100.202210260954/tools/bin/../lib/gcc/arm-none-eabi/10.3.1/../../../../arm-none-eabi/lib/thumb/v7e-m+fp/hard\libc_nano.a(lib_a-nano-vfprintf_i.o)
                0x00000000080057b4                _printf_common
 *fill*         0x000000000800588e        0x2 
 .text._printf_i
                0x0000000008005890      0x24c c:/st/stm32cubeide_1.10.0/stm32cubeide/plugins/com.st.stm32cube.ide.mcu.externaltools.gnu-tools-for-stm32.10.3-2021.10.win32_1.0.100.202210260954/tools/bin/../lib/gcc/arm-none-eabi/10.3.1/../../../../arm-none-eabi/lib/thumb/v7e-m+fp/hard\libc_nano.a(lib_a-nano-vfprintf_i.o)
                0x0000000008005890                _printf_i
 .text.memcpy   0x0000000008005adc       0x1c c:/st/stm32cubeide_1.10.0/stm32cubeide/plugins/com.st.stm32cube.ide.mcu.externaltools.gnu-tools-for-stm32.10.3-2021.10.win32_1.0.100.202210260954/tools/bin/../lib/gcc/arm-none-eabi/10.3.1/../../../../arm-none-eabi/lib/thumb/v7e-m+fp/hard\libc_nano.a(lib_a-memcpy-stub.o)
                0x0000000008005adc                memcpy
 .text.memmove  0x0000000008005af8       0x34 c:/st/stm32cubeide_1.10.0/stm32cubeide/plugins/com.st.stm32cube.ide.mcu.externaltools.gnu-tools-for-stm32.10.3-2021.10.win32_1.0.100.202210260954/tools/bin/../lib/gcc/arm-none-eabi/10.3.1/../../../../arm-none-eabi/lib/thumb/v7e-m+fp/hard\libc_nano.a(lib_a-memmove.o)
                0x0000000008005af8                memmove
 .text._free_r  0x0000000008005b2c       0x98 c:/st/stm32cubeide_1.10.0/stm32cubeide/plugins/com.st.stm32cube.ide.mcu.externaltools.gnu-tools-for-stm32.10.3-2021.10.win32_1.0.100.202210260954/tools/bin/../lib/gcc/arm-none-eabi/10.3.1/../../../../arm-none-eabi/lib/thumb/v7e-m+fp/hard\libc_nano.a(lib_a-nano-freer.o)
                0x0000000008005b2c                _free_r
 .text.sbrk_aligned
                0x0000000008005bc4       0x40 c:/st/stm32cubeide_1.10.0/stm32cubeide/plugins/com.st.stm32cube.ide.mcu.externaltools.gnu-tools-for-stm32.10.3-2021.10.win32_1.0.100.202210260954/tools/bin/../lib/gcc/arm-none-eabi/10.3.1/../../../../arm-none-eabi/lib/thumb/v7e-m+fp/hard\libc_nano.a(lib_a-nano-mallocr.o)
 .text._malloc_r
                0x0000000008005c04       0xe8 c:/st/stm32cubeide_1.10.0/stm32cubeide/plugins/com.st.stm32cube.ide.mcu.externaltools.gnu-tools-for-stm32.10.3-2021.10.win32_1.0.100.202210260954/tools/bin/../lib/gcc/arm-none-eabi/10.3.1/../../../../arm-none-eabi/lib/thumb/v7e-m+fp/hard\libc_nano.a(lib_a-nano-mallocr.o)
                0x0000000008005c04                _malloc_r
 .text._realloc_r
                0x0000000008005cec       0x5e c:/st/stm32cubeide_1.10.0/stm32cubeide/plugins/com.st.stm32cube.ide.mcu.externaltools.gnu-tools-for-stm32.10.3-2021.10.win32_1.0.100.202210260954/tools/bin/../lib/gcc/arm-none-eabi/10.3.1/../../../../arm-none-eabi/lib/thumb/v7e-m+fp/hard\libc_nano.a(lib_a-nano-reallocr.o)
                0x0000000008005cec                _realloc_r
 *fill*         0x0000000008005d4a        0x2 
 .text._sbrk_r  0x0000000008005d4c       0x20 c:/st/stm32cubeide_1.10.0/stm32cubeide/plugins/com.st.stm32cube.ide.mcu.externaltools.gnu-tools-for-stm32.10.3-2021.10.win32_1.0.100.202210260954/tools/bin/../lib/gcc/arm-none-eabi/10.3.1/../../../../arm-none-eabi/lib/thumb/v7e-m+fp/hard\libc_nano.a(lib_a-sbrkr.o)
                0x0000000008005d4c                _sbrk_r
 .text.__malloc_lock
                0x0000000008005d6c        0xc c:/st/stm32cubeide_1.10.0/stm32cubeide/plugins/com.st.stm32cube.ide.mcu.externaltools.gnu-tools-for-stm32.10.3-2021.10.win32_1.0.100.202210260954/tools/bin/../lib/gcc/arm-none-eabi/10.3.1/../../../../arm-none-eabi/lib/thumb/v7e-m+fp/hard\libc_nano.a(lib_a-mlock.o)
                0x0000000008005d6c                __malloc_lock
 .text.__malloc_unlock
                0x0000000008005d78        0xc c:/st/stm32cubeide_1.10.0/stm32cubeide/plugins/com.st.stm32cube.ide.mcu.externaltools.gnu-tools-for-stm32.10.3-2021.10.win32_1.0.100.202210260954/tools/bin/../lib/gcc/arm-none-eabi/10.3.1/../../../../arm-none-eabi/lib/thumb/v7e-m+fp/hard\libc_nano.a(lib_a-mlock.o)
                0x0000000008005d78                __malloc_unlock
 .text._malloc_usable_size_r
                0x0000000008005d84       0x10 c:/st/stm32cubeide_1.10.0/stm32cubeide/plugins/com.st.stm32cube.ide.mcu.externaltools.gnu-tools-for-stm32.10.3-2021.10.win32_1.0.100.202210260954/tools/bin/../lib/gcc/arm-none-eabi/10.3.1/../../../../arm-none-eabi/lib/thumb/v7e-m+fp/hard\libc_nano.a(lib_a-nano-msizer.o)
                0x0000000008005d84                _malloc_usable_size_r
 .text.__retarget_lock_acquire_recursive
                0x0000000008005d94        0x2 c:/st/stm32cubeide_1.10.0/stm32cubeide/plugins/com.st.stm32cube.ide.mcu.externaltools.gnu-tools-for-stm32.10.3-2021.10.win32_1.0.100.202210260954/tools/bin/../lib/gcc/arm-none-eabi/10.3.1/../../../../arm-none-eabi/lib/thumb/v7e-m+fp/hard\libc_nano.a(lib_a-lock.o)
                0x0000000008005d94                __retarget_lock_acquire_recursive
 .text.__retarget_lock_release_recursive
                0x0000000008005d96        0x2 c:/st/stm32cubeide_1.10.0/stm32cubeide/plugins/com.st.stm32cube.ide.mcu.externaltools.gnu-tools-for-stm32.10.3-2021.10.win32_1.0.100.202210260954/tools/bin/../lib/gcc/arm-none-eabi/10.3.1/../../../../arm-none-eabi/lib/thumb/v7e-m+fp/hard\libc_nano.a(lib_a-lock.o)
                0x0000000008005d96                __retarget_lock_release_recursive
 .text.abort    0x0000000008005d98        0xe c:/st/stm32cubeide_1.10.0/stm32cubeide/plugins/com.st.stm32cube.ide.mcu.externaltools.gnu-tools-for-stm32.10.3-2021.10.win32_1.0.100.202210260954/tools/bin/../lib/gcc/arm-none-eabi/10.3.1/../../../../arm-none-eabi/lib/thumb/v7e-m+fp/hard\libc_nano.a(lib_a-abort.o)
                0x0000000008005d98                abort
 .text._raise_r
                0x0000000008005da6       0x50 c:/st/stm32cubeide_1.10.0/stm32cubeide/plugins/com.st.stm32cube.ide.mcu.externaltools.gnu-tools-for-stm32.10.3-2021.10.win32_1.0.100.202210260954/tools/bin/../lib/gcc/arm-none-eabi/10.3.1/../../../../arm-none-eabi/lib/thumb/v7e-m+fp/hard\libc_nano.a(lib_a-signal.o)
                0x0000000008005da6                _raise_r
 *fill*         0x0000000008005df6        0x2 
 .text.raise    0x0000000008005df8       0x10 c:/st/stm32cubeide_1.10.0/stm32cubeide/plugins/com.st.stm32cube.ide.mcu.externaltools.gnu-tools-for-stm32.10.3-2021.10.win32_1.0.100.202210260954/tools/bin/../lib/gcc/arm-none-eabi/10.3.1/../../../../arm-none-eabi/lib/thumb/v7e-m+fp/hard\libc_nano.a(lib_a-signal.o)
                0x0000000008005df8                raise
 .text._kill_r  0x0000000008005e08       0x24 c:/st/stm32cubeide_1.10.0/stm32cubeide/plugins/com.st.stm32cube.ide.mcu.externaltools.gnu-tools-for-stm32.10.3-2021.10.win32_1.0.100.202210260954/tools/bin/../lib/gcc/arm-none-eabi/10.3.1/../../../../arm-none-eabi/lib/thumb/v7e-m+fp/hard\libc_nano.a(lib_a-signalr.o)
                0x0000000008005e08                _kill_r
 .text._getpid_r
                0x0000000008005e2c        0x4 c:/st/stm32cubeide_1.10.0/stm32cubeide/plugins/com.st.stm32cube.ide.mcu.externaltools.gnu-tools-for-stm32.10.3-2021.10.win32_1.0.100.202210260954/tools/bin/../lib/gcc/arm-none-eabi/10.3.1/../../../../arm-none-eabi/lib/thumb/v7e-m+fp/hard\libc_nano.a(lib_a-signalr.o)
                0x0000000008005e2c                _getpid_r
 *(.glue_7)
 .glue_7        0x0000000008005e30        0x0 linker stubs
 *(.glue_7t)
 .glue_7t       0x0000000008005e30        0x0 linker stubs
 *(.eh_frame)
 .eh_frame      0x0000000008005e30        0x0 c:/st/stm32cubeide_1.10.0/stm32cubeide/plugins/com.st.stm32cube.ide.mcu.externaltools.gnu-tools-for-stm32.10.3-2021.10.win32_1.0.100.202210260954/tools/bin/../lib/gcc/arm-none-eabi/10.3.1/thumb/v7e-m+fp/hard/crtbegin.o
 *(.init)
 .init          0x0000000008005e30        0x4 c:/st/stm32cubeide_1.10.0/stm32cubeide/plugins/com.st.stm32cube.ide.mcu.externaltools.gnu-tools-for-stm32.10.3-2021.10.win32_1.0.100.202210260954/tools/bin/../lib/gcc/arm-none-eabi/10.3.1/thumb/v7e-m+fp/hard/crti.o
                0x0000000008005e30                _init
 .init          0x0000000008005e34        0x8 c:/st/stm32cubeide_1.10.0/stm32cubeide/plugins/com.st.stm32cube.ide.mcu.externaltools.gnu-tools-for-stm32.10.3-2021.10.win32_1.0.100.202210260954/tools/bin/../lib/gcc/arm-none-eabi/10.3.1/thumb/v7e-m+fp/hard/crtn.o
 *(.fini)
 .fini          0x0000000008005e3c        0x4 c:/st/stm32cubeide_1.10.0/stm32cubeide/plugins/com.st.stm32cube.ide.mcu.externaltools.gnu-tools-for-stm32.10.3-2021.10.win32_1.0.100.202210260954/tools/bin/../lib/gcc/arm-none-eabi/10.3.1/thumb/v7e-m+fp/hard/crti.o
                0x0000000008005e3c                _fini
 .fini          0x0000000008005e40        0x8 c:/st/stm32cubeide_1.10.0/stm32cubeide/plugins/com.st.stm32cube.ide.mcu.externaltools.gnu-tools-for-stm32.10.3-2021.10.win32_1.0.100.202210260954/tools/bin/../lib/gcc/arm-none-eabi/10.3.1/thumb/v7e-m+fp/hard/crtn.o
                0x0000000008005e48                . = ALIGN (0x4)
                0x0000000008005e48                _etext = .

.vfp11_veneer   0x0000000008005e48        0x0
 .vfp11_veneer  0x0000000008005e48        0x0 linker stubs

.v4_bx          0x0000000008005e48        0x0
 .v4_bx         0x0000000008005e48        0x0 linker stubs

.iplt           0x0000000008005e48        0x0
 .iplt          0x0000000008005e48        0x0 c:/st/stm32cubeide_1.10.0/stm32cubeide/plugins/com.st.stm32cube.ide.mcu.externaltools.gnu-tools-for-stm32.10.3-2021.10.win32_1.0.100.202210260954/tools/bin/../lib/gcc/arm-none-eabi/10.3.1/thumb/v7e-m+fp/hard/crtbegin.o

.rodata         0x0000000008005e48      0x110
                0x0000000008005e48                . = ALIGN (0x4)
 *(.rodata)
 .rodata        0x0000000008005e48       0x73 ./Core/Src/main.o
 *fill*         0x0000000008005ebb        0x1 
 .rodata        0x0000000008005ebc        0x5 ./RA01/ra01.o
 *(.rodata*)
 *fill*         0x0000000008005ec1        0x3 
 .rodata.AHBPrescTable
                0x0000000008005ec4       0x10 ./Core/Src/system_stm32g4xx.o
                0x0000000008005ec4                AHBPrescTable
 .rodata.APBPrescTable
                0x0000000008005ed4        0x8 ./Core/Src/system_stm32g4xx.o
                0x0000000008005ed4                APBPrescTable
 .rodata.UARTPrescTable
                0x0000000008005edc       0x18 ./Drivers/STM32G4xx_HAL_Driver/Src/stm32g4xx_hal_uart.o
                0x0000000008005edc                UARTPrescTable
 .rodata.numerator.1
                0x0000000008005ef4        0x8 ./Drivers/STM32G4xx_HAL_Driver/Src/stm32g4xx_hal_uart_ex.o
 .rodata.denominator.0
                0x0000000008005efc        0x8 ./Drivers/STM32G4xx_HAL_Driver/Src/stm32g4xx_hal_uart_ex.o
 .rodata._ZTV9LoRaClass
                0x0000000008005f04       0x20 ./RA01/ra01.o
                0x0000000008005f04                vtable for LoRaClass
 .rodata._svfprintf_r.str1.1
                0x0000000008005f24       0x11 c:/st/stm32cubeide_1.10.0/stm32cubeide/plugins/com.st.stm32cube.ide.mcu.externaltools.gnu-tools-for-stm32.10.3-2021.10.win32_1.0.100.202210260954/tools/bin/../lib/gcc/arm-none-eabi/10.3.1/../../../../arm-none-eabi/lib/thumb/v7e-m+fp/hard\libc_nano.a(lib_a-nano-svfprintf.o)
 .rodata._printf_i.str1.1
                0x0000000008005f35       0x22 c:/st/stm32cubeide_1.10.0/stm32cubeide/plugins/com.st.stm32cube.ide.mcu.externaltools.gnu-tools-for-stm32.10.3-2021.10.win32_1.0.100.202210260954/tools/bin/../lib/gcc/arm-none-eabi/10.3.1/../../../../arm-none-eabi/lib/thumb/v7e-m+fp/hard\libc_nano.a(lib_a-nano-vfprintf_i.o)
                0x0000000008005f58                . = ALIGN (0x4)
 *fill*         0x0000000008005f57        0x1 

.ARM.extab      0x0000000008005f58       0x3c
                0x0000000008005f58                . = ALIGN (0x4)
 *(.ARM.extab* .gnu.linkonce.armextab.*)
 .ARM.extab.text._Z13checkLoraReadv
                0x0000000008005f58        0xc ./Core/Src/main.o
 .ARM.extab.text.main
                0x0000000008005f64        0xc ./Core/Src/main.o
 .ARM.extab.text._Z18SystemClock_Configv
                0x0000000008005f70        0xc ./Core/Src/main.o
 .ARM.extab     0x0000000008005f7c       0x18 c:/st/stm32cubeide_1.10.0/stm32cubeide/plugins/com.st.stm32cube.ide.mcu.externaltools.gnu-tools-for-stm32.10.3-2021.10.win32_1.0.100.202210260954/tools/bin/../lib/gcc/arm-none-eabi/10.3.1/thumb/v7e-m+fp/hard\libgcc.a(pr-support.o)
                0x0000000008005f94                . = ALIGN (0x4)

.ARM            0x0000000008005f94       0xd8
                0x0000000008005f94                . = ALIGN (0x4)
                0x0000000008005f94                __exidx_start = .
 *(.ARM.exidx*)
 .ARM.exidx.text._Z13checkLoraReadv
                0x000000000800604c        0x8 ./Core/Src/main.o
 .ARM.exidx.text.main
                0x0000000008006054        0x8 ./Core/Src/main.o
 .ARM.exidx.text._Z18SystemClock_Configv
                0x000000000800605c        0x8 ./Core/Src/main.o
 .ARM.exidx.text.Error_Handler
                0x0000000008006064        0x8 ./Core/Src/main.o
 .ARM.exidx     0x0000000008005f94        0x8 c:/st/stm32cubeide_1.10.0/stm32cubeide/plugins/com.st.stm32cube.ide.mcu.externaltools.gnu-tools-for-stm32.10.3-2021.10.win32_1.0.100.202210260954/tools/bin/../lib/gcc/arm-none-eabi/10.3.1/thumb/v7e-m+fp/hard\libgcc.a(_udivmoddi4.o)
 .ARM.exidx     0x0000000008005f9c       0x78 c:/st/stm32cubeide_1.10.0/stm32cubeide/plugins/com.st.stm32cube.ide.mcu.externaltools.gnu-tools-for-stm32.10.3-2021.10.win32_1.0.100.202210260954/tools/bin/../lib/gcc/arm-none-eabi/10.3.1/thumb/v7e-m+fp/hard\libgcc.a(unwind-arm.o)
                                         0xd8 (size before relaxing)
 .ARM.exidx     0x0000000008006014       0x38 c:/st/stm32cubeide_1.10.0/stm32cubeide/plugins/com.st.stm32cube.ide.mcu.externaltools.gnu-tools-for-stm32.10.3-2021.10.win32_1.0.100.202210260954/tools/bin/../lib/gcc/arm-none-eabi/10.3.1/thumb/v7e-m+fp/hard\libgcc.a(pr-support.o)
                0x000000000800606c                __exidx_end = .
                0x000000000800606c                . = ALIGN (0x4)

.rel.dyn        0x000000000800606c        0x0
 .rel.iplt      0x000000000800606c        0x0 c:/st/stm32cubeide_1.10.0/stm32cubeide/plugins/com.st.stm32cube.ide.mcu.externaltools.gnu-tools-for-stm32.10.3-2021.10.win32_1.0.100.202210260954/tools/bin/../lib/gcc/arm-none-eabi/10.3.1/thumb/v7e-m+fp/hard/crtbegin.o

.preinit_array  0x000000000800606c        0x0
                0x000000000800606c                . = ALIGN (0x4)
                0x000000000800606c                PROVIDE (__preinit_array_start = .)
 *(.preinit_array*)
                0x000000000800606c                PROVIDE (__preinit_array_end = .)
                0x000000000800606c                . = ALIGN (0x4)

.init_array     0x000000000800606c        0x8
                0x000000000800606c                . = ALIGN (0x4)
                0x000000000800606c                PROVIDE (__init_array_start = .)
 *(SORT_BY_NAME(.init_array.*))
 *(.init_array*)
 .init_array    0x000000000800606c        0x4 c:/st/stm32cubeide_1.10.0/stm32cubeide/plugins/com.st.stm32cube.ide.mcu.externaltools.gnu-tools-for-stm32.10.3-2021.10.win32_1.0.100.202210260954/tools/bin/../lib/gcc/arm-none-eabi/10.3.1/thumb/v7e-m+fp/hard/crtbegin.o
 .init_array    0x0000000008006070        0x4 ./RA01/ra01.o
                0x0000000008006074                PROVIDE (__init_array_end = .)
                0x0000000008006074                . = ALIGN (0x4)

.fini_array     0x0000000008006074        0x4
                0x0000000008006074                . = ALIGN (0x4)
                [!provide]                        PROVIDE (__fini_array_start = .)
 *(SORT_BY_NAME(.fini_array.*))
 *(.fini_array*)
 .fini_array    0x0000000008006074        0x4 c:/st/stm32cubeide_1.10.0/stm32cubeide/plugins/com.st.stm32cube.ide.mcu.externaltools.gnu-tools-for-stm32.10.3-2021.10.win32_1.0.100.202210260954/tools/bin/../lib/gcc/arm-none-eabi/10.3.1/thumb/v7e-m+fp/hard/crtbegin.o
                [!provide]                        PROVIDE (__fini_array_end = .)
                0x0000000008006078                . = ALIGN (0x4)
                0x0000000008006078                _sidata = LOADADDR (.data)

.data           0x0000000020000000       0x70 load address 0x0000000008006078
                0x0000000020000000                . = ALIGN (0x4)
                0x0000000020000000                _sdata = .
 *(.data)
 *(.data*)
 .data.SystemCoreClock
                0x0000000020000000        0x4 ./Core/Src/system_stm32g4xx.o
                0x0000000020000000                SystemCoreClock
 .data.uwTickPrio
                0x0000000020000004        0x4 ./Drivers/STM32G4xx_HAL_Driver/Src/stm32g4xx_hal.o
                0x0000000020000004                uwTickPrio
 .data.uwTickFreq
                0x0000000020000008        0x4 ./Drivers/STM32G4xx_HAL_Driver/Src/stm32g4xx_hal.o
                0x0000000020000008                uwTickFreq
 .data._impure_ptr
                0x000000002000000c        0x4 c:/st/stm32cubeide_1.10.0/stm32cubeide/plugins/com.st.stm32cube.ide.mcu.externaltools.gnu-tools-for-stm32.10.3-2021.10.win32_1.0.100.202210260954/tools/bin/../lib/gcc/arm-none-eabi/10.3.1/../../../../arm-none-eabi/lib/thumb/v7e-m+fp/hard\libc_nano.a(lib_a-impure.o)
                0x000000002000000c                _impure_ptr
 .data.impure_data
                0x0000000020000010       0x60 c:/st/stm32cubeide_1.10.0/stm32cubeide/plugins/com.st.stm32cube.ide.mcu.externaltools.gnu-tools-for-stm32.10.3-2021.10.win32_1.0.100.202210260954/tools/bin/../lib/gcc/arm-none-eabi/10.3.1/../../../../arm-none-eabi/lib/thumb/v7e-m+fp/hard\libc_nano.a(lib_a-impure.o)
 *(.RamFunc)
 *(.RamFunc*)
                0x0000000020000070                . = ALIGN (0x4)
                0x0000000020000070                _edata = .

.igot.plt       0x0000000020000070        0x0 load address 0x00000000080060e8
 .igot.plt      0x0000000020000070        0x0 c:/st/stm32cubeide_1.10.0/stm32cubeide/plugins/com.st.stm32cube.ide.mcu.externaltools.gnu-tools-for-stm32.10.3-2021.10.win32_1.0.100.202210260954/tools/bin/../lib/gcc/arm-none-eabi/10.3.1/thumb/v7e-m+fp/hard/crtbegin.o
                0x0000000020000070                . = ALIGN (0x4)

.bss            0x0000000020000070      0x180 load address 0x00000000080060e8
                0x0000000020000070                _sbss = .
                0x0000000020000070                __bss_start__ = _sbss
 *(.bss)
 .bss           0x0000000020000070       0x1c c:/st/stm32cubeide_1.10.0/stm32cubeide/plugins/com.st.stm32cube.ide.mcu.externaltools.gnu-tools-for-stm32.10.3-2021.10.win32_1.0.100.202210260954/tools/bin/../lib/gcc/arm-none-eabi/10.3.1/thumb/v7e-m+fp/hard/crtbegin.o
 *(.bss*)
 .bss.uartBuf   0x000000002000008c       0x20 ./Core/Src/main.o
                0x000000002000008c                uartBuf
 .bss.uartBufLen
                0x00000000200000ac        0x1 ./Core/Src/main.o
                0x00000000200000ac                uartBufLen
 *fill*         0x00000000200000ad        0x3 
 .bss.hspi1     0x00000000200000b0       0x64 ./Core/Src/spi.o
                0x00000000200000b0                hspi1
 .bss.__sbrk_heap_end
                0x0000000020000114        0x4 ./Core/Src/sysmem.o
 .bss.huart2    0x0000000020000118       0x90 ./Core/Src/usart.o
                0x0000000020000118                huart2
 .bss.uwTick    0x00000000200001a8        0x4 ./Drivers/STM32G4xx_HAL_Driver/Src/stm32g4xx_hal.o
                0x00000000200001a8                uwTick
 .bss.LoRa      0x00000000200001ac       0x34 ./RA01/ra01.o
                0x00000000200001ac                LoRa
 .bss.__malloc_free_list
                0x00000000200001e0        0x4 c:/st/stm32cubeide_1.10.0/stm32cubeide/plugins/com.st.stm32cube.ide.mcu.externaltools.gnu-tools-for-stm32.10.3-2021.10.win32_1.0.100.202210260954/tools/bin/../lib/gcc/arm-none-eabi/10.3.1/../../../../arm-none-eabi/lib/thumb/v7e-m+fp/hard\libc_nano.a(lib_a-nano-mallocr.o)
                0x00000000200001e0                __malloc_free_list
 .bss.__malloc_sbrk_start
                0x00000000200001e4        0x4 c:/st/stm32cubeide_1.10.0/stm32cubeide/plugins/com.st.stm32cube.ide.mcu.externaltools.gnu-tools-for-stm32.10.3-2021.10.win32_1.0.100.202210260954/tools/bin/../lib/gcc/arm-none-eabi/10.3.1/../../../../arm-none-eabi/lib/thumb/v7e-m+fp/hard\libc_nano.a(lib_a-nano-mallocr.o)
                0x00000000200001e4                __malloc_sbrk_start
 .bss.errno     0x00000000200001e8        0x4 c:/st/stm32cubeide_1.10.0/stm32cubeide/plugins/com.st.stm32cube.ide.mcu.externaltools.gnu-tools-for-stm32.10.3-2021.10.win32_1.0.100.202210260954/tools/bin/../lib/gcc/arm-none-eabi/10.3.1/../../../../arm-none-eabi/lib/thumb/v7e-m+fp/hard\libc_nano.a(lib_a-reent.o)
                0x00000000200001e8                errno
 .bss.__lock___malloc_recursive_mutex
                0x00000000200001ec        0x1 c:/st/stm32cubeide_1.10.0/stm32cubeide/plugins/com.st.stm32cube.ide.mcu.externaltools.gnu-tools-for-stm32.10.3-2021.10.win32_1.0.100.202210260954/tools/bin/../lib/gcc/arm-none-eabi/10.3.1/../../../../arm-none-eabi/lib/thumb/v7e-m+fp/hard\libc_nano.a(lib_a-lock.o)
                0x00000000200001ec                __lock___malloc_recursive_mutex
 *(COMMON)
                0x00000000200001f0                . = ALIGN (0x4)
 *fill*         0x00000000200001ed        0x3 
                0x00000000200001f0                _ebss = .
                0x00000000200001f0                __bss_end__ = _ebss

._user_heap_stack
                0x00000000200001f0      0x600 load address 0x00000000080060e8
                0x00000000200001f0                . = ALIGN (0x8)
                [!provide]                        PROVIDE (end = .)
                0x00000000200001f0                PROVIDE (_end = .)
                0x00000000200003f0                . = (. + _Min_Heap_Size)
 *fill*         0x00000000200001f0      0x200 
                0x00000000200007f0                . = (. + _Min_Stack_Size)
 *fill*         0x00000000200003f0      0x400 
                0x00000000200007f0                . = ALIGN (0x8)

/DISCARD/
 libc.a(*)
 libm.a(*)
 libgcc.a(*)

.ARM.attributes
                0x0000000000000000       0x30
 *(.ARM.attributes)
 .ARM.attributes
                0x0000000000000000       0x1e c:/st/stm32cubeide_1.10.0/stm32cubeide/plugins/com.st.stm32cube.ide.mcu.externaltools.gnu-tools-for-stm32.10.3-2021.10.win32_1.0.100.202210260954/tools/bin/../lib/gcc/arm-none-eabi/10.3.1/thumb/v7e-m+fp/hard/crti.o
 .ARM.attributes
                0x000000000000001e       0x34 c:/st/stm32cubeide_1.10.0/stm32cubeide/plugins/com.st.stm32cube.ide.mcu.externaltools.gnu-tools-for-stm32.10.3-2021.10.win32_1.0.100.202210260954/tools/bin/../lib/gcc/arm-none-eabi/10.3.1/thumb/v7e-m+fp/hard/crtbegin.o
 .ARM.attributes
                0x0000000000000052       0x34 ./Core/Src/gpio.o
 .ARM.attributes
                0x0000000000000086       0x34 ./Core/Src/main.o
 .ARM.attributes
                0x00000000000000ba       0x34 ./Core/Src/spi.o
 .ARM.attributes
                0x00000000000000ee       0x34 ./Core/Src/stm32g4xx_hal_msp.o
 .ARM.attributes
                0x0000000000000122       0x34 ./Core/Src/stm32g4xx_it.o
 .ARM.attributes
                0x0000000000000156       0x34 ./Core/Src/syscalls.o
 .ARM.attributes
                0x000000000000018a       0x34 ./Core/Src/sysmem.o
 .ARM.attributes
                0x00000000000001be       0x34 ./Core/Src/system_stm32g4xx.o
 .ARM.attributes
                0x00000000000001f2       0x34 ./Core/Src/usart.o
 .ARM.attributes
                0x0000000000000226       0x21 ./Core/Startup/startup_stm32g431kbtx.o
 .ARM.attributes
                0x0000000000000247       0x34 ./Drivers/STM32G4xx_HAL_Driver/Src/stm32g4xx_hal.o
 .ARM.attributes
                0x000000000000027b       0x34 ./Drivers/STM32G4xx_HAL_Driver/Src/stm32g4xx_hal_cortex.o
 .ARM.attributes
                0x00000000000002af       0x34 ./Drivers/STM32G4xx_HAL_Driver/Src/stm32g4xx_hal_gpio.o
 .ARM.attributes
                0x00000000000002e3       0x34 ./Drivers/STM32G4xx_HAL_Driver/Src/stm32g4xx_hal_pwr_ex.o
 .ARM.attributes
                0x0000000000000317       0x34 ./Drivers/STM32G4xx_HAL_Driver/Src/stm32g4xx_hal_rcc.o
 .ARM.attributes
                0x000000000000034b       0x34 ./Drivers/STM32G4xx_HAL_Driver/Src/stm32g4xx_hal_rcc_ex.o
 .ARM.attributes
                0x000000000000037f       0x34 ./Drivers/STM32G4xx_HAL_Driver/Src/stm32g4xx_hal_spi.o
 .ARM.attributes
                0x00000000000003b3       0x34 ./Drivers/STM32G4xx_HAL_Driver/Src/stm32g4xx_hal_uart.o
 .ARM.attributes
                0x00000000000003e7       0x34 ./Drivers/STM32G4xx_HAL_Driver/Src/stm32g4xx_hal_uart_ex.o
 .ARM.attributes
                0x000000000000041b       0x34 ./RA01/ra01.o
 .ARM.attributes
                0x000000000000044f       0x34 c:/st/stm32cubeide_1.10.0/stm32cubeide/plugins/com.st.stm32cube.ide.mcu.externaltools.gnu-tools-for-stm32.10.3-2021.10.win32_1.0.100.202210260954/tools/bin/../lib/gcc/arm-none-eabi/10.3.1/../../../../arm-none-eabi/lib/thumb/v7e-m+fp/hard\libc_nano.a(lib_a-errno.o)
 .ARM.attributes
                0x0000000000000483       0x34 c:/st/stm32cubeide_1.10.0/stm32cubeide/plugins/com.st.stm32cube.ide.mcu.externaltools.gnu-tools-for-stm32.10.3-2021.10.win32_1.0.100.202210260954/tools/bin/../lib/gcc/arm-none-eabi/10.3.1/../../../../arm-none-eabi/lib/thumb/v7e-m+fp/hard\libc_nano.a(lib_a-impure.o)
 .ARM.attributes
                0x00000000000004b7       0x34 c:/st/stm32cubeide_1.10.0/stm32cubeide/plugins/com.st.stm32cube.ide.mcu.externaltools.gnu-tools-for-stm32.10.3-2021.10.win32_1.0.100.202210260954/tools/bin/../lib/gcc/arm-none-eabi/10.3.1/../../../../arm-none-eabi/lib/thumb/v7e-m+fp/hard\libc_nano.a(lib_a-init.o)
 .ARM.attributes
                0x00000000000004eb       0x34 c:/st/stm32cubeide_1.10.0/stm32cubeide/plugins/com.st.stm32cube.ide.mcu.externaltools.gnu-tools-for-stm32.10.3-2021.10.win32_1.0.100.202210260954/tools/bin/../lib/gcc/arm-none-eabi/10.3.1/../../../../arm-none-eabi/lib/thumb/v7e-m+fp/hard\libc_nano.a(lib_a-memset.o)
 .ARM.attributes
                0x000000000000051f       0x34 c:/st/stm32cubeide_1.10.0/stm32cubeide/plugins/com.st.stm32cube.ide.mcu.externaltools.gnu-tools-for-stm32.10.3-2021.10.win32_1.0.100.202210260954/tools/bin/../lib/gcc/arm-none-eabi/10.3.1/../../../../arm-none-eabi/lib/thumb/v7e-m+fp/hard\libc_nano.a(lib_a-sprintf.o)
 .ARM.attributes
                0x0000000000000553       0x17 c:/st/stm32cubeide_1.10.0/stm32cubeide/plugins/com.st.stm32cube.ide.mcu.externaltools.gnu-tools-for-stm32.10.3-2021.10.win32_1.0.100.202210260954/tools/bin/../lib/gcc/arm-none-eabi/10.3.1/../../../../arm-none-eabi/lib/thumb/v7e-m+fp/hard\libc_nano.a(lib_a-strlen.o)
 .ARM.attributes
                0x000000000000056a       0x34 c:/st/stm32cubeide_1.10.0/stm32cubeide/plugins/com.st.stm32cube.ide.mcu.externaltools.gnu-tools-for-stm32.10.3-2021.10.win32_1.0.100.202210260954/tools/bin/../lib/gcc/arm-none-eabi/10.3.1/../../../../arm-none-eabi/lib/thumb/v7e-m+fp/hard\libc_nano.a(lib_a-nano-svfprintf.o)
 .ARM.attributes
                0x000000000000059e       0x34 c:/st/stm32cubeide_1.10.0/stm32cubeide/plugins/com.st.stm32cube.ide.mcu.externaltools.gnu-tools-for-stm32.10.3-2021.10.win32_1.0.100.202210260954/tools/bin/../lib/gcc/arm-none-eabi/10.3.1/../../../../arm-none-eabi/lib/thumb/v7e-m+fp/hard\libc_nano.a(lib_a-nano-vfprintf_i.o)
 .ARM.attributes
                0x00000000000005d2       0x1c c:/st/stm32cubeide_1.10.0/stm32cubeide/plugins/com.st.stm32cube.ide.mcu.externaltools.gnu-tools-for-stm32.10.3-2021.10.win32_1.0.100.202210260954/tools/bin/../lib/gcc/arm-none-eabi/10.3.1/../../../../arm-none-eabi/lib/thumb/v7e-m+fp/hard\libc_nano.a(lib_a-memchr.o)
 .ARM.attributes
                0x00000000000005ee       0x34 c:/st/stm32cubeide_1.10.0/stm32cubeide/plugins/com.st.stm32cube.ide.mcu.externaltools.gnu-tools-for-stm32.10.3-2021.10.win32_1.0.100.202210260954/tools/bin/../lib/gcc/arm-none-eabi/10.3.1/../../../../arm-none-eabi/lib/thumb/v7e-m+fp/hard\libc_nano.a(lib_a-memcpy-stub.o)
 .ARM.attributes
                0x0000000000000622       0x34 c:/st/stm32cubeide_1.10.0/stm32cubeide/plugins/com.st.stm32cube.ide.mcu.externaltools.gnu-tools-for-stm32.10.3-2021.10.win32_1.0.100.202210260954/tools/bin/../lib/gcc/arm-none-eabi/10.3.1/../../../../arm-none-eabi/lib/thumb/v7e-m+fp/hard\libc_nano.a(lib_a-memmove.o)
 .ARM.attributes
                0x0000000000000656       0x34 c:/st/stm32cubeide_1.10.0/stm32cubeide/plugins/com.st.stm32cube.ide.mcu.externaltools.gnu-tools-for-stm32.10.3-2021.10.win32_1.0.100.202210260954/tools/bin/../lib/gcc/arm-none-eabi/10.3.1/../../../../arm-none-eabi/lib/thumb/v7e-m+fp/hard\libc_nano.a(lib_a-nano-freer.o)
 .ARM.attributes
                0x000000000000068a       0x34 c:/st/stm32cubeide_1.10.0/stm32cubeide/plugins/com.st.stm32cube.ide.mcu.externaltools.gnu-tools-for-stm32.10.3-2021.10.win32_1.0.100.202210260954/tools/bin/../lib/gcc/arm-none-eabi/10.3.1/../../../../arm-none-eabi/lib/thumb/v7e-m+fp/hard\libc_nano.a(lib_a-nano-mallocr.o)
 .ARM.attributes
                0x00000000000006be       0x34 c:/st/stm32cubeide_1.10.0/stm32cubeide/plugins/com.st.stm32cube.ide.mcu.externaltools.gnu-tools-for-stm32.10.3-2021.10.win32_1.0.100.202210260954/tools/bin/../lib/gcc/arm-none-eabi/10.3.1/../../../../arm-none-eabi/lib/thumb/v7e-m+fp/hard\libc_nano.a(lib_a-nano-reallocr.o)
 .ARM.attributes
                0x00000000000006f2       0x34 c:/st/stm32cubeide_1.10.0/stm32cubeide/plugins/com.st.stm32cube.ide.mcu.externaltools.gnu-tools-for-stm32.10.3-2021.10.win32_1.0.100.202210260954/tools/bin/../lib/gcc/arm-none-eabi/10.3.1/../../../../arm-none-eabi/lib/thumb/v7e-m+fp/hard\libc_nano.a(lib_a-sbrkr.o)
 .ARM.attributes
                0x0000000000000726       0x34 c:/st/stm32cubeide_1.10.0/stm32cubeide/plugins/com.st.stm32cube.ide.mcu.externaltools.gnu-tools-for-stm32.10.3-2021.10.win32_1.0.100.202210260954/tools/bin/../lib/gcc/arm-none-eabi/10.3.1/../../../../arm-none-eabi/lib/thumb/v7e-m+fp/hard\libc_nano.a(lib_a-mlock.o)
 .ARM.attributes
                0x000000000000075a       0x34 c:/st/stm32cubeide_1.10.0/stm32cubeide/plugins/com.st.stm32cube.ide.mcu.externaltools.gnu-tools-for-stm32.10.3-2021.10.win32_1.0.100.202210260954/tools/bin/../lib/gcc/arm-none-eabi/10.3.1/../../../../arm-none-eabi/lib/thumb/v7e-m+fp/hard\libc_nano.a(lib_a-nano-msizer.o)
 .ARM.attributes
                0x000000000000078e       0x34 c:/st/stm32cubeide_1.10.0/stm32cubeide/plugins/com.st.stm32cube.ide.mcu.externaltools.gnu-tools-for-stm32.10.3-2021.10.win32_1.0.100.202210260954/tools/bin/../lib/gcc/arm-none-eabi/10.3.1/../../../../arm-none-eabi/lib/thumb/v7e-m+fp/hard\libc_nano.a(lib_a-reent.o)
 .ARM.attributes
                0x00000000000007c2       0x34 c:/st/stm32cubeide_1.10.0/stm32cubeide/plugins/com.st.stm32cube.ide.mcu.externaltools.gnu-tools-for-stm32.10.3-2021.10.win32_1.0.100.202210260954/tools/bin/../lib/gcc/arm-none-eabi/10.3.1/../../../../arm-none-eabi/lib/thumb/v7e-m+fp/hard\libc_nano.a(lib_a-lock.o)
 .ARM.attributes
                0x00000000000007f6       0x1e c:/st/stm32cubeide_1.10.0/stm32cubeide/plugins/com.st.stm32cube.ide.mcu.externaltools.gnu-tools-for-stm32.10.3-2021.10.win32_1.0.100.202210260954/tools/bin/../lib/gcc/arm-none-eabi/10.3.1/thumb/v7e-m+fp/hard\libgcc.a(_aeabi_uldivmod.o)
 .ARM.attributes
                0x0000000000000814       0x34 c:/st/stm32cubeide_1.10.0/stm32cubeide/plugins/com.st.stm32cube.ide.mcu.externaltools.gnu-tools-for-stm32.10.3-2021.10.win32_1.0.100.202210260954/tools/bin/../lib/gcc/arm-none-eabi/10.3.1/thumb/v7e-m+fp/hard\libgcc.a(_udivmoddi4.o)
 .ARM.attributes
                0x0000000000000848       0x34 c:/st/stm32cubeide_1.10.0/stm32cubeide/plugins/com.st.stm32cube.ide.mcu.externaltools.gnu-tools-for-stm32.10.3-2021.10.win32_1.0.100.202210260954/tools/bin/../lib/gcc/arm-none-eabi/10.3.1/thumb/v7e-m+fp/hard\libgcc.a(unwind-arm.o)
 .ARM.attributes
                0x000000000000087c       0x1e c:/st/stm32cubeide_1.10.0/stm32cubeide/plugins/com.st.stm32cube.ide.mcu.externaltools.gnu-tools-for-stm32.10.3-2021.10.win32_1.0.100.202210260954/tools/bin/../lib/gcc/arm-none-eabi/10.3.1/thumb/v7e-m+fp/hard\libgcc.a(libunwind.o)
 .ARM.attributes
                0x000000000000089a       0x34 c:/st/stm32cubeide_1.10.0/stm32cubeide/plugins/com.st.stm32cube.ide.mcu.externaltools.gnu-tools-for-stm32.10.3-2021.10.win32_1.0.100.202210260954/tools/bin/../lib/gcc/arm-none-eabi/10.3.1/thumb/v7e-m+fp/hard\libgcc.a(pr-support.o)
 .ARM.attributes
                0x00000000000008ce       0x1e c:/st/stm32cubeide_1.10.0/stm32cubeide/plugins/com.st.stm32cube.ide.mcu.externaltools.gnu-tools-for-stm32.10.3-2021.10.win32_1.0.100.202210260954/tools/bin/../lib/gcc/arm-none-eabi/10.3.1/thumb/v7e-m+fp/hard\libgcc.a(_dvmd_tls.o)
 .ARM.attributes
                0x00000000000008ec       0x34 c:/st/stm32cubeide_1.10.0/stm32cubeide/plugins/com.st.stm32cube.ide.mcu.externaltools.gnu-tools-for-stm32.10.3-2021.10.win32_1.0.100.202210260954/tools/bin/../lib/gcc/arm-none-eabi/10.3.1/../../../../arm-none-eabi/lib/thumb/v7e-m+fp/hard\libc_nano.a(lib_a-abort.o)
 .ARM.attributes
                0x0000000000000920       0x34 c:/st/stm32cubeide_1.10.0/stm32cubeide/plugins/com.st.stm32cube.ide.mcu.externaltools.gnu-tools-for-stm32.10.3-2021.10.win32_1.0.100.202210260954/tools/bin/../lib/gcc/arm-none-eabi/10.3.1/../../../../arm-none-eabi/lib/thumb/v7e-m+fp/hard\libc_nano.a(lib_a-signal.o)
 .ARM.attributes
                0x0000000000000954       0x34 c:/st/stm32cubeide_1.10.0/stm32cubeide/plugins/com.st.stm32cube.ide.mcu.externaltools.gnu-tools-for-stm32.10.3-2021.10.win32_1.0.100.202210260954/tools/bin/../lib/gcc/arm-none-eabi/10.3.1/../../../../arm-none-eabi/lib/thumb/v7e-m+fp/hard\libc_nano.a(lib_a-signalr.o)
 .ARM.attributes
                0x0000000000000988       0x1e c:/st/stm32cubeide_1.10.0/stm32cubeide/plugins/com.st.stm32cube.ide.mcu.externaltools.gnu-tools-for-stm32.10.3-2021.10.win32_1.0.100.202210260954/tools/bin/../lib/gcc/arm-none-eabi/10.3.1/thumb/v7e-m+fp/hard/crtn.o
OUTPUT(STM32Lora.elf elf32-littlearm)
LOAD linker stubs
LOAD c:/st/stm32cubeide_1.10.0/stm32cubeide/plugins/com.st.stm32cube.ide.mcu.externaltools.gnu-tools-for-stm32.10.3-2021.10.win32_1.0.100.202210260954/tools/bin/../lib/gcc/arm-none-eabi/10.3.1/../../../../arm-none-eabi/lib/thumb/v7e-m+fp/hard\libc.a
LOAD c:/st/stm32cubeide_1.10.0/stm32cubeide/plugins/com.st.stm32cube.ide.mcu.externaltools.gnu-tools-for-stm32.10.3-2021.10.win32_1.0.100.202210260954/tools/bin/../lib/gcc/arm-none-eabi/10.3.1/../../../../arm-none-eabi/lib/thumb/v7e-m+fp/hard\libm.a
LOAD c:/st/stm32cubeide_1.10.0/stm32cubeide/plugins/com.st.stm32cube.ide.mcu.externaltools.gnu-tools-for-stm32.10.3-2021.10.win32_1.0.100.202210260954/tools/bin/../lib/gcc/arm-none-eabi/10.3.1/thumb/v7e-m+fp/hard\libgcc.a

.debug_info     0x0000000000000000    0x114be
 .debug_info    0x0000000000000000      0x4c3 ./Core/Src/gpio.o
 .debug_info    0x00000000000004c3     0x11af ./Core/Src/main.o
 .debug_info    0x0000000000001672      0xb7d ./Core/Src/spi.o
 .debug_info    0x00000000000021ef      0x324 ./Core/Src/stm32g4xx_hal_msp.o
 .debug_info    0x0000000000002513      0x122 ./Core/Src/stm32g4xx_it.o
 .debug_info    0x0000000000002635      0x6e0 ./Core/Src/syscalls.o
 .debug_info    0x0000000000002d15      0x171 ./Core/Src/sysmem.o
 .debug_info    0x0000000000002e86      0x59f ./Core/Src/system_stm32g4xx.o
 .debug_info    0x0000000000003425      0xda9 ./Core/Src/usart.o
 .debug_info    0x00000000000041ce       0x22 ./Core/Startup/startup_stm32g431kbtx.o
 .debug_info    0x00000000000041f0      0xae3 ./Drivers/STM32G4xx_HAL_Driver/Src/stm32g4xx_hal.o
 .debug_info    0x0000000000004cd3      0xdc4 ./Drivers/STM32G4xx_HAL_Driver/Src/stm32g4xx_hal_cortex.o
 .debug_info    0x0000000000005a97      0x82f ./Drivers/STM32G4xx_HAL_Driver/Src/stm32g4xx_hal_gpio.o
 .debug_info    0x00000000000062c6      0x983 ./Drivers/STM32G4xx_HAL_Driver/Src/stm32g4xx_hal_pwr_ex.o
 .debug_info    0x0000000000006c49      0xc53 ./Drivers/STM32G4xx_HAL_Driver/Src/stm32g4xx_hal_rcc.o
 .debug_info    0x000000000000789c      0xcfe ./Drivers/STM32G4xx_HAL_Driver/Src/stm32g4xx_hal_rcc_ex.o
 .debug_info    0x000000000000859a     0x18b8 ./Drivers/STM32G4xx_HAL_Driver/Src/stm32g4xx_hal_spi.o
 .debug_info    0x0000000000009e52     0x4936 ./Drivers/STM32G4xx_HAL_Driver/Src/stm32g4xx_hal_uart.o
 .debug_info    0x000000000000e788     0x1031 ./Drivers/STM32G4xx_HAL_Driver/Src/stm32g4xx_hal_uart_ex.o
 .debug_info    0x000000000000f7b9     0x1d05 ./RA01/ra01.o

.debug_abbrev   0x0000000000000000     0x276b
 .debug_abbrev  0x0000000000000000      0x146 ./Core/Src/gpio.o
 .debug_abbrev  0x0000000000000146      0x2fd ./Core/Src/main.o
 .debug_abbrev  0x0000000000000443      0x1e0 ./Core/Src/spi.o
 .debug_abbrev  0x0000000000000623       0xc2 ./Core/Src/stm32g4xx_hal_msp.o
 .debug_abbrev  0x00000000000006e5       0x74 ./Core/Src/stm32g4xx_it.o
 .debug_abbrev  0x0000000000000759      0x1b3 ./Core/Src/syscalls.o
 .debug_abbrev  0x000000000000090c       0xbb ./Core/Src/sysmem.o
 .debug_abbrev  0x00000000000009c7      0x116 ./Core/Src/system_stm32g4xx.o
 .debug_abbrev  0x0000000000000add      0x1fe ./Core/Src/usart.o
 .debug_abbrev  0x0000000000000cdb       0x12 ./Core/Startup/startup_stm32g431kbtx.o
 .debug_abbrev  0x0000000000000ced      0x269 ./Drivers/STM32G4xx_HAL_Driver/Src/stm32g4xx_hal.o
 .debug_abbrev  0x0000000000000f56      0x30d ./Drivers/STM32G4xx_HAL_Driver/Src/stm32g4xx_hal_cortex.o
 .debug_abbrev  0x0000000000001263      0x1bb ./Drivers/STM32G4xx_HAL_Driver/Src/stm32g4xx_hal_gpio.o
 .debug_abbrev  0x000000000000141e      0x229 ./Drivers/STM32G4xx_HAL_Driver/Src/stm32g4xx_hal_pwr_ex.o
 .debug_abbrev  0x0000000000001647      0x2bd ./Drivers/STM32G4xx_HAL_Driver/Src/stm32g4xx_hal_rcc.o
 .debug_abbrev  0x0000000000001904      0x247 ./Drivers/STM32G4xx_HAL_Driver/Src/stm32g4xx_hal_rcc_ex.o
 .debug_abbrev  0x0000000000001b4b      0x254 ./Drivers/STM32G4xx_HAL_Driver/Src/stm32g4xx_hal_spi.o
 .debug_abbrev  0x0000000000001d9f      0x2f0 ./Drivers/STM32G4xx_HAL_Driver/Src/stm32g4xx_hal_uart.o
 .debug_abbrev  0x000000000000208f      0x2bd ./Drivers/STM32G4xx_HAL_Driver/Src/stm32g4xx_hal_uart_ex.o
 .debug_abbrev  0x000000000000234c      0x41f ./RA01/ra01.o

.debug_aranges  0x0000000000000000      0xde8
 .debug_aranges
                0x0000000000000000       0x20 ./Core/Src/gpio.o
 .debug_aranges
                0x0000000000000020       0x40 ./Core/Src/main.o
 .debug_aranges
                0x0000000000000060       0x30 ./Core/Src/spi.o
 .debug_aranges
                0x0000000000000090       0x20 ./Core/Src/stm32g4xx_hal_msp.o
 .debug_aranges
                0x00000000000000b0       0x60 ./Core/Src/stm32g4xx_it.o
 .debug_aranges
                0x0000000000000110       0xa8 ./Core/Src/syscalls.o
 .debug_aranges
                0x00000000000001b8       0x20 ./Core/Src/sysmem.o
 .debug_aranges
                0x00000000000001d8       0x28 ./Core/Src/system_stm32g4xx.o
 .debug_aranges
                0x0000000000000200       0x30 ./Core/Src/usart.o
 .debug_aranges
                0x0000000000000230       0x28 ./Core/Startup/startup_stm32g431kbtx.o
 .debug_aranges
                0x0000000000000258      0x130 ./Drivers/STM32G4xx_HAL_Driver/Src/stm32g4xx_hal.o
 .debug_aranges
                0x0000000000000388      0x118 ./Drivers/STM32G4xx_HAL_Driver/Src/stm32g4xx_hal_cortex.o
 .debug_aranges
                0x00000000000004a0       0x58 ./Drivers/STM32G4xx_HAL_Driver/Src/stm32g4xx_hal_gpio.o
 .debug_aranges
                0x00000000000004f8      0x140 ./Drivers/STM32G4xx_HAL_Driver/Src/stm32g4xx_hal_pwr_ex.o
 .debug_aranges
                0x0000000000000638       0x98 ./Drivers/STM32G4xx_HAL_Driver/Src/stm32g4xx_hal_rcc.o
 .debug_aranges
                0x00000000000006d0       0xb0 ./Drivers/STM32G4xx_HAL_Driver/Src/stm32g4xx_hal_rcc_ex.o
 .debug_aranges
                0x0000000000000780      0x1d8 ./Drivers/STM32G4xx_HAL_Driver/Src/stm32g4xx_hal_spi.o
 .debug_aranges
                0x0000000000000958      0x248 ./Drivers/STM32G4xx_HAL_Driver/Src/stm32g4xx_hal_uart.o
 .debug_aranges
                0x0000000000000ba0       0xa0 ./Drivers/STM32G4xx_HAL_Driver/Src/stm32g4xx_hal_uart_ex.o
 .debug_aranges
                0x0000000000000c40      0x1a8 ./RA01/ra01.o

.debug_ranges   0x0000000000000000      0xce0
 .debug_ranges  0x0000000000000000       0x10 ./Core/Src/gpio.o
 .debug_ranges  0x0000000000000010       0x30 ./Core/Src/main.o
 .debug_ranges  0x0000000000000040       0x20 ./Core/Src/spi.o
 .debug_ranges  0x0000000000000060       0x10 ./Core/Src/stm32g4xx_hal_msp.o
 .debug_ranges  0x0000000000000070       0x50 ./Core/Src/stm32g4xx_it.o
 .debug_ranges  0x00000000000000c0       0x98 ./Core/Src/syscalls.o
 .debug_ranges  0x0000000000000158       0x10 ./Core/Src/sysmem.o
 .debug_ranges  0x0000000000000168       0x18 ./Core/Src/system_stm32g4xx.o
 .debug_ranges  0x0000000000000180       0x20 ./Core/Src/usart.o
 .debug_ranges  0x00000000000001a0       0x20 ./Core/Startup/startup_stm32g431kbtx.o
 .debug_ranges  0x00000000000001c0      0x120 ./Drivers/STM32G4xx_HAL_Driver/Src/stm32g4xx_hal.o
 .debug_ranges  0x00000000000002e0      0x108 ./Drivers/STM32G4xx_HAL_Driver/Src/stm32g4xx_hal_cortex.o
 .debug_ranges  0x00000000000003e8       0x48 ./Drivers/STM32G4xx_HAL_Driver/Src/stm32g4xx_hal_gpio.o
 .debug_ranges  0x0000000000000430      0x130 ./Drivers/STM32G4xx_HAL_Driver/Src/stm32g4xx_hal_pwr_ex.o
 .debug_ranges  0x0000000000000560       0x88 ./Drivers/STM32G4xx_HAL_Driver/Src/stm32g4xx_hal_rcc.o
 .debug_ranges  0x00000000000005e8       0xa0 ./Drivers/STM32G4xx_HAL_Driver/Src/stm32g4xx_hal_rcc_ex.o
 .debug_ranges  0x0000000000000688      0x1c8 ./Drivers/STM32G4xx_HAL_Driver/Src/stm32g4xx_hal_spi.o
 .debug_ranges  0x0000000000000850      0x268 ./Drivers/STM32G4xx_HAL_Driver/Src/stm32g4xx_hal_uart.o
 .debug_ranges  0x0000000000000ab8       0x90 ./Drivers/STM32G4xx_HAL_Driver/Src/stm32g4xx_hal_uart_ex.o
 .debug_ranges  0x0000000000000b48      0x198 ./RA01/ra01.o

.debug_macro    0x0000000000000000    0x21a10
 .debug_macro   0x0000000000000000      0x1e8 ./Core/Src/gpio.o
 .debug_macro   0x00000000000001e8      0xa78 ./Core/Src/gpio.o
 .debug_macro   0x0000000000000c60      0x15b ./Core/Src/gpio.o
 .debug_macro   0x0000000000000dbb       0x2e ./Core/Src/gpio.o
 .debug_macro   0x0000000000000de9       0x28 ./Core/Src/gpio.o
 .debug_macro   0x0000000000000e11       0x22 ./Core/Src/gpio.o
 .debug_macro   0x0000000000000e33       0x8e ./Core/Src/gpio.o
 .debug_macro   0x0000000000000ec1       0x51 ./Core/Src/gpio.o
 .debug_macro   0x0000000000000f12      0x103 ./Core/Src/gpio.o
 .debug_macro   0x0000000000001015       0x6a ./Core/Src/gpio.o
 .debug_macro   0x000000000000107f      0x1df ./Core/Src/gpio.o
 .debug_macro   0x000000000000125e       0x1c ./Core/Src/gpio.o
 .debug_macro   0x000000000000127a       0x22 ./Core/Src/gpio.o
 .debug_macro   0x000000000000129c       0xfb ./Core/Src/gpio.o
 .debug_macro   0x0000000000001397     0x1011 ./Core/Src/gpio.o
 .debug_macro   0x00000000000023a8      0x11f ./Core/Src/gpio.o
 .debug_macro   0x00000000000024c7    0x11396 ./Core/Src/gpio.o
 .debug_macro   0x000000000001385d       0x6d ./Core/Src/gpio.o
 .debug_macro   0x00000000000138ca     0x3554 ./Core/Src/gpio.o
 .debug_macro   0x0000000000016e1e      0x174 ./Core/Src/gpio.o
 .debug_macro   0x0000000000016f92       0x5c ./Core/Src/gpio.o
 .debug_macro   0x0000000000016fee     0x141d ./Core/Src/gpio.o
 .debug_macro   0x000000000001840b      0x535 ./Core/Src/gpio.o
 .debug_macro   0x0000000000018940      0x1b6 ./Core/Src/gpio.o
 .debug_macro   0x0000000000018af6      0x288 ./Core/Src/gpio.o
 .debug_macro   0x0000000000018d7e      0x41d ./Core/Src/gpio.o
 .debug_macro   0x000000000001919b      0x18b ./Core/Src/gpio.o
 .debug_macro   0x0000000000019326       0x43 ./Core/Src/gpio.o
 .debug_macro   0x0000000000019369      0x23d ./Core/Src/gpio.o
 .debug_macro   0x00000000000195a6      0x211 ./Core/Src/gpio.o
 .debug_macro   0x00000000000197b7      0x401 ./Core/Src/gpio.o
 .debug_macro   0x0000000000019bb8      0x107 ./Core/Src/gpio.o
 .debug_macro   0x0000000000019cbf      0x122 ./Core/Src/gpio.o
 .debug_macro   0x0000000000019de1      0x3d1 ./Core/Src/gpio.o
 .debug_macro   0x000000000001a1b2      0x2fe ./Core/Src/gpio.o
 .debug_macro   0x000000000001a4b0      0x67e ./Core/Src/gpio.o
 .debug_macro   0x000000000001ab2e       0xa6 ./Core/Src/gpio.o
 .debug_macro   0x000000000001abd4      0x306 ./Core/Src/gpio.o
 .debug_macro   0x000000000001aeda       0x88 ./Core/Src/gpio.o
 .debug_macro   0x000000000001af62      0x39d ./Core/Src/main.o
 .debug_macro   0x000000000001b2ff      0xb68 ./Core/Src/main.o
 .debug_macro   0x000000000001be67       0x1c ./Core/Src/main.o
 .debug_macro   0x000000000001be83     0x1011 ./Core/Src/main.o
 .debug_macro   0x000000000001ce94      0x17b ./Core/Src/main.o
 .debug_macro   0x000000000001d00f      0x13c ./Core/Src/main.o
 .debug_macro   0x000000000001d14b       0x52 ./Core/Src/main.o
 .debug_macro   0x000000000001d19d       0x1e ./Core/Src/main.o
 .debug_macro   0x000000000001d1bb       0x3c ./Core/Src/main.o
 .debug_macro   0x000000000001d1f7       0x34 ./Core/Src/main.o
 .debug_macro   0x000000000001d22b       0x16 ./Core/Src/main.o
 .debug_macro   0x000000000001d241       0x43 ./Core/Src/main.o
 .debug_macro   0x000000000001d284       0x34 ./Core/Src/main.o
 .debug_macro   0x000000000001d2b8       0x10 ./Core/Src/main.o
 .debug_macro   0x000000000001d2c8       0x58 ./Core/Src/main.o
 .debug_macro   0x000000000001d320       0x71 ./Core/Src/main.o
 .debug_macro   0x000000000001d391       0x16 ./Core/Src/main.o
 .debug_macro   0x000000000001d3a7      0x12a ./Core/Src/main.o
 .debug_macro   0x000000000001d4d1      0x364 ./Core/Src/main.o
 .debug_macro   0x000000000001d835       0x10 ./Core/Src/main.o
 .debug_macro   0x000000000001d845       0x35 ./Core/Src/main.o
 .debug_macro   0x000000000001d87a       0x20 ./Core/Src/main.o
 .debug_macro   0x000000000001d89a       0x1c ./Core/Src/main.o
 .debug_macro   0x000000000001d8b6       0x10 ./Core/Src/main.o
 .debug_macro   0x000000000001d8c6       0x10 ./Core/Src/main.o
 .debug_macro   0x000000000001d8d6       0x1c ./Core/Src/main.o
 .debug_macro   0x000000000001d8f2       0x52 ./Core/Src/main.o
 .debug_macro   0x000000000001d944       0x22 ./Core/Src/main.o
 .debug_macro   0x000000000001d966       0x10 ./Core/Src/main.o
 .debug_macro   0x000000000001d976       0x52 ./Core/Src/main.o
 .debug_macro   0x000000000001d9c8       0xd5 ./Core/Src/main.o
 .debug_macro   0x000000000001da9d       0x1c ./Core/Src/main.o
 .debug_macro   0x000000000001dab9       0x3d ./Core/Src/main.o
 .debug_macro   0x000000000001daf6       0x16 ./Core/Src/main.o
 .debug_macro   0x000000000001db0c      0x137 ./Core/Src/main.o
 .debug_macro   0x000000000001dc43      0x1e8 ./Core/Src/spi.o
 .debug_macro   0x000000000001de2b      0x1de ./Core/Src/stm32g4xx_hal_msp.o
 .debug_macro   0x000000000001e009      0x1e8 ./Core/Src/stm32g4xx_it.o
 .debug_macro   0x000000000001e1f1      0x24c ./Core/Src/syscalls.o
 .debug_macro   0x000000000001e43d       0x4c ./Core/Src/syscalls.o
 .debug_macro   0x000000000001e489       0x94 ./Core/Src/syscalls.o
 .debug_macro   0x000000000001e51d       0x34 ./Core/Src/syscalls.o
 .debug_macro   0x000000000001e551       0x57 ./Core/Src/syscalls.o
 .debug_macro   0x000000000001e5a8      0x341 ./Core/Src/syscalls.o
 .debug_macro   0x000000000001e8e9       0x43 ./Core/Src/syscalls.o
 .debug_macro   0x000000000001e92c       0x1c ./Core/Src/syscalls.o
 .debug_macro   0x000000000001e948       0x10 ./Core/Src/syscalls.o
 .debug_macro   0x000000000001e958       0x35 ./Core/Src/syscalls.o
 .debug_macro   0x000000000001e98d       0x10 ./Core/Src/syscalls.o
 .debug_macro   0x000000000001e99d       0x10 ./Core/Src/syscalls.o
 .debug_macro   0x000000000001e9ad       0x35 ./Core/Src/syscalls.o
 .debug_macro   0x000000000001e9e2      0x12c ./Core/Src/syscalls.o
 .debug_macro   0x000000000001eb0e       0x16 ./Core/Src/syscalls.o
 .debug_macro   0x000000000001eb24       0x16 ./Core/Src/syscalls.o
 .debug_macro   0x000000000001eb3a       0x29 ./Core/Src/syscalls.o
 .debug_macro   0x000000000001eb63       0x10 ./Core/Src/syscalls.o
 .debug_macro   0x000000000001eb73      0x241 ./Core/Src/syscalls.o
 .debug_macro   0x000000000001edb4       0x10 ./Core/Src/syscalls.o
 .debug_macro   0x000000000001edc4      0x145 ./Core/Src/syscalls.o
 .debug_macro   0x000000000001ef09      0x189 ./Core/Src/syscalls.o
 .debug_macro   0x000000000001f092       0x16 ./Core/Src/syscalls.o
 .debug_macro   0x000000000001f0a8       0xce ./Core/Src/syscalls.o
 .debug_macro   0x000000000001f176       0xff ./Core/Src/sysmem.o
 .debug_macro   0x000000000001f275      0x23b ./Core/Src/sysmem.o
 .debug_macro   0x000000000001f4b0      0x1cf ./Core/Src/system_stm32g4xx.o
 .debug_macro   0x000000000001f67f      0x1e8 ./Core/Src/usart.o
 .debug_macro   0x000000000001f867      0x21d ./Drivers/STM32G4xx_HAL_Driver/Src/stm32g4xx_hal.o
 .debug_macro   0x000000000001fa84      0x1cf ./Drivers/STM32G4xx_HAL_Driver/Src/stm32g4xx_hal_cortex.o
 .debug_macro   0x000000000001fc53      0x1d6 ./Drivers/STM32G4xx_HAL_Driver/Src/stm32g4xx_hal_gpio.o
 .debug_macro   0x000000000001fe29      0x1f9 ./Drivers/STM32G4xx_HAL_Driver/Src/stm32g4xx_hal_pwr_ex.o
 .debug_macro   0x0000000000020022      0x211 ./Drivers/STM32G4xx_HAL_Driver/Src/stm32g4xx_hal_rcc.o
 .debug_macro   0x0000000000020233      0x1f9 ./Drivers/STM32G4xx_HAL_Driver/Src/stm32g4xx_hal_rcc_ex.o
 .debug_macro   0x000000000002042c      0x1d7 ./Drivers/STM32G4xx_HAL_Driver/Src/stm32g4xx_hal_spi.o
 .debug_macro   0x0000000000020603      0x1fa ./Drivers/STM32G4xx_HAL_Driver/Src/stm32g4xx_hal_uart.o
 .debug_macro   0x00000000000207fd      0x1db ./Drivers/STM32G4xx_HAL_Driver/Src/stm32g4xx_hal_uart_ex.o
 .debug_macro   0x00000000000209d8      0x324 ./RA01/ra01.o
 .debug_macro   0x0000000000020cfc      0xb50 ./RA01/ra01.o
 .debug_macro   0x000000000002184c       0x8e ./RA01/ra01.o
 .debug_macro   0x00000000000218da      0x136 ./RA01/ra01.o

.debug_line     0x0000000000000000    0x108e4
 .debug_line    0x0000000000000000      0x711 ./Core/Src/gpio.o
 .debug_line    0x0000000000000711      0xa9a ./Core/Src/main.o
 .debug_line    0x00000000000011ab      0x757 ./Core/Src/spi.o
 .debug_line    0x0000000000001902      0x6de ./Core/Src/stm32g4xx_hal_msp.o
 .debug_line    0x0000000000001fe0      0x7a1 ./Core/Src/stm32g4xx_it.o
 .debug_line    0x0000000000002781      0x7f4 ./Core/Src/syscalls.o
 .debug_line    0x0000000000002f75      0x4ea ./Core/Src/sysmem.o
 .debug_line    0x000000000000345f      0x740 ./Core/Src/system_stm32g4xx.o
 .debug_line    0x0000000000003b9f      0x77d ./Core/Src/usart.o
 .debug_line    0x000000000000431c       0x89 ./Core/Startup/startup_stm32g431kbtx.o
 .debug_line    0x00000000000043a5      0xab7 ./Drivers/STM32G4xx_HAL_Driver/Src/stm32g4xx_hal.o
 .debug_line    0x0000000000004e5c      0xc6a ./Drivers/STM32G4xx_HAL_Driver/Src/stm32g4xx_hal_cortex.o
 .debug_line    0x0000000000005ac6      0xafa ./Drivers/STM32G4xx_HAL_Driver/Src/stm32g4xx_hal_gpio.o
 .debug_line    0x00000000000065c0      0xc6e ./Drivers/STM32G4xx_HAL_Driver/Src/stm32g4xx_hal_pwr_ex.o
 .debug_line    0x000000000000722e      0xecd ./Drivers/STM32G4xx_HAL_Driver/Src/stm32g4xx_hal_rcc.o
 .debug_line    0x00000000000080fb     0x1090 ./Drivers/STM32G4xx_HAL_Driver/Src/stm32g4xx_hal_rcc_ex.o
 .debug_line    0x000000000000918b     0x1f01 ./Drivers/STM32G4xx_HAL_Driver/Src/stm32g4xx_hal_spi.o
 .debug_line    0x000000000000b08c     0x3b0d ./Drivers/STM32G4xx_HAL_Driver/Src/stm32g4xx_hal_uart.o
 .debug_line    0x000000000000eb99      0xd62 ./Drivers/STM32G4xx_HAL_Driver/Src/stm32g4xx_hal_uart_ex.o
 .debug_line    0x000000000000f8fb      0xfe9 ./RA01/ra01.o

.debug_str      0x0000000000000000    0xbbc41
 .debug_str     0x0000000000000000    0xb12dd ./Core/Src/gpio.o
                                      0xb15a6 (size before relaxing)
 .debug_str     0x00000000000b12dd     0x5418 ./Core/Src/main.o
                                      0xb6865 (size before relaxing)
 .debug_str     0x00000000000b66f5       0x5b ./Core/Src/spi.o
                                      0xb1adb (size before relaxing)
 .debug_str     0x00000000000b6750       0x2c ./Core/Src/stm32g4xx_hal_msp.o
                                      0xb14db (size before relaxing)
 .debug_str     0x00000000000b677c       0xc9 ./Core/Src/stm32g4xx_it.o
                                      0xb140b (size before relaxing)
 .debug_str     0x00000000000b6845     0x187d ./Core/Src/syscalls.o
                                       0x8a6a (size before relaxing)
 .debug_str     0x00000000000b80c2       0x6b ./Core/Src/sysmem.o
                                       0x5da6 (size before relaxing)
 .debug_str     0x00000000000b812d       0xdb ./Core/Src/system_stm32g4xx.o
                                      0xb137f (size before relaxing)
 .debug_str     0x00000000000b8208      0x238 ./Core/Src/usart.o
                                      0xb1d1e (size before relaxing)
 .debug_str     0x00000000000b8440       0x36 ./Core/Startup/startup_stm32g431kbtx.o
                                         0x68 (size before relaxing)
 .debug_str     0x00000000000b8476      0xa0c ./Drivers/STM32G4xx_HAL_Driver/Src/stm32g4xx_hal.o
                                      0xb1e97 (size before relaxing)
 .debug_str     0x00000000000b8e82      0x33b ./Drivers/STM32G4xx_HAL_Driver/Src/stm32g4xx_hal_cortex.o
                                      0xb1b42 (size before relaxing)
 .debug_str     0x00000000000b91bd      0x123 ./Drivers/STM32G4xx_HAL_Driver/Src/stm32g4xx_hal_gpio.o
                                      0xb150a (size before relaxing)
 .debug_str     0x00000000000b92e0      0x4c6 ./Drivers/STM32G4xx_HAL_Driver/Src/stm32g4xx_hal_pwr_ex.o
                                      0xb186d (size before relaxing)
 .debug_str     0x00000000000b97a6      0x4d5 ./Drivers/STM32G4xx_HAL_Driver/Src/stm32g4xx_hal_rcc.o
                                      0xb1a78 (size before relaxing)
 .debug_str     0x00000000000b9c7b      0x401 ./Drivers/STM32G4xx_HAL_Driver/Src/stm32g4xx_hal_rcc_ex.o
                                      0xb1a79 (size before relaxing)
 .debug_str     0x00000000000ba07c      0x5b7 ./Drivers/STM32G4xx_HAL_Driver/Src/stm32g4xx_hal_spi.o
                                      0xb1cb7 (size before relaxing)
 .debug_str     0x00000000000ba633      0x9a7 ./Drivers/STM32G4xx_HAL_Driver/Src/stm32g4xx_hal_uart.o
                                      0xb2312 (size before relaxing)
 .debug_str     0x00000000000bafda      0x251 ./Drivers/STM32G4xx_HAL_Driver/Src/stm32g4xx_hal_uart_ex.o
                                      0xb1af6 (size before relaxing)
 .debug_str     0x00000000000bb22b      0xa16 ./RA01/ra01.o
                                      0xb2f94 (size before relaxing)

.comment        0x0000000000000000       0x50
 .comment       0x0000000000000000       0x50 ./Core/Src/gpio.o
                                         0x51 (size before relaxing)
 .comment       0x0000000000000050       0x51 ./Core/Src/main.o
 .comment       0x0000000000000050       0x51 ./Core/Src/spi.o
 .comment       0x0000000000000050       0x51 ./Core/Src/stm32g4xx_hal_msp.o
 .comment       0x0000000000000050       0x51 ./Core/Src/stm32g4xx_it.o
 .comment       0x0000000000000050       0x51 ./Core/Src/syscalls.o
 .comment       0x0000000000000050       0x51 ./Core/Src/sysmem.o
 .comment       0x0000000000000050       0x51 ./Core/Src/system_stm32g4xx.o
 .comment       0x0000000000000050       0x51 ./Core/Src/usart.o
 .comment       0x0000000000000050       0x51 ./Drivers/STM32G4xx_HAL_Driver/Src/stm32g4xx_hal.o
 .comment       0x0000000000000050       0x51 ./Drivers/STM32G4xx_HAL_Driver/Src/stm32g4xx_hal_cortex.o
 .comment       0x0000000000000050       0x51 ./Drivers/STM32G4xx_HAL_Driver/Src/stm32g4xx_hal_gpio.o
 .comment       0x0000000000000050       0x51 ./Drivers/STM32G4xx_HAL_Driver/Src/stm32g4xx_hal_pwr_ex.o
 .comment       0x0000000000000050       0x51 ./Drivers/STM32G4xx_HAL_Driver/Src/stm32g4xx_hal_rcc.o
 .comment       0x0000000000000050       0x51 ./Drivers/STM32G4xx_HAL_Driver/Src/stm32g4xx_hal_rcc_ex.o
 .comment       0x0000000000000050       0x51 ./Drivers/STM32G4xx_HAL_Driver/Src/stm32g4xx_hal_spi.o
 .comment       0x0000000000000050       0x51 ./Drivers/STM32G4xx_HAL_Driver/Src/stm32g4xx_hal_uart.o
 .comment       0x0000000000000050       0x51 ./Drivers/STM32G4xx_HAL_Driver/Src/stm32g4xx_hal_uart_ex.o
 .comment       0x0000000000000050       0x51 ./RA01/ra01.o

.debug_frame    0x0000000000000000     0x4140
 .debug_frame   0x0000000000000000       0x34 ./Core/Src/gpio.o
 .debug_frame   0x0000000000000034       0xb8 ./Core/Src/main.o
 .debug_frame   0x00000000000000ec       0x74 ./Core/Src/spi.o
 .debug_frame   0x0000000000000160       0x38 ./Core/Src/stm32g4xx_hal_msp.o
 .debug_frame   0x0000000000000198      0x104 ./Core/Src/stm32g4xx_it.o
 .debug_frame   0x000000000000029c      0x2ac ./Core/Src/syscalls.o
 .debug_frame   0x0000000000000548       0x34 ./Core/Src/sysmem.o
 .debug_frame   0x000000000000057c       0x58 ./Core/Src/system_stm32g4xx.o
 .debug_frame   0x00000000000005d4       0x74 ./Core/Src/usart.o
 .debug_frame   0x0000000000000648      0x4a0 ./Drivers/STM32G4xx_HAL_Driver/Src/stm32g4xx_hal.o
 .debug_frame   0x0000000000000ae8      0x498 ./Drivers/STM32G4xx_HAL_Driver/Src/stm32g4xx_hal_cortex.o
 .debug_frame   0x0000000000000f80      0x14c ./Drivers/STM32G4xx_HAL_Driver/Src/stm32g4xx_hal_gpio.o
 .debug_frame   0x00000000000010cc      0x4fc ./Drivers/STM32G4xx_HAL_Driver/Src/stm32g4xx_hal_pwr_ex.o