Archive member included to satisfy reference by file (symbol)

c:/st/stm32cubeide_1.10.0/stm32cubeide/plugins/com.st.stm32cube.ide.mcu.externaltools.gnu-tools-for-stm32.10.3-2021.10.win32_1.0.100.202210260954/tools/bin/../lib/gcc/arm-none-eabi/10.3.1/../../../../arm-none-eabi/lib/thumb/v7e-m+fp/hard\libc_nano.a(lib_a-errno.o)
                              ./Core/Src/syscalls.o (__errno)
c:/st/stm32cubeide_1.10.0/stm32cubeide/plugins/com.st.stm32cube.ide.mcu.externaltools.gnu-tools-for-stm32.10.3-2021.10.win32_1.0.100.202210260954/tools/bin/../lib/gcc/arm-none-eabi/10.3.1/../../../../arm-none-eabi/lib/thumb/v7e-m+fp/hard\libc_nano.a(lib_a-exit.o)
                              c:/st/stm32cubeide_1.10.0/stm32cubeide/plugins/com.st.stm32cube.ide.mcu.externaltools.gnu-tools-for-stm32.10.3-2021.10.win32_1.0.100.202210260954/tools/bin/../lib/gcc/arm-none-eabi/10.3.1/../../../../arm-none-eabi/lib/thumb/v7e-m+fp/hard/crt0.o (exit)
c:/st/stm32cubeide_1.10.0/stm32cubeide/plugins/com.st.stm32cube.ide.mcu.externaltools.gnu-tools-for-stm32.10.3-2021.10.win32_1.0.100.202210260954/tools/bin/../lib/gcc/arm-none-eabi/10.3.1/../../../../arm-none-eabi/lib/thumb/v7e-m+fp/hard\libc_nano.a(lib_a-impure.o)
                              c:/st/stm32cubeide_1.10.0/stm32cubeide/plugins/com.st.stm32cube.ide.mcu.externaltools.gnu-tools-for-stm32.10.3-2021.10.win32_1.0.100.202210260954/tools/bin/../lib/gcc/arm-none-eabi/10.3.1/../../../../arm-none-eabi/lib/thumb/v7e-m+fp/hard\libc_nano.a(lib_a-exit.o) (_global_impure_ptr)
c:/st/stm32cubeide_1.10.0/stm32cubeide/plugins/com.st.stm32cube.ide.mcu.externaltools.gnu-tools-for-stm32.10.3-2021.10.win32_1.0.100.202210260954/tools/bin/../lib/gcc/arm-none-eabi/10.3.1/../../../../arm-none-eabi/lib/thumb/v7e-m+fp/hard\libc_nano.a(lib_a-init.o)
                              c:/st/stm32cubeide_1.10.0/stm32cubeide/plugins/com.st.stm32cube.ide.mcu.externaltools.gnu-tools-for-stm32.10.3-2021.10.win32_1.0.100.202210260954/tools/bin/../lib/gcc/arm-none-eabi/10.3.1/../../../../arm-none-eabi/lib/thumb/v7e-m+fp/hard/crt0.o (__libc_init_array)
c:/st/stm32cubeide_1.10.0/stm32cubeide/plugins/com.st.stm32cube.ide.mcu.externaltools.gnu-tools-for-stm32.10.3-2021.10.win32_1.0.100.202210260954/tools/bin/../lib/gcc/arm-none-eabi/10.3.1/../../../../arm-none-eabi/lib/thumb/v7e-m+fp/hard\libc_nano.a(lib_a-memset.o)
                              c:/st/stm32cubeide_1.10.0/stm32cubeide/plugins/com.st.stm32cube.ide.mcu.externaltools.gnu-tools-for-stm32.10.3-2021.10.win32_1.0.100.202210260954/tools/bin/../lib/gcc/arm-none-eabi/10.3.1/../../../../arm-none-eabi/lib/thumb/v7e-m+fp/hard/crt0.o (memset)
c:/st/stm32cubeide_1.10.0/stm32cubeide/plugins/com.st.stm32cube.ide.mcu.externaltools.gnu-tools-for-stm32.10.3-2021.10.win32_1.0.100.202210260954/tools/bin/../lib/gcc/arm-none-eabi/10.3.1/../../../../arm-none-eabi/lib/thumb/v7e-m+fp/hard\libc_nano.a(lib_a-sprintf.o)
                              ./Core/Src/main.o (sprintf)
c:/st/stm32cubeide_1.10.0/stm32cubeide/plugins/com.st.stm32cube.ide.mcu.externaltools.gnu-tools-for-stm32.10.3-2021.10.win32_1.0.100.202210260954/tools/bin/../lib/gcc/arm-none-eabi/10.3.1/../../../../arm-none-eabi/lib/thumb/v7e-m+fp/hard\libc_nano.a(lib_a-strlen.o)
                              ./Core/Src/main.o (strlen)
c:/st/stm32cubeide_1.10.0/stm32cubeide/plugins/com.st.stm32cube.ide.mcu.externaltools.gnu-tools-for-stm32.10.3-2021.10.win32_1.0.100.202210260954/tools/bin/../lib/gcc/arm-none-eabi/10.3.1/../../../../arm-none-eabi/lib/thumb/v7e-m+fp/hard\libc_nano.a(lib_a-nano-svfprintf.o)
                              c:/st/stm32cubeide_1.10.0/stm32cubeide/plugins/com.st.stm32cube.ide.mcu.externaltools.gnu-tools-for-stm32.10.3-2021.10.win32_1.0.100.202210260954/tools/bin/../lib/gcc/arm-none-eabi/10.3.1/../../../../arm-none-eabi/lib/thumb/v7e-m+fp/hard\libc_nano.a(lib_a-sprintf.o) (_svfprintf_r)
c:/st/stm32cubeide_1.10.0/stm32cubeide/plugins/com.st.stm32cube.ide.mcu.externaltools.gnu-tools-for-stm32.10.3-2021.10.win32_1.0.100.202210260954/tools/bin/../lib/gcc/arm-none-eabi/10.3.1/../../../../arm-none-eabi/lib/thumb/v7e-m+fp/hard\libc_nano.a(lib_a-nano-vfprintf_i.o)
                              c:/st/stm32cubeide_1.10.0/stm32cubeide/plugins/com.st.stm32cube.ide.mcu.externaltools.gnu-tools-for-stm32.10.3-2021.10.win32_1.0.100.202210260954/tools/bin/../lib/gcc/arm-none-eabi/10.3.1/../../../../arm-none-eabi/lib/thumb/v7e-m+fp/hard\libc_nano.a(lib_a-nano-svfprintf.o) (_printf_i)
c:/st/stm32cubeide_1.10.0/stm32cubeide/plugins/com.st.stm32cube.ide.mcu.externaltools.gnu-tools-for-stm32.10.3-2021.10.win32_1.0.100.202210260954/tools/bin/../lib/gcc/arm-none-eabi/10.3.1/../../../../arm-none-eabi/lib/thumb/v7e-m+fp/hard\libc_nano.a(lib_a-memchr.o)
[...]
Memory Configuration

Name             Origin             Length             Attributes
RAM              0x0000000020000000 0x0000000000008000 xrw
FLASH            0x0000000008000000 0x0000000000020000 xr
*default*        0x0000000000000000 0xffffffffffffffff

Linker script and memory map

LOAD c:/st/stm32cubeide_1.10.0/stm32cubeide/plugins/com.st.stm32cube.ide.mcu.externaltools.gnu-tools-for-stm32.10.3-2021.10.win32_1.0.100.202210260954/tools/bin/../lib/gcc/arm-none-eabi/10.3.1/thumb/v7e-m+fp/hard/crti.o
LOAD c:/st/stm32cubeide_1.10.0/stm32cubeide/plugins/com.st.stm32cube.ide.mcu.externaltools.gnu-tools-for-stm32.10.3-2021.10.win32_1.0.100.202210260954/tools/bin/../lib/gcc/arm-none-eabi/10.3.1/thumb/v7e-m+fp/hard/crtbegin.o
LOAD c:/st/stm32cubeide_1.10.0/stm32cubeide/plugins/com.st.stm32cube.ide.mcu.externaltools.gnu-tools-for-stm32.10.3-2021.10.win32_1.0.100.202210260954/tools/bin/../lib/gcc/arm-none-eabi/10.3.1/../../../../arm-none-eabi/lib/thumb/v7e-m+fp/hard/crt0.o
LOAD ./Core/Src/gpio.o
LOAD ./Core/Src/main.o
LOAD ./Core/Src/spi.o
LOAD ./Core/Src/stm32g4xx_hal_msp.o
LOAD ./Core/Src/stm32g4xx_it.o
LOAD ./Core/Src/syscalls.o
LOAD ./Core/Src/sysmem.o
LOAD ./Core/Src/system_stm32g4xx.o
LOAD ./Core/Src/usart.o
LOAD ./Core/Startup/startup_stm32g431kbtx.o
LOAD ./Drivers/STM32G4xx_HAL_Driver/Src/stm32g4xx_hal.o
LOAD ./Drivers/STM32G4xx_HAL_Driver/Src/stm32g4xx_hal_cortex.o
LOAD ./Drivers/STM32G4xx_HAL_Driver/Src/stm32g4xx_hal_dma.o
LOAD ./Drivers/STM32G4xx_HAL_Driver/Src/stm32g4xx_hal_dma_ex.o
LOAD ./Drivers/STM32G4xx_HAL_Driver/Src/stm32g4xx_hal_exti.o
LOAD ./Drivers/STM32G4xx_HAL_Driver/Src/stm32g4xx_hal_flash.o
LOAD ./Drivers/STM32G4xx_HAL_Driver/Src/stm32g4xx_hal_flash_ex.o
LOAD ./Drivers/STM32G4xx_HAL_Driver/Src/stm32g4xx_hal_flash_ramfunc.o
LOAD ./Drivers/STM32G4xx_HAL_Driver/Src/stm32g4xx_hal_gpio.o
LOAD ./Drivers/STM32G4xx_HAL_Driver/Src/stm32g4xx_hal_pwr.o
LOAD ./Drivers/STM32G4xx_HAL_Driver/Src/stm32g4xx_hal_pwr_ex.o
LOAD ./Drivers/STM32G4xx_HAL_Driver/Src/stm32g4xx_hal_rcc.o
LOAD ./Drivers/STM32G4xx_HAL_Driver/Src/stm32g4xx_hal_rcc_ex.o
LOAD ./Drivers/STM32G4xx_HAL_Driver/Src/stm32g4xx_hal_spi.o
LOAD ./Drivers/STM32G4xx_HAL_Driver/Src/stm32g4xx_hal_spi_ex.o
LOAD ./Drivers/STM32G4xx_HAL_Driver/Src/stm32g4xx_hal_tim.o
LOAD ./Drivers/STM32G4xx_HAL_Driver/Src/stm32g4xx_hal_tim_ex.o
LOAD ./Drivers/STM32G4xx_HAL_Driver/Src/stm32g4xx_hal_uart.o
LOAD ./Drivers/STM32G4xx_HAL_Driver/Src/stm32g4xx_hal_uart_ex.o
LOAD ./RA01/ra01.o
START GROUP
LOAD c:/st/stm32cubeide_1.10.0/stm32cubeide/plugins/com.st.stm32cube.ide.mcu.externaltools.gnu-tools-for-stm32.10.3-2021.10.win32_1.0.100.202210260954/tools/bin/../lib/gcc/arm-none-eabi/10.3.1/../../../../arm-none-eabi/lib/thumb/v7e-m+fp/hard\libstdc++_nano.a
LOAD c:/st/stm32cubeide_1.10.0/stm32cubeide/plugins/com.st.stm32cube.ide.mcu.externaltools.gnu-tools-for-stm32.10.3-2021.10.win32_1.0.100.202210260954/tools/bin/../lib/gcc/arm-none-eabi/10.3.1/../../../../arm-none-eabi/lib/thumb/v7e-m+fp/hard\libsupc++_nano.a
END GROUP
LOAD c:/st/stm32cubeide_1.10.0/stm32cubeide/plugins/com.st.stm32cube.ide.mcu.externaltools.gnu-tools-for-stm32.10.3-2021.10.win32_1.0.100.202210260954/tools/bin/../lib/gcc/arm-none-eabi/10.3.1/../../../../arm-none-eabi/lib/thumb/v7e-m+fp/hard\libstdc++_nano.a
LOAD c:/st/stm32cubeide_1.10.0/stm32cubeide/plugins/com.st.stm32cube.ide.mcu.externaltools.gnu-tools-for-stm32.10.3-2021.10.win32_1.0.100.202210260954/tools/bin/../lib/gcc/arm-none-eabi/10.3.1/../../../../arm-none-eabi/lib/thumb/v7e-m+fp/hard\libm.a
LOAD c:/st/stm32cubeide_1.10.0/stm32cubeide/plugins/com.st.stm32cube.ide.mcu.externaltools.gnu-tools-for-stm32.10.3-2021.10.win32_1.0.100.202210260954/tools/bin/../lib/gcc/arm-none-eabi/10.3.1/../../../../arm-none-eabi/lib/thumb/v7e-m+fp/hard\libc_nano.a
START GROUP
LOAD c:/st/stm32cubeide_1.10.0/stm32cubeide/plugins/com.st.stm32cube.ide.mcu.externaltools.gnu-tools-for-stm32.10.3-2021.10.win32_1.0.100.202210260954/tools/bin/../lib/gcc/arm-none-eabi/10.3.1/thumb/v7e-m+fp/hard\libgcc.a
LOAD c:/st/stm32cubeide_1.10.0/stm32cubeide/plugins/com.st.stm32cube.ide.mcu.externaltools.gnu-tools-for-stm32.10.3-2021.10.win32_1.0.100.202210260954/tools/bin/../lib/gcc/arm-none-eabi/10.3.1/../../../../arm-none-eabi/lib/thumb/v7e-m+fp/hard\libc_nano.a
END GROUP
START GROUP
LOAD c:/st/stm32cubeide_1.10.0/stm32cubeide/plugins/com.st.stm32cube.ide.mcu.externaltools.gnu-tools-for-stm32.10.3-2021.10.win32_1.0.100.202210260954/tools/bin/../lib/gcc/arm-none-eabi/10.3.1/thumb/v7e-m+fp/hard\libgcc.a
LOAD c:/st/stm32cubeide_1.10.0/stm32cubeide/plugins/com.st.stm32cube.ide.mcu.externaltools.gnu-tools-for-stm32.10.3-2021.10.win32_1.0.100.202210260954/tools/bin/../lib/gcc/arm-none-eabi/10.3.1/../../../../arm-none-eabi/lib/thumb/v7e-m+fp/hard\libc_nano.a
LOAD c:/st/stm32cubeide_1.10.0/stm32cubeide/plugins/com.st.stm32cube.ide.mcu.externaltools.gnu-tools-for-stm32.10.3-2021.10.win32_1.0.100.202210260954/tools/bin/../lib/gcc/arm-none-eabi/10.3.1/../../../../arm-none-eabi/lib/thumb/v7e-m+fp/hard\libnosys.a
END GROUP
START GROUP
LOAD c:/st/stm32cubeide_1.10.0/stm32cubeide/plugins/com.st.stm32cube.ide.mcu.externaltools.gnu-tools-for-stm32.10.3-2021.10.win32_1.0.100.202210260954/tools/bin/../lib/gcc/arm-none-eabi/10.3.1/thumb/v7e-m+fp/hard\libgcc.a
LOAD c:/st/stm32cubeide_1.10.0/stm32cubeide/plugins/com.st.stm32cube.ide.mcu.externaltools.gnu-tools-for-stm32.10.3-2021.10.win32_1.0.100.202210260954/tools/bin/../lib/gcc/arm-none-eabi/10.3.1/../../../../arm-none-eabi/lib/thumb/v7e-m+fp/hard\libc_nano.a
LOAD c:/st/stm32cubeide_1.10.0/stm32cubeide/plugins/com.st.stm32cube.ide.mcu.externaltools.gnu-tools-for-stm32.10.3-2021.10.win32_1.0.100.202210260954/tools/bin/../lib/gcc/arm-none-eabi/10.3.1/../../../../arm-none-eabi/lib/thumb/v7e-m+fp/hard\libnosys.a
END GROUP
LOAD c:/st/stm32cubeide_1.10.0/stm32cubeide/plugins/com.st.stm32cube.ide.mcu.externaltools.gnu-tools-for-stm32.10.3-2021.10.win32_1.0.100.202210260954/tools/bin/../lib/gcc/arm-none-eabi/10.3.1/thumb/v7e-m+fp/hard/crtend.o
LOAD c:/st/stm32cubeide_1.10.0/stm32cubeide/plugins/com.st.stm32cube.ide.mcu.externaltools.gnu-tools-for-stm32.10.3-2021.10.win32_1.0.100.202210260954/tools/bin/../lib/gcc/arm-none-eabi/10.3.1/thumb/v7e-m+fp/hard/crtn.o
                0x0000000020008000                _estack = (ORIGIN (RAM) + LENGTH (RAM))
                0x0000000000000200                _Min_Heap_Size = 0x200
                0x0000000000000400                _Min_Stack_Size = 0x400

.isr_vector     0x0000000008000000      0x1d8
                0x0000000008000000                . = ALIGN (0x4)
 *(.isr_vector)
 .isr_vector    0x0000000008000000      0x1d8 ./Core/Startup/startup_stm32g431kbtx.o
                0x0000000008000000                g_pfnVectors
                0x00000000080001d8                . = ALIGN (0x4)

.text           0x00000000080001e0     0x5b64
                0x00000000080001e0                . = ALIGN (0x4)
 *(.text)
 .text          0x00000000080001e0       0x40 c:/st/stm32cubeide_1.10.0/stm32cubeide/plugins/com.st.stm32cube.ide.mcu.externaltools.gnu-tools-for-stm32.10.3-2021.10.win32_1.0.100.202210260954/tools/bin/../lib/gcc/arm-none-eabi/10.3.1/thumb/v7e-m+fp/hard/crtbegin.o
 .text          0x0000000008000220       0x10 c:/st/stm32cubeide_1.10.0/stm32cubeide/plugins/com.st.stm32cube.ide.mcu.externaltools.gnu-tools-for-stm32.10.3-2021.10.win32_1.0.100.202210260954/tools/bin/../lib/gcc/arm-none-eabi/10.3.1/../../../../arm-none-eabi/lib/thumb/v7e-m+fp/hard\libc_nano.a(lib_a-strlen.o)
                0x0000000008000220                strlen
 .text          0x0000000008000230       0xa0 c:/st/stm32cubeide_1.10.0/stm32cubeide/plugins/com.st.stm32cube.ide.mcu.externaltools.gnu-tools-for-stm32.10.3-2021.10.win32_1.0.100.202210260954/tools/bin/../lib/gcc/arm-none-eabi/10.3.1/../../../../arm-none-eabi/lib/thumb/v7e-m+fp/hard\libc_nano.a(lib_a-memchr.o)
                0x0000000008000230                memchr
 .text          0x00000000080002d0       0x30 c:/st/stm32cubeide_1.10.0/stm32cubeide/plugins/com.st.stm32cube.ide.mcu.externaltools.gnu-tools-for-stm32.10.3-2021.10.win32_1.0.100.202210260954/tools/bin/../lib/gcc/arm-none-eabi/10.3.1/thumb/v7e-m+fp/hard\libgcc.a(_aeabi_uldivmod.o)
                0x00000000080002d0                __aeabi_uldivmod
 .text          0x0000000008000300      0x2d0 c:/st/stm32cubeide_1.10.0/stm32cubeide/plugins/com.st.stm32cube.ide.mcu.externaltools.gnu-tools-for-stm32.10.3-2021.10.win32_1.0.100.202210260954/tools/bin/../lib/gcc/arm-none-eabi/10.3.1/thumb/v7e-m+fp/hard\libgcc.a(_udivmoddi4.o)
                0x0000000008000300                __udivmoddi4
 .text          0x00000000080005d0      0x9d8 c:/st/stm32cubeide_1.10.0/stm32cubeide/plugins/com.st.stm32cube.ide.mcu.externaltools.gnu-tools-for-stm32.10.3-2021.10.win32_1.0.100.202210260954/tools/bin/../lib/gcc/arm-none-eabi/10.3.1/thumb/v7e-m+fp/hard\libgcc.a(unwind-arm.o)
                0x0000000008000878                _Unwind_GetCFA
                0x000000000800087c                __gnu_Unwind_RaiseException
                0x00000000080008e4                __gnu_Unwind_ForcedUnwind
                0x00000000080008f4                __gnu_Unwind_Resume
                0x0000000008000938                __gnu_Unwind_Resume_or_Rethrow
                0x0000000008000948                _Unwind_Complete
                0x000000000800094c                _Unwind_DeleteException
                0x0000000008000958                _Unwind_VRS_Get
                0x00000000080009a4                _Unwind_VRS_Set
                0x00000000080009ec                __gnu_Unwind_Backtrace
                0x0000000008000d18                __aeabi_unwind_cpp_pr0
                0x0000000008000d1c                __aeabi_unwind_cpp_pr1
                0x0000000008000d20                __aeabi_unwind_cpp_pr2
                0x0000000008000d24                _Unwind_VRS_Pop
 .text          0x0000000008000fa8      0x1ac c:/st/stm32cubeide_1.10.0/stm32cubeide/plugins/com.st.stm32cube.ide.mcu.externaltools.gnu-tools-for-stm32.10.3-2021.10.win32_1.0.100.202210260954/tools/bin/../lib/gcc/arm-none-eabi/10.3.1/thumb/v7e-m+fp/hard\libgcc.a(libunwind.o)
                0x0000000008000fa8                __restore_core_regs
                0x0000000008000fa8                restore_core_regs
                0x0000000008000fc0                __gnu_Unwind_Restore_VFP
                0x0000000008000fc8                __gnu_Unwind_Save_VFP
                0x0000000008000fd0                __gnu_Unwind_Restore_VFP_D
                0x0000000008000fd8                __gnu_Unwind_Save_VFP_D
                0x0000000008000fe0                __gnu_Unwind_Restore_VFP_D_16_to_31
                0x0000000008000fe8                __gnu_Unwind_Save_VFP_D_16_to_31
                0x0000000008000ff0                __gnu_Unwind_Restore_WMMXD
                0x0000000008001034                __gnu_Unwind_Save_WMMXD
                0x0000000008001078                __gnu_Unwind_Restore_WMMXC
                0x000000000800108c                __gnu_Unwind_Save_WMMXC
                0x00000000080010a0                ___Unwind_RaiseException
                0x00000000080010a0                _Unwind_RaiseException
                0x00000000080010c4                _Unwind_Resume
                0x00000000080010c4                ___Unwind_Resume
                0x00000000080010e8                _Unwind_Resume_or_Rethrow
                0x00000000080010e8                ___Unwind_Resume_or_Rethrow
                0x000000000800110c                _Unwind_ForcedUnwind
                0x000000000800110c                ___Unwind_ForcedUnwind
                0x0000000008001130                ___Unwind_Backtrace
                0x0000000008001130                _Unwind_Backtrace
 .text          0x0000000008001154      0x350 c:/st/stm32cubeide_1.10.0/stm32cubeide/plugins/com.st.stm32cube.ide.mcu.externaltools.gnu-tools-for-stm32.10.3-2021.10.win32_1.0.100.202210260954/tools/bin/../lib/gcc/arm-none-eabi/10.3.1/thumb/v7e-m+fp/hard\libgcc.a(pr-support.o)
                0x00000000080011ac                __gnu_unwind_execute
                0x0000000008001458                __gnu_unwind_frame
                0x0000000008001484                _Unwind_GetRegionStart
                0x0000000008001490                _Unwind_GetLanguageSpecificData
 .text          0x00000000080014a4        0x4 c:/st/stm32cubeide_1.10.0/stm32cubeide/plugins/com.st.stm32cube.ide.mcu.externaltools.gnu-tools-for-stm32.10.3-2021.10.win32_1.0.100.202210260954/tools/bin/../lib/gcc/arm-none-eabi/10.3.1/thumb/v7e-m+fp/hard\libgcc.a(_dvmd_tls.o)
                0x00000000080014a4                __aeabi_idiv0
                0x00000000080014a4                __aeabi_ldiv0
 *(.text*)
 .text.MX_GPIO_Init
                0x00000000080014a8       0xc4 ./Core/Src/gpio.o
                0x00000000080014a8                MX_GPIO_Init
 .text.main     0x000000000800156c      0x150 ./Core/Src/main.o
                0x000000000800156c                main
 .text._Z18SystemClock_Configv
                0x00000000080016bc       0x94 ./Core/Src/main.o
                0x00000000080016bc                SystemClock_Config()
 .text.Error_Handler
                0x0000000008001750        0xa ./Core/Src/main.o
                0x0000000008001750                Error_Handler
 *fill*         0x000000000800175a        0x2 
 .text.MX_SPI1_Init
                0x000000000800175c       0x7c ./Core/Src/spi.o
                0x000000000800175c                MX_SPI1_Init
 .text.HAL_SPI_MspInit
                0x00000000080017d8       0x84 ./Core/Src/spi.o
                0x00000000080017d8                HAL_SPI_MspInit
 .text.HAL_MspInit
                0x000000000800185c       0x48 ./Core/Src/stm32g4xx_hal_msp.o
                0x000000000800185c                HAL_MspInit
 .text.NMI_Handler
                0x00000000080018a4        0x6 ./Core/Src/stm32g4xx_it.o
                0x00000000080018a4                NMI_Handler
 .text.HardFault_Handler
                0x00000000080018aa        0x6 ./Core/Src/stm32g4xx_it.o
                0x00000000080018aa                HardFault_Handler
 .text.MemManage_Handler
                0x00000000080018b0        0x6 ./Core/Src/stm32g4xx_it.o
                0x00000000080018b0                MemManage_Handler
 .text.BusFault_Handler
                0x00000000080018b6        0x6 ./Core/Src/stm32g4xx_it.o
                0x00000000080018b6                BusFault_Handler
 .text.UsageFault_Handler
                0x00000000080018bc        0x6 ./Core/Src/stm32g4xx_it.o
                0x00000000080018bc                UsageFault_Handler
 .text.SVC_Handler
                0x00000000080018c2        0xe ./Core/Src/stm32g4xx_it.o
                0x00000000080018c2                SVC_Handler
 .text.DebugMon_Handler
                0x00000000080018d0        0xe ./Core/Src/stm32g4xx_it.o
                0x00000000080018d0                DebugMon_Handler
 .text.PendSV_Handler
                0x00000000080018de        0xe ./Core/Src/stm32g4xx_it.o
                0x00000000080018de                PendSV_Handler
 .text.SysTick_Handler
                0x00000000080018ec        0xc ./Core/Src/stm32g4xx_it.o
                0x00000000080018ec                SysTick_Handler
 .text._getpid  0x00000000080018f8       0x10 ./Core/Src/syscalls.o
                0x00000000080018f8                _getpid
 .text._kill    0x0000000008001908       0x20 ./Core/Src/syscalls.o
                0x0000000008001908                _kill
 .text._exit    0x0000000008001928       0x14 ./Core/Src/syscalls.o
                0x0000000008001928                _exit
 .text._sbrk    0x000000000800193c       0x6c ./Core/Src/sysmem.o
                0x000000000800193c                _sbrk
 .text.SystemInit
                0x00000000080019a8       0x24 ./Core/Src/system_stm32g4xx.o
                0x00000000080019a8                SystemInit
 .text.MX_USART2_UART_Init
                0x00000000080019cc       0x98 ./Core/Src/usart.o
                0x00000000080019cc                MX_USART2_UART_Init
 .text.HAL_UART_MspInit
                0x0000000008001a64       0xb0 ./Core/Src/usart.o
                0x0000000008001a64                HAL_UART_MspInit
 .text.Reset_Handler
                0x0000000008001b14       0x50 ./Core/Startup/startup_stm32g431kbtx.o
                0x0000000008001b14                Reset_Handler
 .text.Default_Handler
                0x0000000008001b64        0x2 ./Core/Startup/startup_stm32g431kbtx.o
                0x0000000008001b64                RTC_Alarm_IRQHandler
                0x0000000008001b64                EXTI2_IRQHandler
                0x0000000008001b64                TIM8_TRG_COM_IRQHandler
                0x0000000008001b64                TIM8_CC_IRQHandler
                0x0000000008001b64                TIM1_CC_IRQHandler
                0x0000000008001b64                USB_HP_IRQHandler
                0x0000000008001b64                CORDIC_IRQHandler
                0x0000000008001b64                EXTI3_IRQHandler
                0x0000000008001b64                I2C3_ER_IRQHandler
                0x0000000008001b64                EXTI0_IRQHandler
                0x0000000008001b64                I2C2_EV_IRQHandler
                0x0000000008001b64                FPU_IRQHandler
                0x0000000008001b64                FDCAN1_IT1_IRQHandler
                0x0000000008001b64                TIM1_UP_TIM16_IRQHandler
                0x0000000008001b64                ADC1_2_IRQHandler
                0x0000000008001b64                SPI1_IRQHandler
                0x0000000008001b64                TIM6_DAC_IRQHandler
                0x0000000008001b64                TIM8_UP_IRQHandler
                0x0000000008001b64                DMA2_Channel2_IRQHandler
                0x0000000008001b64                DMA1_Channel4_IRQHandler
                0x0000000008001b64                USART3_IRQHandler
                0x0000000008001b64                TIM4_IRQHandler
                0x0000000008001b64                DMA2_Channel1_IRQHandler
                0x0000000008001b64                I2C1_EV_IRQHandler
                0x0000000008001b64                DMA1_Channel6_IRQHandler
                0x0000000008001b64                UART4_IRQHandler
                0x0000000008001b64                DMA2_Channel4_IRQHandler
                0x0000000008001b64                TIM3_IRQHandler
                0x0000000008001b64                RCC_IRQHandler
                0x0000000008001b64                DMA1_Channel1_IRQHandler
                0x0000000008001b64                Default_Handler
                0x0000000008001b64                RTC_TAMP_LSECSS_IRQHandler
                0x0000000008001b64                FMAC_IRQHandler
                0x0000000008001b64                EXTI15_10_IRQHandler
                0x0000000008001b64                TIM7_IRQHandler
                0x0000000008001b64                UCPD1_IRQHandler
                0x0000000008001b64                I2C3_EV_IRQHandler
                0x0000000008001b64                EXTI9_5_IRQHandler
                0x0000000008001b64                RTC_WKUP_IRQHandler
                0x0000000008001b64                PVD_PVM_IRQHandler
                0x0000000008001b64                SPI2_IRQHandler
                0x0000000008001b64                DMA2_Channel5_IRQHandler
                0x0000000008001b64                CRS_IRQHandler
                0x0000000008001b64                DMA1_Channel5_IRQHandler
                0x0000000008001b64                USB_LP_IRQHandler
                0x0000000008001b64                EXTI4_IRQHandler
                0x0000000008001b64                RNG_IRQHandler
                0x0000000008001b64                TIM1_TRG_COM_TIM17_IRQHandler
                0x0000000008001b64                DMA1_Channel3_IRQHandler
                0x0000000008001b64                WWDG_IRQHandler
                0x0000000008001b64                LPUART1_IRQHandler
                0x0000000008001b64                DMA2_Channel6_IRQHandler
                0x0000000008001b64                FDCAN1_IT0_IRQHandler
                0x0000000008001b64                TIM2_IRQHandler
                0x0000000008001b64                COMP1_2_3_IRQHandler
                0x0000000008001b64                EXTI1_IRQHandler
                0x0000000008001b64                USART2_IRQHandler
                0x0000000008001b64                I2C2_ER_IRQHandler
                0x0000000008001b64                DMA1_Channel2_IRQHandler
                0x0000000008001b64                TIM8_BRK_IRQHandler
                0x0000000008001b64                FLASH_IRQHandler
                0x0000000008001b64                USART1_IRQHandler
                0x0000000008001b64                SPI3_IRQHandler
                0x0000000008001b64                I2C1_ER_IRQHandler
                0x0000000008001b64                LPTIM1_IRQHandler
                0x0000000008001b64                DMAMUX_OVR_IRQHandler
                0x0000000008001b64                USBWakeUp_IRQHandler
                0x0000000008001b64                SAI1_IRQHandler
                0x0000000008001b64                DMA2_Channel3_IRQHandler
                0x0000000008001b64                COMP4_IRQHandler
                0x0000000008001b64                TIM1_BRK_TIM15_IRQHandler
 .text.HAL_Init
                0x0000000008001b66       0x30 ./Drivers/STM32G4xx_HAL_Driver/Src/stm32g4xx_hal.o
                0x0000000008001b66                HAL_Init
 *fill*         0x0000000008001b96        0x2 
 .text.HAL_InitTick
                0x0000000008001b98       0x74 ./Drivers/STM32G4xx_HAL_Driver/Src/stm32g4xx_hal.o
                0x0000000008001b98                HAL_InitTick
 .text.HAL_IncTick
                0x0000000008001c0c       0x24 ./Drivers/STM32G4xx_HAL_Driver/Src/stm32g4xx_hal.o
                0x0000000008001c0c                HAL_IncTick
 .text.HAL_GetTick
                0x0000000008001c30       0x18 ./Drivers/STM32G4xx_HAL_Driver/Src/stm32g4xx_hal.o
                0x0000000008001c30                HAL_GetTick
 .text.HAL_Delay
                0x0000000008001c48       0x44 ./Drivers/STM32G4xx_HAL_Driver/Src/stm32g4xx_hal.o
                0x0000000008001c48                HAL_Delay
 .text.__NVIC_SetPriorityGrouping
                0x0000000008001c8c       0x48 ./Drivers/STM32G4xx_HAL_Driver/Src/stm32g4xx_hal_cortex.o
 .text.__NVIC_GetPriorityGrouping
                0x0000000008001cd4       0x1c ./Drivers/STM32G4xx_HAL_Driver/Src/stm32g4xx_hal_cortex.o
 .text.__NVIC_SetPriority
                0x0000000008001cf0       0x54 ./Drivers/STM32G4xx_HAL_Driver/Src/stm32g4xx_hal_cortex.o
 .text.NVIC_EncodePriority
                0x0000000008001d44       0x66 ./Drivers/STM32G4xx_HAL_Driver/Src/stm32g4xx_hal_cortex.o
 *fill*         0x0000000008001daa        0x2 
 .text.SysTick_Config
                0x0000000008001dac       0x44 ./Drivers/STM32G4xx_HAL_Driver/Src/stm32g4xx_hal_cortex.o
 .text.HAL_NVIC_SetPriorityGrouping
                0x0000000008001df0       0x16 ./Drivers/STM32G4xx_HAL_Driver/Src/stm32g4xx_hal_cortex.o
                0x0000000008001df0                HAL_NVIC_SetPriorityGrouping
 .text.HAL_NVIC_SetPriority
                0x0000000008001e06       0x34 ./Drivers/STM32G4xx_HAL_Driver/Src/stm32g4xx_hal_cortex.o
                0x0000000008001e06                HAL_NVIC_SetPriority
 .text.HAL_SYSTICK_Config
                0x0000000008001e3a       0x18 ./Drivers/STM32G4xx_HAL_Driver/Src/stm32g4xx_hal_cortex.o
                0x0000000008001e3a                HAL_SYSTICK_Config
 *fill*         0x0000000008001e52        0x2 
 .text.HAL_GPIO_Init
                0x0000000008001e54      0x304 ./Drivers/STM32G4xx_HAL_Driver/Src/stm32g4xx_hal_gpio.o
                0x0000000008001e54                HAL_GPIO_Init
 .text.HAL_GPIO_ReadPin
                0x0000000008002158       0x30 ./Drivers/STM32G4xx_HAL_Driver/Src/stm32g4xx_hal_gpio.o
                0x0000000008002158                HAL_GPIO_ReadPin
 .text.HAL_GPIO_WritePin
                0x0000000008002188       0x30 ./Drivers/STM32G4xx_HAL_Driver/Src/stm32g4xx_hal_gpio.o
                0x0000000008002188                HAL_GPIO_WritePin
 .text.HAL_PWREx_ControlVoltageScaling
                0x00000000080021b8      0x148 ./Drivers/STM32G4xx_HAL_Driver/Src/stm32g4xx_hal_pwr_ex.o
                0x00000000080021b8                HAL_PWREx_ControlVoltageScaling
 .text.HAL_RCC_OscConfig
                0x0000000008002300      0x630 ./Drivers/STM32G4xx_HAL_Driver/Src/stm32g4xx_hal_rcc.o
                0x0000000008002300                HAL_RCC_OscConfig
 .text.HAL_RCC_ClockConfig
                0x0000000008002930      0x278 ./Drivers/STM32G4xx_HAL_Driver/Src/stm32g4xx_hal_rcc.o
                0x0000000008002930                HAL_RCC_ClockConfig
 .text.HAL_RCC_GetSysClockFreq
                0x0000000008002ba8       0xc4 ./Drivers/STM32G4xx_HAL_Driver/Src/stm32g4xx_hal_rcc.o
                0x0000000008002ba8                HAL_RCC_GetSysClockFreq
 .text.HAL_RCC_GetHCLKFreq
                0x0000000008002c6c       0x18 ./Drivers/STM32G4xx_HAL_Driver/Src/stm32g4xx_hal_rcc.o
                0x0000000008002c6c                HAL_RCC_GetHCLKFreq
 .text.HAL_RCC_GetPCLK1Freq
                0x0000000008002c84       0x2c ./Drivers/STM32G4xx_HAL_Driver/Src/stm32g4xx_hal_rcc.o
                0x0000000008002c84                HAL_RCC_GetPCLK1Freq
 .text.HAL_RCC_GetPCLK2Freq
                0x0000000008002cb0       0x2c ./Drivers/STM32G4xx_HAL_Driver/Src/stm32g4xx_hal_rcc.o
                0x0000000008002cb0                HAL_RCC_GetPCLK2Freq
 .text.RCC_GetSysClockFreqFromPLLSource
                0x0000000008002cdc       0x8c ./Drivers/STM32G4xx_HAL_Driver/Src/stm32g4xx_hal_rcc.o
 .text.HAL_RCCEx_PeriphCLKConfig
                0x0000000008002d68      0x3e0 ./Drivers/STM32G4xx_HAL_Driver/Src/stm32g4xx_hal_rcc_ex.o
                0x0000000008002d68                HAL_RCCEx_PeriphCLKConfig
 .text.HAL_SPI_Init
                0x0000000008003148      0x156 ./Drivers/STM32G4xx_HAL_Driver/Src/stm32g4xx_hal_spi.o
                0x0000000008003148                HAL_SPI_Init
 .text.HAL_SPI_Transmit
                0x000000000800329e      0x2dc ./Drivers/STM32G4xx_HAL_Driver/Src/stm32g4xx_hal_spi.o
                0x000000000800329e                HAL_SPI_Transmit
 .text.HAL_SPI_TransmitReceive
                0x000000000800357a      0x426 ./Drivers/STM32G4xx_HAL_Driver/Src/stm32g4xx_hal_spi.o
                0x000000000800357a                HAL_SPI_TransmitReceive
 .text.SPI_WaitFlagStateUntilTimeout
                0x00000000080039a0      0x110 ./Drivers/STM32G4xx_HAL_Driver/Src/stm32g4xx_hal_spi.o
 .text.SPI_WaitFifoStateUntilTimeout
                0x0000000008003ab0      0x12c ./Drivers/STM32G4xx_HAL_Driver/Src/stm32g4xx_hal_spi.o
 .text.SPI_EndRxTxTransaction
                0x0000000008003bdc       0x8c ./Drivers/STM32G4xx_HAL_Driver/Src/stm32g4xx_hal_spi.o
 .text.HAL_UART_Init
                0x0000000008003c68       0xa0 ./Drivers/STM32G4xx_HAL_Driver/Src/stm32g4xx_hal_uart.o
                0x0000000008003c68                HAL_UART_Init
 .text.HAL_UART_Transmit
                0x0000000008003d08      0x12c ./Drivers/STM32G4xx_HAL_Driver/Src/stm32g4xx_hal_uart.o
                0x0000000008003d08                HAL_UART_Transmit
 .text.UART_SetConfig
                0x0000000008003e34      0x598 ./Drivers/STM32G4xx_HAL_Driver/Src/stm32g4xx_hal_uart.o
                0x0000000008003e34                UART_SetConfig
 .text.UART_AdvFeatureConfig
                0x00000000080043cc      0x144 ./Drivers/STM32G4xx_HAL_Driver/Src/stm32g4xx_hal_uart.o
                0x00000000080043cc                UART_AdvFeatureConfig
 .text.UART_CheckIdleState
                0x0000000008004510       0x96 ./Drivers/STM32G4xx_HAL_Driver/Src/stm32g4xx_hal_uart.o
                0x0000000008004510                UART_CheckIdleState
 .text.UART_WaitOnFlagUntilTimeout
                0x00000000080045a6      0x190 ./Drivers/STM32G4xx_HAL_Driver/Src/stm32g4xx_hal_uart.o
                0x00000000080045a6                UART_WaitOnFlagUntilTimeout
 .text.HAL_UARTEx_DisableFifoMode
                0x0000000008004736       0x72 ./Drivers/STM32G4xx_HAL_Driver/Src/stm32g4xx_hal_uart_ex.o
                0x0000000008004736                HAL_UARTEx_DisableFifoMode
 .text.HAL_UARTEx_SetTxFifoThreshold
                0x00000000080047a8       0x7c ./Drivers/STM32G4xx_HAL_Driver/Src/stm32g4xx_hal_uart_ex.o
                0x00000000080047a8                HAL_UARTEx_SetTxFifoThreshold
 .text.HAL_UARTEx_SetRxFifoThreshold
                0x0000000008004824       0x7c ./Drivers/STM32G4xx_HAL_Driver/Src/stm32g4xx_hal_uart_ex.o
                0x0000000008004824                HAL_UARTEx_SetRxFifoThreshold
 .text.UARTEx_SetNbDataToProcess
                0x00000000080048a0       0x9c ./Drivers/STM32G4xx_HAL_Driver/Src/stm32g4xx_hal_uart_ex.o
 .text._ZN9LoRaClassC2Ev
                0x000000000800493c       0x5c ./RA01/ra01.o
                0x000000000800493c                LoRaClass::LoRaClass()
                0x000000000800493c                LoRaClass::LoRaClass()
 .text._ZN9LoRaClass5beginEl
                0x0000000008004998       0x90 ./RA01/ra01.o
                0x0000000008004998                LoRaClass::begin(long)
 .text._ZN9LoRaClass9setRxModeEv
                0x0000000008004a28       0x2a ./RA01/ra01.o
                0x0000000008004a28                LoRaClass::setRxMode()
 .text._ZN9LoRaClass5writeEh
                0x0000000008004a52       0x26 ./RA01/ra01.o
                0x0000000008004a52                LoRaClass::write(unsigned char)
 .text._ZN9LoRaClass5writeEPKhj
                0x0000000008004a78       0x70 ./RA01/ra01.o
                0x0000000008004a78                LoRaClass::write(unsigned char const*, unsigned int)
 .text._ZN9LoRaClass9availableEv
                0x0000000008004ae8       0x22 ./RA01/ra01.o
                0x0000000008004ae8                LoRaClass::available()
 .text._ZN9LoRaClass4readEv
                0x0000000008004b0a       0x46 ./RA01/ra01.o
                0x0000000008004b0a                LoRaClass::read()
 .text._ZN9LoRaClass4peekEv
                0x0000000008004b50       0x5a ./RA01/ra01.o
                0x0000000008004b50                LoRaClass::peek()
 .text._ZN9LoRaClass5flushEv
                0x0000000008004baa       0x14 ./RA01/ra01.o
                0x0000000008004baa                LoRaClass::flush()
 .text._ZN9LoRaClass4idleEv
                0x0000000008004bbe       0x1a ./RA01/ra01.o
                0x0000000008004bbe                LoRaClass::idle()
 .text._ZN9LoRaClass5sleepEv
                0x0000000008004bd8       0x1a ./RA01/ra01.o
                0x0000000008004bd8                LoRaClass::sleep()
 .text._ZN9LoRaClass10setTxPowerEii
                0x0000000008004bf2       0xaa ./RA01/ra01.o
                0x0000000008004bf2                LoRaClass::setTxPower(int, int)
 .text._ZN9LoRaClass12setFrequencyEl
                0x0000000008004c9c       0x8c ./RA01/ra01.o
                0x0000000008004c9c                LoRaClass::setFrequency(long)
 .text._ZN9LoRaClass16setIRQInterruptsEv
                0x0000000008004d28       0x3e ./RA01/ra01.o
                0x0000000008004d28                LoRaClass::setIRQInterrupts()
 .text._ZN9LoRaClass18getSpreadingFactorEv
                0x0000000008004d66       0x1e ./RA01/ra01.o
                0x0000000008004d66                LoRaClass::getSpreadingFactor()
 .text._ZN9LoRaClass18setSpreadingFactorEi
                0x0000000008004d84       0x86 ./RA01/ra01.o
                0x0000000008004d84                LoRaClass::setSpreadingFactor(int)
 *fill*         0x0000000008004e0a        0x2 
 .text._ZN9LoRaClass18getSignalBandwidthEv
                0x0000000008004e0c       0x9c ./RA01/ra01.o
                0x0000000008004e0c                LoRaClass::getSignalBandwidth()
 .text._ZN9LoRaClass18setSignalBandwidthEl
                0x0000000008004ea8       0xd8 ./RA01/ra01.o
                0x0000000008004ea8                LoRaClass::setSignalBandwidth(long)
 .text._ZN9LoRaClass10setLdoFlagEv
                0x0000000008004f80       0x70 ./RA01/ra01.o
                0x0000000008004f80                LoRaClass::setLdoFlag()
 .text._ZN9LoRaClass14setCodingRate4Ei
                0x0000000008004ff0       0x56 ./RA01/ra01.o
                0x0000000008004ff0                LoRaClass::setCodingRate4(int)
 *fill*         0x0000000008005046        0x2 
 .text._ZN9LoRaClass6setOCPEh
                0x0000000008005048       0x68 ./RA01/ra01.o
                0x0000000008005048                LoRaClass::setOCP(unsigned char)
 .text._ZN9LoRaClass6setSPIEP19__SPI_HandleTypeDefP12GPIO_TypeDeftS3_t
                0x00000000080050b0       0x44 ./RA01/ra01.o
                0x00000000080050b0                LoRaClass::setSPI(__SPI_HandleTypeDef*, GPIO_TypeDef*, unsigned short, GPIO_TypeDef*, unsigned short)
 .text._ZN9LoRaClass13checkBusyLineEv
                0x00000000080050f4       0x32 ./RA01/ra01.o
                0x00000000080050f4                LoRaClass::checkBusyLine()
 *fill*         0x0000000008005126        0x2 
 .text._ZN9LoRaClass13writeRegisterEhh
                0x0000000008005128       0x74 ./RA01/ra01.o
                0x0000000008005128                LoRaClass::writeRegister(unsigned char, unsigned char)
 .text._ZN9LoRaClass12writeCommandEhPhh
                0x000000000800519c      0x100 ./RA01/ra01.o
                0x000000000800519c                LoRaClass::writeCommand(unsigned char, unsigned char*, unsigned char)
 .text._ZN9LoRaClass12readRegisterEh
                0x000000000800529c       0x7c ./RA01/ra01.o
                0x000000000800529c                LoRaClass::readRegister(unsigned char)
 .text._Z41__static_initialization_and_destruction_0ii
                0x0000000008005318       0x2c ./RA01/ra01.o
 .text._GLOBAL__sub_I__ZN9LoRaClassC2Ev
                0x0000000008005344       0x10 ./RA01/ra01.o
 .text.__errno  0x0000000008005354        0xc c:/st/stm32cubeide_1.10.0/stm32cubeide/plugins/com.st.stm32cube.ide.mcu.externaltools.gnu-tools-for-stm32.10.3-2021.10.win32_1.0.100.202210260954/tools/bin/../lib/gcc/arm-none-eabi/10.3.1/../../../../arm-none-eabi/lib/thumb/v7e-m+fp/hard\libc_nano.a(lib_a-errno.o)
                0x0000000008005354                __errno
 .text.__libc_init_array
                0x0000000008005360       0x48 c:/st/stm32cubeide_1.10.0/stm32cubeide/plugins/com.st.stm32cube.ide.mcu.externaltools.gnu-tools-for-stm32.10.3-2021.10.win32_1.0.100.202210260954/tools/bin/../lib/gcc/arm-none-eabi/10.3.1/../../../../arm-none-eabi/lib/thumb/v7e-m+fp/hard\libc_nano.a(lib_a-init.o)
                0x0000000008005360                __libc_init_array
 .text.memset   0x00000000080053a8       0x10 c:/st/stm32cubeide_1.10.0/stm32cubeide/plugins/com.st.stm32cube.ide.mcu.externaltools.gnu-tools-for-stm32.10.3-2021.10.win32_1.0.100.202210260954/tools/bin/../lib/gcc/arm-none-eabi/10.3.1/../../../../arm-none-eabi/lib/thumb/v7e-m+fp/hard\libc_nano.a(lib_a-memset.o)
                0x00000000080053a8                memset
 .text.sprintf  0x00000000080053b8       0x40 c:/st/stm32cubeide_1.10.0/stm32cubeide/plugins/com.st.stm32cube.ide.mcu.externaltools.gnu-tools-for-stm32.10.3-2021.10.win32_1.0.100.202210260954/tools/bin/../lib/gcc/arm-none-eabi/10.3.1/../../../../arm-none-eabi/lib/thumb/v7e-m+fp/hard\libc_nano.a(lib_a-sprintf.o)
                0x00000000080053b8                siprintf
                0x00000000080053b8                sprintf
 .text.__ssputs_r
                0x00000000080053f8       0xb6 c:/st/stm32cubeide_1.10.0/stm32cubeide/plugins/com.st.stm32cube.ide.mcu.externaltools.gnu-tools-for-stm32.10.3-2021.10.win32_1.0.100.202210260954/tools/bin/../lib/gcc/arm-none-eabi/10.3.1/../../../../arm-none-eabi/lib/thumb/v7e-m+fp/hard\libc_nano.a(lib_a-nano-svfprintf.o)
                0x00000000080053f8                __ssputs_r
 *fill*         0x00000000080054ae        0x2 
 .text._svfprintf_r
                0x00000000080054b0      0x200 c:/st/stm32cubeide_1.10.0/stm32cubeide/plugins/com.st.stm32cube.ide.mcu.externaltools.gnu-tools-for-stm32.10.3-2021.10.win32_1.0.100.202210260954/tools/bin/../lib/gcc/arm-none-eabi/10.3.1/../../../../arm-none-eabi/lib/thumb/v7e-m+fp/hard\libc_nano.a(lib_a-nano-svfprintf.o)
                0x00000000080054b0                _svfiprintf_r
                0x00000000080054b0                _svfprintf_r
 .text._printf_common
                0x00000000080056b0       0xda c:/st/stm32cubeide_1.10.0/stm32cubeide/plugins/com.st.stm32cube.ide.mcu.externaltools.gnu-tools-for-stm32.10.3-2021.10.win32_1.0.100.202210260954/tools/bin/../lib/gcc/arm-none-eabi/10.3.1/../../../../arm-none-eabi/lib/thumb/v7e-m+fp/hard\libc_nano.a(lib_a-nano-vfprintf_i.o)
                0x00000000080056b0                _printf_common
 *fill*         0x000000000800578a        0x2 
 .text._printf_i
                0x000000000800578c      0x24c c:/st/stm32cubeide_1.10.0/stm32cubeide/plugins/com.st.stm32cube.ide.mcu.externaltools.gnu-tools-for-stm32.10.3-2021.10.win32_1.0.100.202210260954/tools/bin/../lib/gcc/arm-none-eabi/10.3.1/../../../../arm-none-eabi/lib/thumb/v7e-m+fp/hard\libc_nano.a(lib_a-nano-vfprintf_i.o)
                0x000000000800578c                _printf_i
 .text.memcpy   0x00000000080059d8       0x1c c:/st/stm32cubeide_1.10.0/stm32cubeide/plugins/com.st.stm32cube.ide.mcu.externaltools.gnu-tools-for-stm32.10.3-2021.10.win32_1.0.100.202210260954/tools/bin/../lib/gcc/arm-none-eabi/10.3.1/../../../../arm-none-eabi/lib/thumb/v7e-m+fp/hard\libc_nano.a(lib_a-memcpy-stub.o)
                0x00000000080059d8                memcpy
 .text.memmove  0x00000000080059f4       0x34 c:/st/stm32cubeide_1.10.0/stm32cubeide/plugins/com.st.stm32cube.ide.mcu.externaltools.gnu-tools-for-stm32.10.3-2021.10.win32_1.0.100.202210260954/tools/bin/../lib/gcc/arm-none-eabi/10.3.1/../../../../arm-none-eabi/lib/thumb/v7e-m+fp/hard\libc_nano.a(lib_a-memmove.o)
                0x00000000080059f4                memmove
 .text._free_r  0x0000000008005a28       0x98 c:/st/stm32cubeide_1.10.0/stm32cubeide/plugins/com.st.stm32cube.ide.mcu.externaltools.gnu-tools-for-stm32.10.3-2021.10.win32_1.0.100.202210260954/tools/bin/../lib/gcc/arm-none-eabi/10.3.1/../../../../arm-none-eabi/lib/thumb/v7e-m+fp/hard\libc_nano.a(lib_a-nano-freer.o)
                0x0000000008005a28                _free_r
 .text.sbrk_aligned
                0x0000000008005ac0       0x40 c:/st/stm32cubeide_1.10.0/stm32cubeide/plugins/com.st.stm32cube.ide.mcu.externaltools.gnu-tools-for-stm32.10.3-2021.10.win32_1.0.100.202210260954/tools/bin/../lib/gcc/arm-none-eabi/10.3.1/../../../../arm-none-eabi/lib/thumb/v7e-m+fp/hard\libc_nano.a(lib_a-nano-mallocr.o)
 .text._malloc_r
                0x0000000008005b00       0xe8 c:/st/stm32cubeide_1.10.0/stm32cubeide/plugins/com.st.stm32cube.ide.mcu.externaltools.gnu-tools-for-stm32.10.3-2021.10.win32_1.0.100.202210260954/tools/bin/../lib/gcc/arm-none-eabi/10.3.1/../../../../arm-none-eabi/lib/thumb/v7e-m+fp/hard\libc_nano.a(lib_a-nano-mallocr.o)
                0x0000000008005b00                _malloc_r
 .text._realloc_r
                0x0000000008005be8       0x5e c:/st/stm32cubeide_1.10.0/stm32cubeide/plugins/com.st.stm32cube.ide.mcu.externaltools.gnu-tools-for-stm32.10.3-2021.10.win32_1.0.100.202210260954/tools/bin/../lib/gcc/arm-none-eabi/10.3.1/../../../../arm-none-eabi/lib/thumb/v7e-m+fp/hard\libc_nano.a(lib_a-nano-reallocr.o)
                0x0000000008005be8                _realloc_r
 *fill*         0x0000000008005c46        0x2 
 .text._sbrk_r  0x0000000008005c48       0x20 c:/st/stm32cubeide_1.10.0/stm32cubeide/plugins/com.st.stm32cube.ide.mcu.externaltools.gnu-tools-for-stm32.10.3-2021.10.win32_1.0.100.202210260954/tools/bin/../lib/gcc/arm-none-eabi/10.3.1/../../../../arm-none-eabi/lib/thumb/v7e-m+fp/hard\libc_nano.a(lib_a-sbrkr.o)
                0x0000000008005c48                _sbrk_r
 .text.__malloc_lock
                0x0000000008005c68        0xc c:/st/stm32cubeide_1.10.0/stm32cubeide/plugins/com.st.stm32cube.ide.mcu.externaltools.gnu-tools-for-stm32.10.3-2021.10.win32_1.0.100.202210260954/tools/bin/../lib/gcc/arm-none-eabi/10.3.1/../../../../arm-none-eabi/lib/thumb/v7e-m+fp/hard\libc_nano.a(lib_a-mlock.o)
                0x0000000008005c68                __malloc_lock
 .text.__malloc_unlock
                0x0000000008005c74        0xc c:/st/stm32cubeide_1.10.0/stm32cubeide/plugins/com.st.stm32cube.ide.mcu.externaltools.gnu-tools-for-stm32.10.3-2021.10.win32_1.0.100.202210260954/tools/bin/../lib/gcc/arm-none-eabi/10.3.1/../../../../arm-none-eabi/lib/thumb/v7e-m+fp/hard\libc_nano.a(lib_a-mlock.o)
                0x0000000008005c74                __malloc_unlock
 .text._malloc_usable_size_r
                0x0000000008005c80       0x10 c:/st/stm32cubeide_1.10.0/stm32cubeide/plugins/com.st.stm32cube.ide.mcu.externaltools.gnu-tools-for-stm32.10.3-2021.10.win32_1.0.100.202210260954/tools/bin/../lib/gcc/arm-none-eabi/10.3.1/../../../../arm-none-eabi/lib/thumb/v7e-m+fp/hard\libc_nano.a(lib_a-nano-msizer.o)
                0x0000000008005c80                _malloc_usable_size_r
 .text.__retarget_lock_acquire_recursive
                0x0000000008005c90        0x2 c:/st/stm32cubeide_1.10.0/stm32cubeide/plugins/com.st.stm32cube.ide.mcu.externaltools.gnu-tools-for-stm32.10.3-2021.10.win32_1.0.100.202210260954/tools/bin/../lib/gcc/arm-none-eabi/10.3.1/../../../../arm-none-eabi/lib/thumb/v7e-m+fp/hard\libc_nano.a(lib_a-lock.o)
                0x0000000008005c90                __retarget_lock_acquire_recursive
 .text.__retarget_lock_release_recursive
                0x0000000008005c92        0x2 c:/st/stm32cubeide_1.10.0/stm32cubeide/plugins/com.st.stm32cube.ide.mcu.externaltools.gnu-tools-for-stm32.10.3-2021.10.win32_1.0.100.202210260954/tools/bin/../lib/gcc/arm-none-eabi/10.3.1/../../../../arm-none-eabi/lib/thumb/v7e-m+fp/hard\libc_nano.a(lib_a-lock.o)
                0x0000000008005c92                __retarget_lock_release_recursive
 .text.abort    0x0000000008005c94        0xe c:/st/stm32cubeide_1.10.0/stm32cubeide/plugins/com.st.stm32cube.ide.mcu.externaltools.gnu-tools-for-stm32.10.3-2021.10.win32_1.0.100.202210260954/tools/bin/../lib/gcc/arm-none-eabi/10.3.1/../../../../arm-none-eabi/lib/thumb/v7e-m+fp/hard\libc_nano.a(lib_a-abort.o)
                0x0000000008005c94                abort
 .text._raise_r
                0x0000000008005ca2       0x50 c:/st/stm32cubeide_1.10.0/stm32cubeide/plugins/com.st.stm32cube.ide.mcu.externaltools.gnu-tools-for-stm32.10.3-2021.10.win32_1.0.100.202210260954/tools/bin/../lib/gcc/arm-none-eabi/10.3.1/../../../../arm-none-eabi/lib/thumb/v7e-m+fp/hard\libc_nano.a(lib_a-signal.o)
                0x0000000008005ca2                _raise_r
 *fill*         0x0000000008005cf2        0x2 
 .text.raise    0x0000000008005cf4       0x10 c:/st/stm32cubeide_1.10.0/stm32cubeide/plugins/com.st.stm32cube.ide.mcu.externaltools.gnu-tools-for-stm32.10.3-2021.10.win32_1.0.100.202210260954/tools/bin/../lib/gcc/arm-none-eabi/10.3.1/../../../../arm-none-eabi/lib/thumb/v7e-m+fp/hard\libc_nano.a(lib_a-signal.o)
                0x0000000008005cf4                raise
 .text._kill_r  0x0000000008005d04       0x24 c:/st/stm32cubeide_1.10.0/stm32cubeide/plugins/com.st.stm32cube.ide.mcu.externaltools.gnu-tools-for-stm32.10.3-2021.10.win32_1.0.100.202210260954/tools/bin/../lib/gcc/arm-none-eabi/10.3.1/../../../../arm-none-eabi/lib/thumb/v7e-m+fp/hard\libc_nano.a(lib_a-signalr.o)
                0x0000000008005d04                _kill_r
 .text._getpid_r
                0x0000000008005d28        0x4 c:/st/stm32cubeide_1.10.0/stm32cubeide/plugins/com.st.stm32cube.ide.mcu.externaltools.gnu-tools-for-stm32.10.3-2021.10.win32_1.0.100.202210260954/tools/bin/../lib/gcc/arm-none-eabi/10.3.1/../../../../arm-none-eabi/lib/thumb/v7e-m+fp/hard\libc_nano.a(lib_a-signalr.o)
                0x0000000008005d28                _getpid_r
 *(.glue_7)
 .glue_7        0x0000000008005d2c        0x0 linker stubs
 *(.glue_7t)
 .glue_7t       0x0000000008005d2c        0x0 linker stubs
 *(.eh_frame)
 .eh_frame      0x0000000008005d2c        0x0 c:/st/stm32cubeide_1.10.0/stm32cubeide/plugins/com.st.stm32cube.ide.mcu.externaltools.gnu-tools-for-stm32.10.3-2021.10.win32_1.0.100.202210260954/tools/bin/../lib/gcc/arm-none-eabi/10.3.1/thumb/v7e-m+fp/hard/crtbegin.o
 *(.init)
 .init          0x0000000008005d2c        0x4 c:/st/stm32cubeide_1.10.0/stm32cubeide/plugins/com.st.stm32cube.ide.mcu.externaltools.gnu-tools-for-stm32.10.3-2021.10.win32_1.0.100.202210260954/tools/bin/../lib/gcc/arm-none-eabi/10.3.1/thumb/v7e-m+fp/hard/crti.o
                0x0000000008005d2c                _init
 .init          0x0000000008005d30        0x8 c:/st/stm32cubeide_1.10.0/stm32cubeide/plugins/com.st.stm32cube.ide.mcu.externaltools.gnu-tools-for-stm32.10.3-2021.10.win32_1.0.100.202210260954/tools/bin/../lib/gcc/arm-none-eabi/10.3.1/thumb/v7e-m+fp/hard/crtn.o
 *(.fini)
 .fini          0x0000000008005d38        0x4 c:/st/stm32cubeide_1.10.0/stm32cubeide/plugins/com.st.stm32cube.ide.mcu.externaltools.gnu-tools-for-stm32.10.3-2021.10.win32_1.0.100.202210260954/tools/bin/../lib/gcc/arm-none-eabi/10.3.1/thumb/v7e-m+fp/hard/crti.o
                0x0000000008005d38                _fini
 .fini          0x0000000008005d3c        0x8 c:/st/stm32cubeide_1.10.0/stm32cubeide/plugins/com.st.stm32cube.ide.mcu.externaltools.gnu-tools-for-stm32.10.3-2021.10.win32_1.0.100.202210260954/tools/bin/../lib/gcc/arm-none-eabi/10.3.1/thumb/v7e-m+fp/hard/crtn.o
                0x0000000008005d44                . = ALIGN (0x4)
                0x0000000008005d44                _etext = .

.vfp11_veneer   0x0000000008005d44        0x0
 .vfp11_veneer  0x0000000008005d44        0x0 linker stubs

.v4_bx          0x0000000008005d44        0x0
 .v4_bx         0x0000000008005d44        0x0 linker stubs

.iplt           0x0000000008005d44        0x0
 .iplt          0x0000000008005d44        0x0 c:/st/stm32cubeide_1.10.0/stm32cubeide/plugins/com.st.stm32cube.ide.mcu.externaltools.gnu-tools-for-stm32.10.3-2021.10.win32_1.0.100.202210260954/tools/bin/../lib/gcc/arm-none-eabi/10.3.1/thumb/v7e-m+fp/hard/crtbegin.o

.rodata         0x0000000008005d44      0x110
                0x0000000008005d44                . = ALIGN (0x4)
 *(.rodata)
 .rodata        0x0000000008005d44       0x73 ./Core/Src/main.o
 *fill*         0x0000000008005db7        0x1 
 .rodata        0x0000000008005db8        0x5 ./RA01/ra01.o
 *(.rodata*)
 *fill*         0x0000000008005dbd        0x3 
 .rodata.AHBPrescTable
                0x0000000008005dc0       0x10 ./Core/Src/system_stm32g4xx.o
                0x0000000008005dc0                AHBPrescTable
 .rodata.APBPrescTable
                0x0000000008005dd0        0x8 ./Core/Src/system_stm32g4xx.o
                0x0000000008005dd0                APBPrescTable
 .rodata.UARTPrescTable
                0x0000000008005dd8       0x18 ./Drivers/STM32G4xx_HAL_Driver/Src/stm32g4xx_hal_uart.o
                0x0000000008005dd8                UARTPrescTable
 .rodata.numerator.1
                0x0000000008005df0        0x8 ./Drivers/STM32G4xx_HAL_Driver/Src/stm32g4xx_hal_uart_ex.o
 .rodata.denominator.0
                0x0000000008005df8        0x8 ./Drivers/STM32G4xx_HAL_Driver/Src/stm32g4xx_hal_uart_ex.o
 .rodata._ZTV9LoRaClass
                0x0000000008005e00       0x20 ./RA01/ra01.o
                0x0000000008005e00                vtable for LoRaClass
 .rodata._svfprintf_r.str1.1
                0x0000000008005e20       0x11 c:/st/stm32cubeide_1.10.0/stm32cubeide/plugins/com.st.stm32cube.ide.mcu.externaltools.gnu-tools-for-stm32.10.3-2021.10.win32_1.0.100.202210260954/tools/bin/../lib/gcc/arm-none-eabi/10.3.1/../../../../arm-none-eabi/lib/thumb/v7e-m+fp/hard\libc_nano.a(lib_a-nano-svfprintf.o)
 .rodata._printf_i.str1.1
                0x0000000008005e31       0x22 c:/st/stm32cubeide_1.10.0/stm32cubeide/plugins/com.st.stm32cube.ide.mcu.externaltools.gnu-tools-for-stm32.10.3-2021.10.win32_1.0.100.202210260954/tools/bin/../lib/gcc/arm-none-eabi/10.3.1/../../../../arm-none-eabi/lib/thumb/v7e-m+fp/hard\libc_nano.a(lib_a-nano-vfprintf_i.o)
                0x0000000008005e54                . = ALIGN (0x4)
 *fill*         0x0000000008005e53        0x1 

.ARM.extab      0x0000000008005e54       0x30
                0x0000000008005e54                . = ALIGN (0x4)
 *(.ARM.extab* .gnu.linkonce.armextab.*)
 .ARM.extab.text.main
                0x0000000008005e54        0xc ./Core/Src/main.o
 .ARM.extab.text._Z18SystemClock_Configv
                0x0000000008005e60        0xc ./Core/Src/main.o
 .ARM.extab     0x0000000008005e6c       0x18 c:/st/stm32cubeide_1.10.0/stm32cubeide/plugins/com.st.stm32cube.ide.mcu.externaltools.gnu-tools-for-stm32.10.3-2021.10.win32_1.0.100.202210260954/tools/bin/../lib/gcc/arm-none-eabi/10.3.1/thumb/v7e-m+fp/hard\libgcc.a(pr-support.o)
                0x0000000008005e84                . = ALIGN (0x4)

.ARM            0x0000000008005e84       0xd0
                0x0000000008005e84                . = ALIGN (0x4)
                0x0000000008005e84                __exidx_start = .
 *(.ARM.exidx*)
 .ARM.exidx.text.main
                0x0000000008005f3c        0x8 ./Core/Src/main.o
 .ARM.exidx.text._Z18SystemClock_Configv
                0x0000000008005f44        0x8 ./Core/Src/main.o
 .ARM.exidx.text.Error_Handler
                0x0000000008005f4c        0x8 ./Core/Src/main.o
 .ARM.exidx     0x0000000008005e84        0x8 c:/st/stm32cubeide_1.10.0/stm32cubeide/plugins/com.st.stm32cube.ide.mcu.externaltools.gnu-tools-for-stm32.10.3-2021.10.win32_1.0.100.202210260954/tools/bin/../lib/gcc/arm-none-eabi/10.3.1/thumb/v7e-m+fp/hard\libgcc.a(_udivmoddi4.o)
 .ARM.exidx     0x0000000008005e8c       0x78 c:/st/stm32cubeide_1.10.0/stm32cubeide/plugins/com.st.stm32cube.ide.mcu.externaltools.gnu-tools-for-stm32.10.3-2021.10.win32_1.0.100.202210260954/tools/bin/../lib/gcc/arm-none-eabi/10.3.1/thumb/v7e-m+fp/hard\libgcc.a(unwind-arm.o)
                                         0xd8 (size before relaxing)
 .ARM.exidx     0x0000000008005f04       0x38 c:/st/stm32cubeide_1.10.0/stm32cubeide/plugins/com.st.stm32cube.ide.mcu.externaltools.gnu-tools-for-stm32.10.3-2021.10.win32_1.0.100.202210260954/tools/bin/../lib/gcc/arm-none-eabi/10.3.1/thumb/v7e-m+fp/hard\libgcc.a(pr-support.o)
                0x0000000008005f54                __exidx_end = .
                0x0000000008005f54                . = ALIGN (0x4)

.rel.dyn        0x0000000008005f54        0x0
 .rel.iplt      0x0000000008005f54        0x0 c:/st/stm32cubeide_1.10.0/stm32cubeide/plugins/com.st.stm32cube.ide.mcu.externaltools.gnu-tools-for-stm32.10.3-2021.10.win32_1.0.100.202210260954/tools/bin/../lib/gcc/arm-none-eabi/10.3.1/thumb/v7e-m+fp/hard/crtbegin.o

.preinit_array  0x0000000008005f54        0x0
                0x0000000008005f54                . = ALIGN (0x4)
                0x0000000008005f54                PROVIDE (__preinit_array_start = .)
 *(.preinit_array*)
                0x0000000008005f54                PROVIDE (__preinit_array_end = .)
                0x0000000008005f54                . = ALIGN (0x4)

.init_array     0x0000000008005f54        0x8
                0x0000000008005f54                . = ALIGN (0x4)
                0x0000000008005f54                PROVIDE (__init_array_start = .)
 *(SORT_BY_NAME(.init_array.*))
 *(.init_array*)
 .init_array    0x0000000008005f54        0x4 c:/st/stm32cubeide_1.10.0/stm32cubeide/plugins/com.st.stm32cube.ide.mcu.externaltools.gnu-tools-for-stm32.10.3-2021.10.win32_1.0.100.202210260954/tools/bin/../lib/gcc/arm-none-eabi/10.3.1/thumb/v7e-m+fp/hard/crtbegin.o
 .init_array    0x0000000008005f58        0x4 ./RA01/ra01.o
                0x0000000008005f5c                PROVIDE (__init_array_end = .)
                0x0000000008005f5c                . = ALIGN (0x4)

.fini_array     0x0000000008005f5c        0x4
                0x0000000008005f5c                . = ALIGN (0x4)
                [!provide]                        PROVIDE (__fini_array_start = .)
 *(SORT_BY_NAME(.fini_array.*))
 *(.fini_array*)
 .fini_array    0x0000000008005f5c        0x4 c:/st/stm32cubeide_1.10.0/stm32cubeide/plugins/com.st.stm32cube.ide.mcu.externaltools.gnu-tools-for-stm32.10.3-2021.10.win32_1.0.100.202210260954/tools/bin/../lib/gcc/arm-none-eabi/10.3.1/thumb/v7e-m+fp/hard/crtbegin.o
                [!provide]                        PROVIDE (__fini_array_end = .)
                0x0000000008005f60                . = ALIGN (0x4)
                0x0000000008005f60                _sidata = LOADADDR (.data)

.data           0x0000000020000000       0x70 load address 0x0000000008005f60
                0x0000000020000000                . = ALIGN (0x4)
                0x0000000020000000                _sdata = .
 *(.data)
 *(.data*)
 .data.SystemCoreClock
                0x0000000020000000        0x4 ./Core/Src/system_stm32g4xx.o
                0x0000000020000000                SystemCoreClock
 .data.uwTickPrio
                0x0000000020000004        0x4 ./Drivers/STM32G4xx_HAL_Driver/Src/stm32g4xx_hal.o
                0x0000000020000004                uwTickPrio
 .data.uwTickFreq
                0x0000000020000008        0x4 ./Drivers/STM32G4xx_HAL_Driver/Src/stm32g4xx_hal.o
                0x0000000020000008                uwTickFreq
 .data._impure_ptr
                0x000000002000000c        0x4 c:/st/stm32cubeide_1.10.0/stm32cubeide/plugins/com.st.stm32cube.ide.mcu.externaltools.gnu-tools-for-stm32.10.3-2021.10.win32_1.0.100.202210260954/tools/bin/../lib/gcc/arm-none-eabi/10.3.1/../../../../arm-none-eabi/lib/thumb/v7e-m+fp/hard\libc_nano.a(lib_a-impure.o)
                0x000000002000000c                _impure_ptr
 .data.impure_data
                0x0000000020000010       0x60 c:/st/stm32cubeide_1.10.0/stm32cubeide/plugins/com.st.stm32cube.ide.mcu.externaltools.gnu-tools-for-stm32.10.3-2021.10.win32_1.0.100.202210260954/tools/bin/../lib/gcc/arm-none-eabi/10.3.1/../../../../arm-none-eabi/lib/thumb/v7e-m+fp/hard\libc_nano.a(lib_a-impure.o)
 *(.RamFunc)
 *(.RamFunc*)
                0x0000000020000070                . = ALIGN (0x4)
                0x0000000020000070                _edata = .

.igot.plt       0x0000000020000070        0x0 load address 0x0000000008005fd0
 .igot.plt      0x0000000020000070        0x0 c:/st/stm32cubeide_1.10.0/stm32cubeide/plugins/com.st.stm32cube.ide.mcu.externaltools.gnu-tools-for-stm32.10.3-2021.10.win32_1.0.100.202210260954/tools/bin/../lib/gcc/arm-none-eabi/10.3.1/thumb/v7e-m+fp/hard/crtbegin.o
                0x0000000020000070                . = ALIGN (0x4)

.bss            0x0000000020000070      0x178 load address 0x0000000008005fd0
                0x0000000020000070                _sbss = .
                0x0000000020000070                __bss_start__ = _sbss
 *(.bss)
 .bss           0x0000000020000070       0x1c c:/st/stm32cubeide_1.10.0/stm32cubeide/plugins/com.st.stm32cube.ide.mcu.externaltools.gnu-tools-for-stm32.10.3-2021.10.win32_1.0.100.202210260954/tools/bin/../lib/gcc/arm-none-eabi/10.3.1/thumb/v7e-m+fp/hard/crtbegin.o
 *(.bss*)
 .bss.uartBuf   0x000000002000008c       0x20 ./Core/Src/main.o
                0x000000002000008c                uartBuf
 .bss.uartBufLen
                0x00000000200000ac        0x1 ./Core/Src/main.o
                0x00000000200000ac                uartBufLen
 *fill*         0x00000000200000ad        0x3 
 .bss.hspi1     0x00000000200000b0       0x64 ./Core/Src/spi.o
                0x00000000200000b0                hspi1
 .bss.__sbrk_heap_end
                0x0000000020000114        0x4 ./Core/Src/sysmem.o
 .bss.huart2    0x0000000020000118       0x90 ./Core/Src/usart.o
                0x0000000020000118                huart2
 .bss.uwTick    0x00000000200001a8        0x4 ./Drivers/STM32G4xx_HAL_Driver/Src/stm32g4xx_hal.o
                0x00000000200001a8                uwTick
 .bss.LoRa      0x00000000200001ac       0x2c ./RA01/ra01.o
                0x00000000200001ac                LoRa
 .bss.__malloc_free_list
                0x00000000200001d8        0x4 c:/st/stm32cubeide_1.10.0/stm32cubeide/plugins/com.st.stm32cube.ide.mcu.externaltools.gnu-tools-for-stm32.10.3-2021.10.win32_1.0.100.202210260954/tools/bin/../lib/gcc/arm-none-eabi/10.3.1/../../../../arm-none-eabi/lib/thumb/v7e-m+fp/hard\libc_nano.a(lib_a-nano-mallocr.o)
                0x00000000200001d8                __malloc_free_list
 .bss.__malloc_sbrk_start
                0x00000000200001dc        0x4 c:/st/stm32cubeide_1.10.0/stm32cubeide/plugins/com.st.stm32cube.ide.mcu.externaltools.gnu-tools-for-stm32.10.3-2021.10.win32_1.0.100.202210260954/tools/bin/../lib/gcc/arm-none-eabi/10.3.1/../../../../arm-none-eabi/lib/thumb/v7e-m+fp/hard\libc_nano.a(lib_a-nano-mallocr.o)
                0x00000000200001dc                __malloc_sbrk_start
 .bss.errno     0x00000000200001e0        0x4 c:/st/stm32cubeide_1.10.0/stm32cubeide/plugins/com.st.stm32cube.ide.mcu.externaltools.gnu-tools-for-stm32.10.3-2021.10.win32_1.0.100.202210260954/tools/bin/../lib/gcc/arm-none-eabi/10.3.1/../../../../arm-none-eabi/lib/thumb/v7e-m+fp/hard\libc_nano.a(lib_a-reent.o)
                0x00000000200001e0                errno
 .bss.__lock___malloc_recursive_mutex
                0x00000000200001e4        0x1 c:/st/stm32cubeide_1.10.0/stm32cubeide/plugins/com.st.stm32cube.ide.mcu.externaltools.gnu-tools-for-stm32.10.3-2021.10.win32_1.0.100.202210260954/tools/bin/../lib/gcc/arm-none-eabi/10.3.1/../../../../arm-none-eabi/lib/thumb/v7e-m+fp/hard\libc_nano.a(lib_a-lock.o)
                0x00000000200001e4                __lock___malloc_recursive_mutex
 *(COMMON)
                0x00000000200001e8                . = ALIGN (0x4)
 *fill*         0x00000000200001e5        0x3 
                0x00000000200001e8                _ebss = .
                0x00000000200001e8                __bss_end__ = _ebss

._user_heap_stack
                0x00000000200001e8      0x600 load address 0x0000000008005fd0
                0x00000000200001e8                . = ALIGN (0x8)
                [!provide]                        PROVIDE (end = .)
                0x00000000200001e8                PROVIDE (_end = .)
                0x00000000200003e8                . = (. + _Min_Heap_Size)
 *fill*         0x00000000200001e8      0x200 
                0x00000000200007e8                . = (. + _Min_Stack_Size)
 *fill*         0x00000000200003e8      0x400 
                0x00000000200007e8                . = ALIGN (0x8)

/DISCARD/
 libc.a(*)
 libm.a(*)
 libgcc.a(*)

.ARM.attributes
                0x0000000000000000       0x30
 *(.ARM.attributes)
 .ARM.attributes
                0x0000000000000000       0x1e c:/st/stm32cubeide_1.10.0/stm32cubeide/plugins/com.st.stm32cube.ide.mcu.externaltools.gnu-tools-for-stm32.10.3-2021.10.win32_1.0.100.202210260954/tools/bin/../lib/gcc/arm-none-eabi/10.3.1/thumb/v7e-m+fp/hard/crti.o
 .ARM.attributes
                0x000000000000001e       0x34 c:/st/stm32cubeide_1.10.0/stm32cubeide/plugins/com.st.stm32cube.ide.mcu.externaltools.gnu-tools-for-stm32.10.3-2021.10.win32_1.0.100.202210260954/tools/bin/../lib/gcc/arm-none-eabi/10.3.1/thumb/v7e-m+fp/hard/crtbegin.o
 .ARM.attributes
                0x0000000000000052       0x34 ./Core/Src/gpio.o
 .ARM.attributes
                0x0000000000000086       0x34 ./Core/Src/main.o
 .ARM.attributes
                0x00000000000000ba       0x34 ./Core/Src/spi.o
 .ARM.attributes
                0x00000000000000ee       0x34 ./Core/Src/stm32g4xx_hal_msp.o
 .ARM.attributes
                0x0000000000000122       0x34 ./Core/Src/stm32g4xx_it.o
 .ARM.attributes
                0x0000000000000156       0x34 ./Core/Src/syscalls.o
 .ARM.attributes
                0x000000000000018a       0x34 ./Core/Src/sysmem.o
 .ARM.attributes
                0x00000000000001be       0x34 ./Core/Src/system_stm32g4xx.o
 .ARM.attributes
                0x00000000000001f2       0x34 ./Core/Src/usart.o
 .ARM.attributes
                0x0000000000000226       0x21 ./Core/Startup/startup_stm32g431kbtx.o
 .ARM.attributes
                0x0000000000000247       0x34 ./Drivers/STM32G4xx_HAL_Driver/Src/stm32g4xx_hal.o
 .ARM.attributes
                0x000000000000027b       0x34 ./Drivers/STM32G4xx_HAL_Driver/Src/stm32g4xx_hal_cortex.o
 .ARM.attributes
                0x00000000000002af       0x34 ./Drivers/STM32G4xx_HAL_Driver/Src/stm32g4xx_hal_gpio.o
 .ARM.attributes
                0x00000000000002e3       0x34 ./Drivers/STM32G4xx_HAL_Driver/Src/stm32g4xx_hal_pwr_ex.o
 .ARM.attributes
                0x0000000000000317       0x34 ./Drivers/STM32G4xx_HAL_Driver/Src/stm32g4xx_hal_rcc.o
 .ARM.attributes
                0x000000000000034b       0x34 ./Drivers/STM32G4xx_HAL_Driver/Src/stm32g4xx_hal_rcc_ex.o
 .ARM.attributes
                0x000000000000037f       0x34 ./Drivers/STM32G4xx_HAL_Driver/Src/stm32g4xx_hal_spi.o
 .ARM.attributes
                0x00000000000003b3       0x34 ./Drivers/STM32G4xx_HAL_Driver/Src/stm32g4xx_hal_uart.o
 .ARM.attributes
                0x00000000000003e7       0x34 ./Drivers/STM32G4xx_HAL_Driver/Src/stm32g4xx_hal_uart_ex.o
 .ARM.attributes
                0x000000000000041b       0x34 ./RA01/ra01.o
 .ARM.attributes
                0x000000000000044f       0x34 c:/st/stm32cubeide_1.10.0/stm32cubeide/plugins/com.st.stm32cube.ide.mcu.externaltools.gnu-tools-for-stm32.10.3-2021.10.win32_1.0.100.202210260954/tools/bin/../lib/gcc/arm-none-eabi/10.3.1/../../../../arm-none-eabi/lib/thumb/v7e-m+fp/hard\libc_nano.a(lib_a-errno.o)
 .ARM.attributes
                0x0000000000000483       0x34 c:/st/stm32cubeide_1.10.0/stm32cubeide/plugins/com.st.stm32cube.ide.mcu.externaltools.gnu-tools-for-stm32.10.3-2021.10.win32_1.0.100.202210260954/tools/bin/../lib/gcc/arm-none-eabi/10.3.1/../../../../arm-none-eabi/lib/thumb/v7e-m+fp/hard\libc_nano.a(lib_a-impure.o)
 .ARM.attributes
                0x00000000000004b7       0x34 c:/st/stm32cubeide_1.10.0/stm32cubeide/plugins/com.st.stm32cube.ide.mcu.externaltools.gnu-tools-for-stm32.10.3-2021.10.win32_1.0.100.202210260954/tools/bin/../lib/gcc/arm-none-eabi/10.3.1/../../../../arm-none-eabi/lib/thumb/v7e-m+fp/hard\libc_nano.a(lib_a-init.o)
 .ARM.attributes
                0x00000000000004eb       0x34 c:/st/stm32cubeide_1.10.0/stm32cubeide/plugins/com.st.stm32cube.ide.mcu.externaltools.gnu-tools-for-stm32.10.3-2021.10.win32_1.0.100.202210260954/tools/bin/../lib/gcc/arm-none-eabi/10.3.1/../../../../arm-none-eabi/lib/thumb/v7e-m+fp/hard\libc_nano.a(lib_a-memset.o)
 .ARM.attributes
                0x000000000000051f       0x34 c:/st/stm32cubeide_1.10.0/stm32cubeide/plugins/com.st.stm32cube.ide.mcu.externaltools.gnu-tools-for-stm32.10.3-2021.10.win32_1.0.100.202210260954/tools/bin/../lib/gcc/arm-none-eabi/10.3.1/../../../../arm-none-eabi/lib/thumb/v7e-m+fp/hard\libc_nano.a(lib_a-sprintf.o)
 .ARM.attributes
                0x0000000000000553       0x17 c:/st/stm32cubeide_1.10.0/stm32cubeide/plugins/com.st.stm32cube.ide.mcu.externaltools.gnu-tools-for-stm32.10.3-2021.10.win32_1.0.100.202210260954/tools/bin/../lib/gcc/arm-none-eabi/10.3.1/../../../../arm-none-eabi/lib/thumb/v7e-m+fp/hard\libc_nano.a(lib_a-strlen.o)
 .ARM.attributes
                0x000000000000056a       0x34 c:/st/stm32cubeide_1.10.0/stm32cubeide/plugins/com.st.stm32cube.ide.mcu.externaltools.gnu-tools-for-stm32.10.3-2021.10.win32_1.0.100.202210260954/tools/bin/../lib/gcc/arm-none-eabi/10.3.1/../../../../arm-none-eabi/lib/thumb/v7e-m+fp/hard\libc_nano.a(lib_a-nano-svfprintf.o)
 .ARM.attributes
                0x000000000000059e       0x34 c:/st/stm32cubeide_1.10.0/stm32cubeide/plugins/com.st.stm32cube.ide.mcu.externaltools.gnu-tools-for-stm32.10.3-2021.10.win32_1.0.100.202210260954/tools/bin/../lib/gcc/arm-none-eabi/10.3.1/../../../../arm-none-eabi/lib/thumb/v7e-m+fp/hard\libc_nano.a(lib_a-nano-vfprintf_i.o)
 .ARM.attributes
                0x00000000000005d2       0x1c c:/st/stm32cubeide_1.10.0/stm32cubeide/plugins/com.st.stm32cube.ide.mcu.externaltools.gnu-tools-for-stm32.10.3-2021.10.win32_1.0.100.202210260954/tools/bin/../lib/gcc/arm-none-eabi/10.3.1/../../../../arm-none-eabi/lib/thumb/v7e-m+fp/hard\libc_nano.a(lib_a-memchr.o)
 .ARM.attributes
                0x00000000000005ee       0x34 c:/st/stm32cubeide_1.10.0/stm32cubeide/plugins/com.st.stm32cube.ide.mcu.externaltools.gnu-tools-for-stm32.10.3-2021.10.win32_1.0.100.202210260954/tools/bin/../lib/gcc/arm-none-eabi/10.3.1/../../../../arm-none-eabi/lib/thumb/v7e-m+fp/hard\libc_nano.a(lib_a-memcpy-stub.o)
 .ARM.attributes
                0x0000000000000622       0x34 c:/st/stm32cubeide_1.10.0/stm32cubeide/plugins/com.st.stm32cube.ide.mcu.externaltools.gnu-tools-for-stm32.10.3-2021.10.win32_1.0.100.202210260954/tools/bin/../lib/gcc/arm-none-eabi/10.3.1/../../../../arm-none-eabi/lib/thumb/v7e-m+fp/hard\libc_nano.a(lib_a-memmove.o)
 .ARM.attributes
                0x0000000000000656       0x34 c:/st/stm32cubeide_1.10.0/stm32cubeide/plugins/com.st.stm32cube.ide.mcu.externaltools.gnu-tools-for-stm32.10.3-2021.10.win32_1.0.100.202210260954/tools/bin/../lib/gcc/arm-none-eabi/10.3.1/../../../../arm-none-eabi/lib/thumb/v7e-m+fp/hard\libc_nano.a(lib_a-nano-freer.o)
 .ARM.attributes
                0x000000000000068a       0x34 c:/st/stm32cubeide_1.10.0/stm32cubeide/plugins/com.st.stm32cube.ide.mcu.externaltools.gnu-tools-for-stm32.10.3-2021.10.win32_1.0.100.202210260954/tools/bin/../lib/gcc/arm-none-eabi/10.3.1/../../../../arm-none-eabi/lib/thumb/v7e-m+fp/hard\libc_nano.a(lib_a-nano-mallocr.o)
 .ARM.attributes
                0x00000000000006be       0x34 c:/st/stm32cubeide_1.10.0/stm32cubeide/plugins/com.st.stm32cube.ide.mcu.externaltools.gnu-tools-for-stm32.10.3-2021.10.win32_1.0.100.202210260954/tools/bin/../lib/gcc/arm-none-eabi/10.3.1/../../../../arm-none-eabi/lib/thumb/v7e-m+fp/hard\libc_nano.a(lib_a-nano-reallocr.o)
 .ARM.attributes
                0x00000000000006f2       0x34 c:/st/stm32cubeide_1.10.0/stm32cubeide/plugins/com.st.stm32cube.ide.mcu.externaltools.gnu-tools-for-stm32.10.3-2021.10.win32_1.0.100.202210260954/tools/bin/../lib/gcc/arm-none-eabi/10.3.1/../../../../arm-none-eabi/lib/thumb/v7e-m+fp/hard\libc_nano.a(lib_a-sbrkr.o)
 .ARM.attributes
                0x0000000000000726       0x34 c:/st/stm32cubeide_1.10.0/stm32cubeide/plugins/com.st.stm32cube.ide.mcu.externaltools.gnu-tools-for-stm32.10.3-2021.10.win32_1.0.100.202210260954/tools/bin/../lib/gcc/arm-none-eabi/10.3.1/../../../../arm-none-eabi/lib/thumb/v7e-m+fp/hard\libc_nano.a(lib_a-mlock.o)
 .ARM.attributes
                0x000000000000075a       0x34 c:/st/stm32cubeide_1.10.0/stm32cubeide/plugins/com.st.stm32cube.ide.mcu.externaltools.gnu-tools-for-stm32.10.3-2021.10.win32_1.0.100.202210260954/tools/bin/../lib/gcc/arm-none-eabi/10.3.1/../../../../arm-none-eabi/lib/thumb/v7e-m+fp/hard\libc_nano.a(lib_a-nano-msizer.o)
 .ARM.attributes
                0x000000000000078e       0x34 c:/st/stm32cubeide_1.10.0/stm32cubeide/plugins/com.st.stm32cube.ide.mcu.externaltools.gnu-tools-for-stm32.10.3-2021.10.win32_1.0.100.202210260954/tools/bin/../lib/gcc/arm-none-eabi/10.3.1/../../../../arm-none-eabi/lib/thumb/v7e-m+fp/hard\libc_nano.a(lib_a-reent.o)
 .ARM.attributes
                0x00000000000007c2       0x34 c:/st/stm32cubeide_1.10.0/stm32cubeide/plugins/com.st.stm32cube.ide.mcu.externaltools.gnu-tools-for-stm32.10.3-2021.10.win32_1.0.100.202210260954/tools/bin/../lib/gcc/arm-none-eabi/10.3.1/../../../../arm-none-eabi/lib/thumb/v7e-m+fp/hard\libc_nano.a(lib_a-lock.o)
 .ARM.attributes
                0x00000000000007f6       0x1e c:/st/stm32cubeide_1.10.0/stm32cubeide/plugins/com.st.stm32cube.ide.mcu.externaltools.gnu-tools-for-stm32.10.3-2021.10.win32_1.0.100.202210260954/tools/bin/../lib/gcc/arm-none-eabi/10.3.1/thumb/v7e-m+fp/hard\libgcc.a(_aeabi_uldivmod.o)
 .ARM.attributes
                0x0000000000000814       0x34 c:/st/stm32cubeide_1.10.0/stm32cubeide/plugins/com.st.stm32cube.ide.mcu.externaltools.gnu-tools-for-stm32.10.3-2021.10.win32_1.0.100.202210260954/tools/bin/../lib/gcc/arm-none-eabi/10.3.1/thumb/v7e-m+fp/hard\libgcc.a(_udivmoddi4.o)
 .ARM.attributes
                0x0000000000000848       0x34 c:/st/stm32cubeide_1.10.0/stm32cubeide/plugins/com.st.stm32cube.ide.mcu.externaltools.gnu-tools-for-stm32.10.3-2021.10.win32_1.0.100.202210260954/tools/bin/../lib/gcc/arm-none-eabi/10.3.1/thumb/v7e-m+fp/hard\libgcc.a(unwind-arm.o)
 .ARM.attributes
                0x000000000000087c       0x1e c:/st/stm32cubeide_1.10.0/stm32cubeide/plugins/com.st.stm32cube.ide.mcu.externaltools.gnu-tools-for-stm32.10.3-2021.10.win32_1.0.100.202210260954/tools/bin/../lib/gcc/arm-none-eabi/10.3.1/thumb/v7e-m+fp/hard\libgcc.a(libunwind.o)
 .ARM.attributes
                0x000000000000089a       0x34 c:/st/stm32cubeide_1.10.0/stm32cubeide/plugins/com.st.stm32cube.ide.mcu.externaltools.gnu-tools-for-stm32.10.3-2021.10.win32_1.0.100.202210260954/tools/bin/../lib/gcc/arm-none-eabi/10.3.1/thumb/v7e-m+fp/hard\libgcc.a(pr-support.o)
 .ARM.attributes
                0x00000000000008ce       0x1e c:/st/stm32cubeide_1.10.0/stm32cubeide/plugins/com.st.stm32cube.ide.mcu.externaltools.gnu-tools-for-stm32.10.3-2021.10.win32_1.0.100.202210260954/tools/bin/../lib/gcc/arm-none-eabi/10.3.1/thumb/v7e-m+fp/hard\libgcc.a(_dvmd_tls.o)
 .ARM.attributes
                0x00000000000008ec       0x34 c:/st/stm32cubeide_1.10.0/stm32cubeide/plugins/com.st.stm32cube.ide.mcu.externaltools.gnu-tools-for-stm32.10.3-2021.10.win32_1.0.100.202210260954/tools/bin/../lib/gcc/arm-none-eabi/10.3.1/../../../../arm-none-eabi/lib/thumb/v7e-m+fp/hard\libc_nano.a(lib_a-abort.o)
 .ARM.attributes
                0x0000000000000920       0x34 c:/st/stm32cubeide_1.10.0/stm32cubeide/plugins/com.st.stm32cube.ide.mcu.externaltools.gnu-tools-for-stm32.10.3-2021.10.win32_1.0.100.202210260954/tools/bin/../lib/gcc/arm-none-eabi/10.3.1/../../../../arm-none-eabi/lib/thumb/v7e-m+fp/hard\libc_nano.a(lib_a-signal.o)
 .ARM.attributes
                0x0000000000000954       0x34 c:/st/stm32cubeide_1.10.0/stm32cubeide/plugins/com.st.stm32cube.ide.mcu.externaltools.gnu-tools-for-stm32.10.3-2021.10.win32_1.0.100.202210260954/tools/bin/../lib/gcc/arm-none-eabi/10.3.1/../../../../arm-none-eabi/lib/thumb/v7e-m+fp/hard\libc_nano.a(lib_a-signalr.o)
 .ARM.attributes
                0x0000000000000988       0x1e c:/st/stm32cubeide_1.10.0/stm32cubeide/plugins/com.st.stm32cube.ide.mcu.externaltools.gnu-tools-for-stm32.10.3-2021.10.win32_1.0.100.202210260954/tools/bin/../lib/gcc/arm-none-eabi/10.3.1/thumb/v7e-m+fp/hard/crtn.o
OUTPUT(STM32Lora.elf elf32-littlearm)
LOAD linker stubs
LOAD c:/st/stm32cubeide_1.10.0/stm32cubeide/plugins/com.st.stm32cube.ide.mcu.externaltools.gnu-tools-for-stm32.10.3-2021.10.win32_1.0.100.202210260954/tools/bin/../lib/gcc/arm-none-eabi/10.3.1/../../../../arm-none-eabi/lib/thumb/v7e-m+fp/hard\libc.a
LOAD c:/st/stm32cubeide_1.10.0/stm32cubeide/plugins/com.st.stm32cube.ide.mcu.externaltools.gnu-tools-for-stm32.10.3-2021.10.win32_1.0.100.202210260954/tools/bin/../lib/gcc/arm-none-eabi/10.3.1/../../../../arm-none-eabi/lib/thumb/v7e-m+fp/hard\libm.a
LOAD c:/st/stm32cubeide_1.10.0/stm32cubeide/plugins/com.st.stm32cube.ide.mcu.externaltools.gnu-tools-for-stm32.10.3-2021.10.win32_1.0.100.202210260954/tools/bin/../lib/gcc/arm-none-eabi/10.3.1/thumb/v7e-m+fp/hard\libgcc.a

.debug_info     0x0000000000000000    0x1142d
 .debug_info    0x0000000000000000      0x4c3 ./Core/Src/gpio.o
 .debug_info    0x00000000000004c3     0x119d ./Core/Src/main.o
 .debug_info    0x0000000000001660      0xb7d ./Core/Src/spi.o
 .debug_info    0x00000000000021dd      0x324 ./Core/Src/stm32g4xx_hal_msp.o
 .debug_info    0x0000000000002501      0x122 ./Core/Src/stm32g4xx_it.o
 .debug_info    0x0000000000002623      0x6e0 ./Core/Src/syscalls.o
 .debug_info    0x0000000000002d03      0x171 ./Core/Src/sysmem.o
 .debug_info    0x0000000000002e74      0x59f ./Core/Src/system_stm32g4xx.o
 .debug_info    0x0000000000003413      0xda9 ./Core/Src/usart.o
 .debug_info    0x00000000000041bc       0x22 ./Core/Startup/startup_stm32g431kbtx.o
 .debug_info    0x00000000000041de      0xae3 ./Drivers/STM32G4xx_HAL_Driver/Src/stm32g4xx_hal.o
 .debug_info    0x0000000000004cc1      0xdc4 ./Drivers/STM32G4xx_HAL_Driver/Src/stm32g4xx_hal_cortex.o
 .debug_info    0x0000000000005a85      0x82f ./Drivers/STM32G4xx_HAL_Driver/Src/stm32g4xx_hal_gpio.o
 .debug_info    0x00000000000062b4      0x983 ./Drivers/STM32G4xx_HAL_Driver/Src/stm32g4xx_hal_pwr_ex.o
 .debug_info    0x0000000000006c37      0xc53 ./Drivers/STM32G4xx_HAL_Driver/Src/stm32g4xx_hal_rcc.o
 .debug_info    0x000000000000788a      0xcfe ./Drivers/STM32G4xx_HAL_Driver/Src/stm32g4xx_hal_rcc_ex.o
 .debug_info    0x0000000000008588     0x18b8 ./Drivers/STM32G4xx_HAL_Driver/Src/stm32g4xx_hal_spi.o
 .debug_info    0x0000000000009e40     0x4936 ./Drivers/STM32G4xx_HAL_Driver/Src/stm32g4xx_hal_uart.o
 .debug_info    0x000000000000e776     0x1031 ./Drivers/STM32G4xx_HAL_Driver/Src/stm32g4xx_hal_uart_ex.o
 .debug_info    0x000000000000f7a7     0x1c86 ./RA01/ra01.o

.debug_abbrev   0x0000000000000000     0x276b
 .debug_abbrev  0x0000000000000000      0x146 ./Core/Src/gpio.o
 .debug_abbrev  0x0000000000000146      0x2fd ./Core/Src/main.o
 .debug_abbrev  0x0000000000000443      0x1e0 ./Core/Src/spi.o
 .debug_abbrev  0x0000000000000623       0xc2 ./Core/Src/stm32g4xx_hal_msp.o
 .debug_abbrev  0x00000000000006e5       0x74 ./Core/Src/stm32g4xx_it.o
 .debug_abbrev  0x0000000000000759      0x1b3 ./Core/Src/syscalls.o
 .debug_abbrev  0x000000000000090c       0xbb ./Core/Src/sysmem.o
 .debug_abbrev  0x00000000000009c7      0x116 ./Core/Src/system_stm32g4xx.o
 .debug_abbrev  0x0000000000000add      0x1fe ./Core/Src/usart.o
 .debug_abbrev  0x0000000000000cdb       0x12 ./Core/Startup/startup_stm32g431kbtx.o
 .debug_abbrev  0x0000000000000ced      0x269 ./Drivers/STM32G4xx_HAL_Driver/Src/stm32g4xx_hal.o
 .debug_abbrev  0x0000000000000f56      0x30d ./Drivers/STM32G4xx_HAL_Driver/Src/stm32g4xx_hal_cortex.o
 .debug_abbrev  0x0000000000001263      0x1bb ./Drivers/STM32G4xx_HAL_Driver/Src/stm32g4xx_hal_gpio.o
 .debug_abbrev  0x000000000000141e      0x229 ./Drivers/STM32G4xx_HAL_Driver/Src/stm32g4xx_hal_pwr_ex.o
 .debug_abbrev  0x0000000000001647      0x2bd ./Drivers/STM32G4xx_HAL_Driver/Src/stm32g4xx_hal_rcc.o
 .debug_abbrev  0x0000000000001904      0x247 ./Drivers/STM32G4xx_HAL_Driver/Src/stm32g4xx_hal_rcc_ex.o
 .debug_abbrev  0x0000000000001b4b      0x254 ./Drivers/STM32G4xx_HAL_Driver/Src/stm32g4xx_hal_spi.o
 .debug_abbrev  0x0000000000001d9f      0x2f0 ./Drivers/STM32G4xx_HAL_Driver/Src/stm32g4xx_hal_uart.o
 .debug_abbrev  0x000000000000208f      0x2bd ./Drivers/STM32G4xx_HAL_Driver/Src/stm32g4xx_hal_uart_ex.o
 .debug_abbrev  0x000000000000234c      0x41f ./RA01/ra01.o

.debug_aranges  0x0000000000000000      0xde0
 .debug_aranges
                0x0000000000000000       0x20 ./Core/Src/gpio.o
 .debug_aranges
                0x0000000000000020       0x40 ./Core/Src/main.o
 .debug_aranges
                0x0000000000000060       0x30 ./Core/Src/spi.o
 .debug_aranges
                0x0000000000000090       0x20 ./Core/Src/stm32g4xx_hal_msp.o
 .debug_aranges
                0x00000000000000b0       0x60 ./Core/Src/stm32g4xx_it.o
 .debug_aranges
                0x0000000000000110       0xa8 ./Core/Src/syscalls.o
 .debug_aranges
                0x00000000000001b8       0x20 ./Core/Src/sysmem.o
 .debug_aranges
                0x00000000000001d8       0x28 ./Core/Src/system_stm32g4xx.o
 .debug_aranges
                0x0000000000000200       0x30 ./Core/Src/usart.o
 .debug_aranges
                0x0000000000000230       0x28 ./Core/Startup/startup_stm32g431kbtx.o
 .debug_aranges
                0x0000000000000258      0x130 ./Drivers/STM32G4xx_HAL_Driver/Src/stm32g4xx_hal.o
 .debug_aranges
                0x0000000000000388      0x118 ./Drivers/STM32G4xx_HAL_Driver/Src/stm32g4xx_hal_cortex.o
 .debug_aranges
                0x00000000000004a0       0x58 ./Drivers/STM32G4xx_HAL_Driver/Src/stm32g4xx_hal_gpio.o
 .debug_aranges
                0x00000000000004f8      0x140 ./Drivers/STM32G4xx_HAL_Driver/Src/stm32g4xx_hal_pwr_ex.o
 .debug_aranges
                0x0000000000000638       0x98 ./Drivers/STM32G4xx_HAL_Driver/Src/stm32g4xx_hal_rcc.o
 .debug_aranges
                0x00000000000006d0       0xb0 ./Drivers/STM32G4xx_HAL_Driver/Src/stm32g4xx_hal_rcc_ex.o
 .debug_aranges
                0x0000000000000780      0x1d8 ./Drivers/STM32G4xx_HAL_Driver/Src/stm32g4xx_hal_spi.o
 .debug_aranges
                0x0000000000000958      0x248 ./Drivers/STM32G4xx_HAL_Driver/Src/stm32g4xx_hal_uart.o
 .debug_aranges
                0x0000000000000ba0       0xa0 ./Drivers/STM32G4xx_HAL_Driver/Src/stm32g4xx_hal_uart_ex.o
 .debug_aranges
                0x0000000000000c40      0x1a0 ./RA01/ra01.o

.debug_ranges   0x0000000000000000      0xcd8
 .debug_ranges  0x0000000000000000       0x10 ./Core/Src/gpio.o
 .debug_ranges  0x0000000000000010       0x30 ./Core/Src/main.o
 .debug_ranges  0x0000000000000040       0x20 ./Core/Src/spi.o
 .debug_ranges  0x0000000000000060       0x10 ./Core/Src/stm32g4xx_hal_msp.o
 .debug_ranges  0x0000000000000070       0x50 ./Core/Src/stm32g4xx_it.o
 .debug_ranges  0x00000000000000c0       0x98 ./Core/Src/syscalls.o
 .debug_ranges  0x0000000000000158       0x10 ./Core/Src/sysmem.o
 .debug_ranges  0x0000000000000168       0x18 ./Core/Src/system_stm32g4xx.o
 .debug_ranges  0x0000000000000180       0x20 ./Core/Src/usart.o
 .debug_ranges  0x00000000000001a0       0x20 ./Core/Startup/startup_stm32g431kbtx.o
 .debug_ranges  0x00000000000001c0      0x120 ./Drivers/STM32G4xx_HAL_Driver/Src/stm32g4xx_hal.o
 .debug_ranges  0x00000000000002e0      0x108 ./Drivers/STM32G4xx_HAL_Driver/Src/stm32g4xx_hal_cortex.o
 .debug_ranges  0x00000000000003e8       0x48 ./Drivers/STM32G4xx_HAL_Driver/Src/stm32g4xx_hal_gpio.o
 .debug_ranges  0x0000000000000430      0x130 ./Drivers/STM32G4xx_HAL_Driver/Src/stm32g4xx_hal_pwr_ex.o
 .debug_ranges  0x0000000000000560       0x88 ./Drivers/STM32G4xx_HAL_Driver/Src/stm32g4xx_hal_rcc.o
 .debug_ranges  0x00000000000005e8       0xa0 ./Drivers/STM32G4xx_HAL_Driver/Src/stm32g4xx_hal_rcc_ex.o
 .debug_ranges  0x0000000000000688      0x1c8 ./Drivers/STM32G4xx_HAL_Driver/Src/stm32g4xx_hal_spi.o
 .debug_ranges  0x0000000000000850      0x268 ./Drivers/STM32G4xx_HAL_Driver/Src/stm32g4xx_hal_uart.o
 .debug_ranges  0x0000000000000ab8       0x90 ./Drivers/STM32G4xx_HAL_Driver/Src/stm32g4xx_hal_uart_ex.o
 .debug_ranges  0x0000000000000b48      0x190 ./RA01/ra01.o

.debug_macro    0x0000000000000000    0x217ac
 .debug_macro   0x0000000000000000      0x1e8 ./Core/Src/gpio.o
 .debug_macro   0x00000000000001e8      0xa78 ./Core/Src/gpio.o
 .debug_macro   0x0000000000000c60      0x15b ./Core/Src/gpio.o
 .debug_macro   0x0000000000000dbb       0x2e ./Core/Src/gpio.o
 .debug_macro   0x0000000000000de9       0x28 ./Core/Src/gpio.o
 .debug_macro   0x0000000000000e11       0x22 ./Core/Src/gpio.o
 .debug_macro   0x0000000000000e33       0x8e ./Core/Src/gpio.o
 .debug_macro   0x0000000000000ec1       0x51 ./Core/Src/gpio.o
 .debug_macro   0x0000000000000f12      0x103 ./Core/Src/gpio.o
 .debug_macro   0x0000000000001015       0x6a ./Core/Src/gpio.o
 .debug_macro   0x000000000000107f      0x1df ./Core/Src/gpio.o
 .debug_macro   0x000000000000125e       0x1c ./Core/Src/gpio.o
 .debug_macro   0x000000000000127a       0x22 ./Core/Src/gpio.o
 .debug_macro   0x000000000000129c       0xfb ./Core/Src/gpio.o
 .debug_macro   0x0000000000001397     0x1011 ./Core/Src/gpio.o
 .debug_macro   0x00000000000023a8      0x11f ./Core/Src/gpio.o
 .debug_macro   0x00000000000024c7    0x11396 ./Core/Src/gpio.o
 .debug_macro   0x000000000001385d       0x6d ./Core/Src/gpio.o
 .debug_macro   0x00000000000138ca     0x3554 ./Core/Src/gpio.o
 .debug_macro   0x0000000000016e1e      0x174 ./Core/Src/gpio.o
 .debug_macro   0x0000000000016f92       0x5c ./Core/Src/gpio.o
 .debug_macro   0x0000000000016fee     0x141d ./Core/Src/gpio.o
 .debug_macro   0x000000000001840b      0x535 ./Core/Src/gpio.o
 .debug_macro   0x0000000000018940      0x1b6 ./Core/Src/gpio.o
 .debug_macro   0x0000000000018af6      0x288 ./Core/Src/gpio.o
 .debug_macro   0x0000000000018d7e      0x41d ./Core/Src/gpio.o
 .debug_macro   0x000000000001919b      0x18b ./Core/Src/gpio.o
 .debug_macro   0x0000000000019326       0x43 ./Core/Src/gpio.o
 .debug_macro   0x0000000000019369      0x23d ./Core/Src/gpio.o
 .debug_macro   0x00000000000195a6      0x211 ./Core/Src/gpio.o
 .debug_macro   0x00000000000197b7      0x401 ./Core/Src/gpio.o
 .debug_macro   0x0000000000019bb8      0x107 ./Core/Src/gpio.o
 .debug_macro   0x0000000000019cbf      0x122 ./Core/Src/gpio.o
 .debug_macro   0x0000000000019de1      0x3d1 ./Core/Src/gpio.o
 .debug_macro   0x000000000001a1b2      0x2fe ./Core/Src/gpio.o
 .debug_macro   0x000000000001a4b0      0x67e ./Core/Src/gpio.o
 .debug_macro   0x000000000001ab2e       0xa6 ./Core/Src/gpio.o
 .debug_macro   0x000000000001abd4      0x306 ./Core/Src/gpio.o
 .debug_macro   0x000000000001aeda       0x7c ./Core/Src/gpio.o
 .debug_macro   0x000000000001af56      0x39d ./Core/Src/main.o
 .debug_macro   0x000000000001b2f3      0xb68 ./Core/Src/main.o
 .debug_macro   0x000000000001be5b       0x1c ./Core/Src/main.o
 .debug_macro   0x000000000001be77     0x1011 ./Core/Src/main.o
 .debug_macro   0x000000000001ce88      0x17b ./Core/Src/main.o
 .debug_macro   0x000000000001d003       0x52 ./Core/Src/main.o
 .debug_macro   0x000000000001d055       0x1e ./Core/Src/main.o
 .debug_macro   0x000000000001d073       0x3c ./Core/Src/main.o
 .debug_macro   0x000000000001d0af       0x34 ./Core/Src/main.o
 .debug_macro   0x000000000001d0e3       0x16 ./Core/Src/main.o
 .debug_macro   0x000000000001d0f9       0x43 ./Core/Src/main.o
 .debug_macro   0x000000000001d13c       0x34 ./Core/Src/main.o
 .debug_macro   0x000000000001d170       0x10 ./Core/Src/main.o
 .debug_macro   0x000000000001d180       0x58 ./Core/Src/main.o
 .debug_macro   0x000000000001d1d8       0x71 ./Core/Src/main.o
 .debug_macro   0x000000000001d249       0x16 ./Core/Src/main.o
 .debug_macro   0x000000000001d25f      0x12a ./Core/Src/main.o
 .debug_macro   0x000000000001d389      0x364 ./Core/Src/main.o
 .debug_macro   0x000000000001d6ed       0x10 ./Core/Src/main.o
 .debug_macro   0x000000000001d6fd       0x35 ./Core/Src/main.o
 .debug_macro   0x000000000001d732       0x20 ./Core/Src/main.o
 .debug_macro   0x000000000001d752       0x1c ./Core/Src/main.o
 .debug_macro   0x000000000001d76e       0x10 ./Core/Src/main.o
 .debug_macro   0x000000000001d77e       0x10 ./Core/Src/main.o
 .debug_macro   0x000000000001d78e       0x1c ./Core/Src/main.o
 .debug_macro   0x000000000001d7aa       0x52 ./Core/Src/main.o
 .debug_macro   0x000000000001d7fc       0x22 ./Core/Src/main.o
 .debug_macro   0x000000000001d81e       0x10 ./Core/Src/main.o
 .debug_macro   0x000000000001d82e       0x52 ./Core/Src/main.o
 .debug_macro   0x000000000001d880       0xd5 ./Core/Src/main.o
 .debug_macro   0x000000000001d955       0x1c ./Core/Src/main.o
 .debug_macro   0x000000000001d971       0x3d ./Core/Src/main.o
 .debug_macro   0x000000000001d9ae       0x16 ./Core/Src/main.o
 .debug_macro   0x000000000001d9c4      0x137 ./Core/Src/main.o
 .debug_macro   0x000000000001dafb       0x16 ./Core/Src/main.o
 .debug_macro   0x000000000001db11      0x1e8 ./Core/Src/spi.o
 .debug_macro   0x000000000001dcf9      0x1de ./Core/Src/stm32g4xx_hal_msp.o
 .debug_macro   0x000000000001ded7      0x1e8 ./Core/Src/stm32g4xx_it.o
 .debug_macro   0x000000000001e0bf      0x24c ./Core/Src/syscalls.o
 .debug_macro   0x000000000001e30b       0x4c ./Core/Src/syscalls.o
 .debug_macro   0x000000000001e357       0x94 ./Core/Src/syscalls.o
 .debug_macro   0x000000000001e3eb       0x34 ./Core/Src/syscalls.o
 .debug_macro   0x000000000001e41f       0x57 ./Core/Src/syscalls.o
 .debug_macro   0x000000000001e476      0x341 ./Core/Src/syscalls.o
 .debug_macro   0x000000000001e7b7       0x43 ./Core/Src/syscalls.o
 .debug_macro   0x000000000001e7fa       0x1c ./Core/Src/syscalls.o
 .debug_macro   0x000000000001e816       0x10 ./Core/Src/syscalls.o
 .debug_macro   0x000000000001e826       0x35 ./Core/Src/syscalls.o
 .debug_macro   0x000000000001e85b       0x10 ./Core/Src/syscalls.o
 .debug_macro   0x000000000001e86b       0x10 ./Core/Src/syscalls.o
 .debug_macro   0x000000000001e87b       0x35 ./Core/Src/syscalls.o
 .debug_macro   0x000000000001e8b0      0x12c ./Core/Src/syscalls.o
 .debug_macro   0x000000000001e9dc       0x16 ./Core/Src/syscalls.o
 .debug_macro   0x000000000001e9f2       0x16 ./Core/Src/syscalls.o
 .debug_macro   0x000000000001ea08       0x29 ./Core/Src/syscalls.o
 .debug_macro   0x000000000001ea31       0x10 ./Core/Src/syscalls.o
 .debug_macro   0x000000000001ea41      0x241 ./Core/Src/syscalls.o
 .debug_macro   0x000000000001ec82       0x10 ./Core/Src/syscalls.o
 .debug_macro   0x000000000001ec92      0x145 ./Core/Src/syscalls.o
 .debug_macro   0x000000000001edd7      0x189 ./Core/Src/syscalls.o
 .debug_macro   0x000000000001ef60       0x16 ./Core/Src/syscalls.o
 .debug_macro   0x000000000001ef76       0xce ./Core/Src/syscalls.o
 .debug_macro   0x000000000001f044       0xff ./Core/Src/sysmem.o
 .debug_macro   0x000000000001f143      0x23b ./Core/Src/sysmem.o
 .debug_macro   0x000000000001f37e      0x1cf ./Core/Src/system_stm32g4xx.o
 .debug_macro   0x000000000001f54d      0x1e8 ./Core/Src/usart.o
 .debug_macro   0x000000000001f735      0x21d ./Drivers/STM32G4xx_HAL_Driver/Src/stm32g4xx_hal.o
 .debug_macro   0x000000000001f952      0x1cf ./Drivers/STM32G4xx_HAL_Driver/Src/stm32g4xx_hal_cortex.o
 .debug_macro   0x000000000001fb21      0x1d6 ./Drivers/STM32G4xx_HAL_Driver/Src/stm32g4xx_hal_gpio.o
 .debug_macro   0x000000000001fcf7      0x1f9 ./Drivers/STM32G4xx_HAL_Driver/Src/stm32g4xx_hal_pwr_ex.o
 .debug_macro   0x000000000001fef0      0x211 ./Drivers/STM32G4xx_HAL_Driver/Src/stm32g4xx_hal_rcc.o
 .debug_macro   0x0000000000020101      0x1f9 ./Drivers/STM32G4xx_HAL_Driver/Src/stm32g4xx_hal_rcc_ex.o
 .debug_macro   0x00000000000202fa      0x1d7 ./Drivers/STM32G4xx_HAL_Driver/Src/stm32g4xx_hal_spi.o
 .debug_macro   0x00000000000204d1      0x1fa ./Drivers/STM32G4xx_HAL_Driver/Src/stm32g4xx_hal_uart.o
 .debug_macro   0x00000000000206cb      0x1db ./Drivers/STM32G4xx_HAL_Driver/Src/stm32g4xx_hal_uart_ex.o
 .debug_macro   0x00000000000208a6      0x324 ./RA01/ra01.o
 .debug_macro   0x0000000000020bca      0xb50 ./RA01/ra01.o
 .debug_macro   0x000000000002171a       0x82 ./RA01/ra01.o
 .debug_macro   0x000000000002179c       0x10 ./RA01/ra01.o

.debug_line     0x0000000000000000    0x108c1
 .debug_line    0x0000000000000000      0x704 ./Core/Src/gpio.o
 .debug_line    0x0000000000000704      0xa96 ./Core/Src/main.o
 .debug_line    0x000000000000119a      0x757 ./Core/Src/spi.o
 .debug_line    0x00000000000018f1      0x6de ./Core/Src/stm32g4xx_hal_msp.o
 .debug_line    0x0000000000001fcf      0x7a1 ./Core/Src/stm32g4xx_it.o
 .debug_line    0x0000000000002770      0x7f4 ./Core/Src/syscalls.o
 .debug_line    0x0000000000002f64      0x4ea ./Core/Src/sysmem.o
 .debug_line    0x000000000000344e      0x740 ./Core/Src/system_stm32g4xx.o
 .debug_line    0x0000000000003b8e      0x77d ./Core/Src/usart.o
 .debug_line    0x000000000000430b       0x89 ./Core/Startup/startup_stm32g431kbtx.o
 .debug_line    0x0000000000004394      0xab7 ./Drivers/STM32G4xx_HAL_Driver/Src/stm32g4xx_hal.o
 .debug_line    0x0000000000004e4b      0xc6a ./Drivers/STM32G4xx_HAL_Driver/Src/stm32g4xx_hal_cortex.o
 .debug_line    0x0000000000005ab5      0xafa ./Drivers/STM32G4xx_HAL_Driver/Src/stm32g4xx_hal_gpio.o
 .debug_line    0x00000000000065af      0xc6e ./Drivers/STM32G4xx_HAL_Driver/Src/stm32g4xx_hal_pwr_ex.o
 .debug_line    0x000000000000721d      0xecd ./Drivers/STM32G4xx_HAL_Driver/Src/stm32g4xx_hal_rcc.o
 .debug_line    0x00000000000080ea     0x1090 ./Drivers/STM32G4xx_HAL_Driver/Src/stm32g4xx_hal_rcc_ex.o
 .debug_line    0x000000000000917a     0x1f01 ./Drivers/STM32G4xx_HAL_Driver/Src/stm32g4xx_hal_spi.o
 .debug_line    0x000000000000b07b     0x3b0d ./Drivers/STM32G4xx_HAL_Driver/Src/stm32g4xx_hal_uart.o
 .debug_line    0x000000000000eb88      0xd62 ./Drivers/STM32G4xx_HAL_Driver/Src/stm32g4xx_hal_uart_ex.o
 .debug_line    0x000000000000f8ea      0xfd7 ./RA01/ra01.o

.debug_str      0x0000000000000000    0xbbb87
 .debug_str     0x0000000000000000    0xb12ab ./Core/Src/gpio.o
                                      0xb1574 (size before relaxing)
 .debug_str     0x00000000000b12ab     0x504a ./Core/Src/main.o
                                      0xb6429 (size before relaxing)
 .debug_str     0x00000000000b62f5       0x5b ./Core/Src/spi.o
                                      0xb1aa9 (size before relaxing)
 .debug_str     0x00000000000b6350       0x2c ./Core/Src/stm32g4xx_hal_msp.o
                                      0xb14a9 (size before relaxing)
 .debug_str     0x00000000000b637c       0xc9 ./Core/Src/stm32g4xx_it.o
                                      0xb13d9 (size before relaxing)
 .debug_str     0x00000000000b6445     0x187d ./Core/Src/syscalls.o
                                       0x8a6a (size before relaxing)
 .debug_str     0x00000000000b7cc2       0x6b ./Core/Src/sysmem.o
                                       0x5da6 (size before relaxing)
 .debug_str     0x00000000000b7d2d       0xdb ./Core/Src/system_stm32g4xx.o
                                      0xb137f (size before relaxing)
 .debug_str     0x00000000000b7e08      0x238 ./Core/Src/usart.o
                                      0xb1cec (size before relaxing)
 .debug_str     0x00000000000b8040       0x36 ./Core/Startup/startup_stm32g431kbtx.o
                                         0x68 (size before relaxing)
 .debug_str     0x00000000000b8076      0xa0c ./Drivers/STM32G4xx_HAL_Driver/Src/stm32g4xx_hal.o
                                      0xb1e97 (size before relaxing)
 .debug_str     0x00000000000b8a82      0x33b ./Drivers/STM32G4xx_HAL_Driver/Src/stm32g4xx_hal_cortex.o
                                      0xb1b42 (size before relaxing)
 .debug_str     0x00000000000b8dbd      0x123 ./Drivers/STM32G4xx_HAL_Driver/Src/stm32g4xx_hal_gpio.o
                                      0xb150a (size before relaxing)
 .debug_str     0x00000000000b8ee0      0x4c6 ./Drivers/STM32G4xx_HAL_Driver/Src/stm32g4xx_hal_pwr_ex.o
                                      0xb186d (size before relaxing)
 .debug_str     0x00000000000b93a6      0x4d5 ./Drivers/STM32G4xx_HAL_Driver/Src/stm32g4xx_hal_rcc.o
                                      0xb1a78 (size before relaxing)
 .debug_str     0x00000000000b987b      0x401 ./Drivers/STM32G4xx_HAL_Driver/Src/stm32g4xx_hal_rcc_ex.o
                                      0xb1a79 (size before relaxing)
 .debug_str     0x00000000000b9c7c      0x5b7 ./Drivers/STM32G4xx_HAL_Driver/Src/stm32g4xx_hal_spi.o
                                      0xb1cb7 (size before relaxing)
 .debug_str     0x00000000000ba233      0x9a7 ./Drivers/STM32G4xx_HAL_Driver/Src/stm32g4xx_hal_uart.o
                                      0xb2312 (size before relaxing)
 .debug_str     0x00000000000babda      0x251 ./Drivers/STM32G4xx_HAL_Driver/Src/stm32g4xx_hal_uart_ex.o
                                      0xb1af6 (size before relaxing)
 .debug_str     0x00000000000bae2b      0xd5c ./RA01/ra01.o
                                      0xb2eb8 (size before relaxing)

.comment        0x0000000000000000       0x50
 .comment       0x0000000000000000       0x50 ./Core/Src/gpio.o
                                         0x51 (size before relaxing)
 .comment       0x0000000000000050       0x51 ./Core/Src/main.o
 .comment       0x0000000000000050       0x51 ./Core/Src/spi.o
 .comment       0x0000000000000050       0x51 ./Core/Src/stm32g4xx_hal_msp.o
 .comment       0x0000000000000050       0x51 ./Core/Src/stm32g4xx_it.o
 .comment       0x0000000000000050       0x51 ./Core/Src/syscalls.o
 .comment       0x0000000000000050       0x51 ./Core/Src/sysmem.o
 .comment       0x0000000000000050       0x51 ./Core/Src/system_stm32g4xx.o
 .comment       0x0000000000000050       0x51 ./Core/Src/usart.o
 .comment       0x0000000000000050       0x51 ./Drivers/STM32G4xx_HAL_Driver/Src/stm32g4xx_hal.o
 .comment       0x0000000000000050       0x51 ./Drivers/STM32G4xx_HAL_Driver/Src/stm32g4xx_hal_cortex.o
 .comment       0x0000000000000050       0x51 ./Drivers/STM32G4xx_HAL_Driver/Src/stm32g4xx_hal_gpio.o
 .comment       0x0000000000000050       0x51 ./Drivers/STM32G4xx_HAL_Driver/Src/stm32g4xx_hal_pwr_ex.o
 .comment       0x0000000000000050       0x51 ./Drivers/STM32G4xx_HAL_Driver/Src/stm32g4xx_hal_rcc.o
 .comment       0x0000000000000050       0x51 ./Drivers/STM32G4xx_HAL_Driver/Src/stm32g4xx_hal_rcc_ex.o
 .comment       0x0000000000000050       0x51 ./Drivers/STM32G4xx_HAL_Driver/Src/stm32g4xx_hal_spi.o
 .comment       0x0000000000000050       0x51 ./Drivers/STM32G4xx_HAL_Driver/Src/stm32g4xx_hal_uart.o
 .comment       0x0000000000000050       0x51 ./Drivers/STM32G4xx_HAL_Driver/Src/stm32g4xx_hal_uart_ex.o
 .comment       0x0000000000000050       0x51 ./RA01/ra01.o

.debug_frame    0x0000000000000000     0x4118
 .debug_frame   0x0000000000000000       0x34 ./Core/Src/gpio.o
 .debug_frame   0x0000000000000034       0xb8 ./Core/Src/main.o
 .debug_frame   0x00000000000000ec       0x74 ./Core/Src/spi.o
 .debug_frame   0x0000000000000160       0x38 ./Core/Src/stm32g4xx_hal_msp.o
 .debug_frame   0x0000000000000198      0x104 ./Core/Src/stm32g4xx_it.o
 .debug_frame   0x000000000000029c      0x2ac ./Core/Src/syscalls.o
 .debug_frame   0x0000000000000548       0x34 ./Core/Src/sysmem.o
 .debug_frame   0x000000000000057c       0x58 ./Core/Src/system_stm32g4xx.o
 .debug_frame   0x00000000000005d4       0x74 ./Core/Src/usart.o
 .debug_frame   0x0000000000000648      0x4a0 ./Drivers/STM32G4xx_HAL_Driver/Src/stm32g4xx_hal.o
 .debug_frame   0x0000000000000ae8      0x498 ./Drivers/STM32G4xx_HAL_Driver/Src/stm32g4xx_hal_cortex.o
 .debug_frame   0x0000000000000f80      0x14c ./Drivers/STM32G4xx_HAL_Driver/Src/stm32g4xx_hal_gpio.o
 .debug_frame   0x00000000000010cc      0x4fc ./Drivers/STM32G4xx_HAL_Driver/Src/stm32g4xx_hal_pwr_ex.o
 .debug_frame   0x00000000000015c8      0x23c ./Drivers/STM32G4xx_HAL_Driver/Src/stm32g4xx_hal_rcc.o
 .debug_frame   0x0000000000001804      0x2ac ./Drivers/STM32G4xx_HAL_Driver/Src/stm32g4xx_hal_rcc_ex.o
 .debug_frame   0x0000000000001ab0      0x860 ./Drivers/STM32G4xx_HAL_Driver/Src/stm32g4xx_hal_spi.o
 .debug_frame   0x0000000000002310      0xa94 ./Drivers/STM32G4xx_HAL_Driver/Src/stm32g4xx_hal_uart.o