21:31:52 **** Incremental Build of configuration Debug for project STM32Lora ****
make -j8 all 
arm-none-eabi-size   STM32Lora.elf 
   text	   data	    bss	    dec	    hex	filename
  24872	    124	   1920	  26916	   6924	STM32Lora.elf
Finished building: default.size.stdout
 
21:31:56 **** Incremental Build of configuration Debug for project STM32Lora ****
make -j8 all 
arm-none-eabi-size   STM32Lora.elf 
   text	   data	    bss	    dec	    hex	filename
  24872	    124	   1920	  26916	   6924	STM32Lora.elf
Finished building: default.size.stdout
 
21:36:02 **** Incremental Build of configuration Debug for project STM32Lora ****
make -j8 all 
arm-none-eabi-g++ "../Core/Src/main.c" -mcpu=cortex-m4 -std=gnu11 -g3 -DDEBUG -DUSE_HAL_DRIVER -DSTM32G431xx -c -I../Core/Inc -I../Drivers/STM32G4xx_HAL_Driver/Inc -I../Drivers/STM32G4xx_HAL_Driver/Inc/Legacy -I../Drivers/CMSIS/Device/ST/STM32G4xx/Include -I../Drivers/CMSIS/Include -I"C:/Users/josep/Projects/STM32Lora/STM32Lora/RA01" -O0 -ffunction-sections -fdata-sections -Wall -fstack-usage -MMD -MP -MF"Core/Src/main.d" -MT"Core/Src/main.o" --specs=nano.specs -mfpu=fpv4-sp-d16 -mfloat-abi=hard -mthumb -o "Core/Src/main.o"
cc1plus.exe: warning: command-line option '-std=gnu11' is valid for C/ObjC but not for C++
../Core/Src/main.c: In function 'uint8_t checkLoraRead()':
../Core/Src/main.c:63:7: warning: variable 'recieved' set but not used [-Wunused-but-set-variable]
   63 |  bool recieved = false;
      |       ^~~~~~~~
../Core/Src/main.c: In function 'int main()':
../Core/Src/main.c:185:11: warning: unused variable 'loraTransmissionLen' [-Wunused-variable]
  185 |   uint8_t loraTransmissionLen = sprintf((char*)loraTransmission, "Data:%02X ", (tx_count/15));
      |           ^~~~~~~~~~~~~~~~~~~
../Core/Src/main.c:145:11: warning: unused variable 'spiBuf' [-Wunused-variable]
  145 |   uint8_t spiBuf[32];
      |           ^~~~~~
../Core/Src/main.c:146:11: warning: unused variable 'val' [-Wunused-variable]
  146 |   uint8_t val;
      |           ^~~
../Core/Src/main.c: In function 'uint8_t loraTransmit(uint8_t*, uint8_t)':
../Core/Src/main.c:87:9: warning: 'void* __builtin_memcpy(void*, const void*, unsigned int)' writing 35 bytes into a region of size 32 overflows the destination [-Wstringop-overflow=]
   87 |   strcpy((char*)uartBuf, "LoRa Transmit Already In Process\r\n");
      |   ~~~~~~^~~~~~~~~~~~~~~~~~~~~~~~~~~~~~~~~~~~~~~~~~~~~~~~~~~~~~~~
arm-none-eabi-g++ -o "STM32Lora.elf" @"objects.list"   -mcpu=cortex-m4 -T"C:\Users\josep\Projects\STM32Lora\STM32Lora\STM32G431KBTX_FLASH.ld" --specs=nosys.specs -Wl,-Map="STM32Lora.map" -Wl,--gc-sections -static --specs=nano.specs -mfpu=fpv4-sp-d16 -mfloat-abi=hard -mthumb -Wl,--start-group -lc -lm -lstdc++ -lsupc++ -Wl,--end-group
Finished building target: STM32Lora.elf
 
arm-none-eabi-size   STM32Lora.elf 
arm-none-eabi-objdump -h -S  STM32Lora.elf  > "STM32Lora.list"
   text	   data	    bss	    dec	    hex	filename
  24868	    124	   1920	  26912	   6920	STM32Lora.elf
Finished building: default.size.stdout
 
Finished building: STM32Lora.list
 
21:36:34 **** Incremental Build of configuration Debug for project STM32Lora ****
make -j8 all 
arm-none-eabi-g++ "../RA01/ra01.cpp" -mcpu=cortex-m4 -std=gnu++14 -g3 -DDEBUG -DUSE_HAL_DRIVER -DSTM32G431xx -c -I../Core/Inc -I../Drivers/STM32G4xx_HAL_Driver/Inc -I../Drivers/STM32G4xx_HAL_Driver/Inc/Legacy -I../Drivers/CMSIS/Device/ST/STM32G4xx/Include -I../Drivers/CMSIS/Include -I"C:/Users/josep/Projects/STM32Lora/STM32Lora/RA01" -O0 -ffunction-sections -fdata-sections -fno-exceptions -fno-rtti -fno-use-cxa-atexit -Wall -fstack-usage -MMD -MP -MF"RA01/ra01.d" -MT"RA01/ra01.o" --specs=nano.specs -mfpu=fpv4-sp-d16 -mfloat-abi=hard -mthumb -o "RA01/ra01.o"
../RA01/ra01.cpp: In member function 'void LoRaClass::writeRegister(uint8_t, uint8_t)':
../RA01/ra01.cpp:753:13: warning: unused variable 'rxData' [-Wunused-variable]
  753 |     uint8_t rxData[5] = {0,0,0,0,0};
      |             ^~~~~~
../RA01/ra01.cpp: In member function 'void LoRaClass::writeCommand(uint8_t, uint8_t*, uint8_t)':
../RA01/ra01.cpp:771:13: warning: unused variable 'rxData' [-Wunused-variable]
  771 |     uint8_t rxData[5] = {0,0,0,0,0};
      |             ^~~~~~
arm-none-eabi-g++ -o "STM32Lora.elf" @"objects.list"   -mcpu=cortex-m4 -T"C:\Users\josep\Projects\STM32Lora\STM32Lora\STM32G431KBTX_FLASH.ld" --specs=nosys.specs -Wl,-Map="STM32Lora.map" -Wl,--gc-sections -static --specs=nano.specs -mfpu=fpv4-sp-d16 -mfloat-abi=hard -mthumb -Wl,--start-group -lc -lm -lstdc++ -lsupc++ -Wl,--end-group
Finished building target: STM32Lora.elf
 
arm-none-eabi-size   STM32Lora.elf 
arm-none-eabi-objdump -h -S  STM32Lora.elf  > "STM32Lora.list"
   text	   data	    bss	    dec	    hex	filename
  24868	    124	   1920	  26912	   6920	STM32Lora.elf
Finished building: default.size.stdout
 
Finished building: STM32Lora.list
 
21:36:47 **** Incremental Build of configuration Debug for project STM32Lora ****
make -j8 all 
arm-none-eabi-size   STM32Lora.elf 
   text	   data	    bss	    dec	    hex	filename
  24868	    124	   1920	  26912	   6920	STM32Lora.elf
Finished building: default.size.stdout
 
21:40:34 **** Incremental Build of configuration Debug for project STM32Lora ****
make -j8 all 
arm-none-eabi-g++ "../RA01/ra01.cpp" -mcpu=cortex-m4 -std=gnu++14 -g3 -DDEBUG -DUSE_HAL_DRIVER -DSTM32G431xx -c -I../Core/Inc -I../Drivers/STM32G4xx_HAL_Driver/Inc -I../Drivers/STM32G4xx_HAL_Driver/Inc/Legacy -I../Drivers/CMSIS/Device/ST/STM32G4xx/Include -I../Drivers/CMSIS/Include -I"C:/Users/josep/Projects/STM32Lora/STM32Lora/RA01" -O0 -ffunction-sections -fdata-sections -fno-exceptions -fno-rtti -fno-use-cxa-atexit -Wall -fstack-usage -MMD -MP -MF"RA01/ra01.d" -MT"RA01/ra01.o" --specs=nano.specs -mfpu=fpv4-sp-d16 -mfloat-abi=hard -mthumb -o "RA01/ra01.o"
../RA01/ra01.cpp: In member function 'void LoRaClass::writeRegister(uint8_t, uint8_t)':
../RA01/ra01.cpp:753:13: warning: unused variable 'rxData' [-Wunused-variable]
  753 |     uint8_t rxData[5] = {0,0,0,0,0};
      |             ^~~~~~
../RA01/ra01.cpp: In member function 'void LoRaClass::writeCommand(uint8_t, uint8_t*, uint8_t)':
../RA01/ra01.cpp:771:13: warning: unused variable 'rxData' [-Wunused-variable]
  771 |     uint8_t rxData[5] = {0,0,0,0,0};
      |             ^~~~~~
arm-none-eabi-g++ -o "STM32Lora.elf" @"objects.list"   -mcpu=cortex-m4 -T"C:\Users\josep\Projects\STM32Lora\STM32Lora\STM32G431KBTX_FLASH.ld" --specs=nosys.specs -Wl,-Map="STM32Lora.map" -Wl,--gc-sections -static --specs=nano.specs -mfpu=fpv4-sp-d16 -mfloat-abi=hard -mthumb -Wl,--start-group -lc -lm -lstdc++ -lsupc++ -Wl,--end-group
Finished building target: STM32Lora.elf
 
arm-none-eabi-size   STM32Lora.elf 
arm-none-eabi-objdump -h -S  STM32Lora.elf  > "STM32Lora.list"
   text	   data	    bss	    dec	    hex	filename
  24868	    124	   1920	  26912	   6920	STM32Lora.elf
Finished building: default.size.stdout
 
Finished building: STM32Lora.list
 
22:06:52 **** Incremental Build of configuration Debug for project STM32Lora ****
make -j8 all 
arm-none-eabi-g++ "../RA01/ra01.cpp" -mcpu=cortex-m4 -std=gnu++14 -g3 -DDEBUG -DUSE_HAL_DRIVER -DSTM32G431xx -c -I../Core/Inc -I../Drivers/STM32G4xx_HAL_Driver/Inc -I../Drivers/STM32G4xx_HAL_Driver/Inc/Legacy -I../Drivers/CMSIS/Device/ST/STM32G4xx/Include -I../Drivers/CMSIS/Include -I"C:/Users/josep/Projects/STM32Lora/STM32Lora/RA01" -O0 -ffunction-sections -fdata-sections -fno-exceptions -fno-rtti -fno-use-cxa-atexit -Wall -fstack-usage -MMD -MP -MF"RA01/ra01.d" -MT"RA01/ra01.o" --specs=nano.specs -mfpu=fpv4-sp-d16 -mfloat-abi=hard -mthumb -o "RA01/ra01.o"
../RA01/ra01.cpp: In member function 'void LoRaClass::writeRegister(uint8_t, uint8_t)':
../RA01/ra01.cpp:753:13: warning: unused variable 'rxData' [-Wunused-variable]
  753 |     uint8_t rxData[5] = {0,0,0,0,0};
      |             ^~~~~~
../RA01/ra01.cpp: In member function 'void LoRaClass::writeCommand(uint8_t, uint8_t*, uint8_t)':
../RA01/ra01.cpp:771:13: warning: unused variable 'rxData' [-Wunused-variable]
  771 |     uint8_t rxData[5] = {0,0,0,0,0};
      |             ^~~~~~
arm-none-eabi-g++ -o "STM32Lora.elf" @"objects.list"   -mcpu=cortex-m4 -T"C:\Users\josep\Projects\STM32Lora\STM32Lora\STM32G431KBTX_FLASH.ld" --specs=nosys.specs -Wl,-Map="STM32Lora.map" -Wl,--gc-sections -static --specs=nano.specs -mfpu=fpv4-sp-d16 -mfloat-abi=hard -mthumb -Wl,--start-group -lc -lm -lstdc++ -lsupc++ -Wl,--end-group
Finished building target: STM32Lora.elf
 
arm-none-eabi-size   STM32Lora.elf 
arm-none-eabi-objdump -h -S  STM32Lora.elf  > "STM32Lora.list"
   text	   data	    bss	    dec	    hex	filename
  24868	    124	   1920	  26912	   6920	STM32Lora.elf
Finished building: default.size.stdout
 
Finished building: STM32Lora.list
 
22:07:44 **** Incremental Build of configuration Debug for project STM32Lora ****
make -j8 all 
arm-none-eabi-g++ "../RA01/ra01.cpp" -mcpu=cortex-m4 -std=gnu++14 -g3 -DDEBUG -DUSE_HAL_DRIVER -DSTM32G431xx -c -I../Core/Inc -I../Drivers/STM32G4xx_HAL_Driver/Inc -I../Drivers/STM32G4xx_HAL_Driver/Inc/Legacy -I../Drivers/CMSIS/Device/ST/STM32G4xx/Include -I../Drivers/CMSIS/Include -I"C:/Users/josep/Projects/STM32Lora/STM32Lora/RA01" -O0 -ffunction-sections -fdata-sections -fno-exceptions -fno-rtti -fno-use-cxa-atexit -Wall -fstack-usage -MMD -MP -MF"RA01/ra01.d" -MT"RA01/ra01.o" --specs=nano.specs -mfpu=fpv4-sp-d16 -mfloat-abi=hard -mthumb -o "RA01/ra01.o"
../RA01/ra01.cpp: In member function 'void LoRaClass::writeRegister(uint8_t, uint8_t)':
../RA01/ra01.cpp:695:13: warning: unused variable 'rxData' [-Wunused-variable]
  695 |     uint8_t rxData[5] = {0,0,0,0,0};
      |             ^~~~~~
../RA01/ra01.cpp: In member function 'void LoRaClass::writeCommand(uint8_t, uint8_t*, uint8_t)':
../RA01/ra01.cpp:713:13: warning: unused variable 'rxData' [-Wunused-variable]
  713 |     uint8_t rxData[5] = {0,0,0,0,0};
      |             ^~~~~~
arm-none-eabi-g++ -o "STM32Lora.elf" @"objects.list"   -mcpu=cortex-m4 -T"C:\Users\josep\Projects\STM32Lora\STM32Lora\STM32G431KBTX_FLASH.ld" --specs=nosys.specs -Wl,-Map="STM32Lora.map" -Wl,--gc-sections -static --specs=nano.specs -mfpu=fpv4-sp-d16 -mfloat-abi=hard -mthumb -Wl,--start-group -lc -lm -lstdc++ -lsupc++ -Wl,--end-group
c:\st\stm32cubeide_1.10.0\stm32cubeide\plugins\com.st.stm32cube.ide.mcu.externaltools.gnu-tools-for-stm32.10.3-2021.10.win32_1.0.100.202210260954\tools\arm-none-eabi\bin\ld.exe: ./RA01/ra01.o:(.rodata._ZTV9LoRaClass+0x1c): undefined reference to `LoRaClass::flush()'
collect2.exe: error: ld returned 1 exit status
make: *** [makefile:80: STM32Lora.elf] Error 1
"make -j8 all" terminated with exit code 2. Build might be incomplete.
22:07:49 **** Incremental Build of configuration Debug for project STM32Lora ****
make -j8 all 
arm-none-eabi-g++ -o "STM32Lora.elf" @"objects.list"   -mcpu=cortex-m4 -T"C:\Users\josep\Projects\STM32Lora\STM32Lora\STM32G431KBTX_FLASH.ld" --specs=nosys.specs -Wl,-Map="STM32Lora.map" -Wl,--gc-sections -static --specs=nano.specs -mfpu=fpv4-sp-d16 -mfloat-abi=hard -mthumb -Wl,--start-group -lc -lm -lstdc++ -lsupc++ -Wl,--end-group
c:\st\stm32cubeide_1.10.0\stm32cubeide\plugins\com.st.stm32cube.ide.mcu.externaltools.gnu-tools-for-stm32.10.3-2021.10.win32_1.0.100.202210260954\tools\arm-none-eabi\bin\ld.exe: ./RA01/ra01.o:(.rodata._ZTV9LoRaClass+0x1c): undefined reference to `LoRaClass::flush()'
collect2.exe: error: ld returned 1 exit status
make: *** [makefile:80: STM32Lora.elf] Error 1
"make -j8 all" terminated with exit code 2. Build might be incomplete.
22:08:10 **** Incremental Build of configuration Debug for project STM32Lora ****
make -j8 all 
arm-none-eabi-g++ "../RA01/ra01.cpp" -mcpu=cortex-m4 -std=gnu++14 -g3 -DDEBUG -DUSE_HAL_DRIVER -DSTM32G431xx -c -I../Core/Inc -I../Drivers/STM32G4xx_HAL_Driver/Inc -I../Drivers/STM32G4xx_HAL_Driver/Inc/Legacy -I../Drivers/CMSIS/Device/ST/STM32G4xx/Include -I../Drivers/CMSIS/Include -I"C:/Users/josep/Projects/STM32Lora/STM32Lora/RA01" -O0 -ffunction-sections -fdata-sections -fno-exceptions -fno-rtti -fno-use-cxa-atexit -Wall -fstack-usage -MMD -MP -MF"RA01/ra01.d" -MT"RA01/ra01.o" --specs=nano.specs -mfpu=fpv4-sp-d16 -mfloat-abi=hard -mthumb -o "RA01/ra01.o"
../RA01/ra01.cpp: In member function 'void LoRaClass::writeRegister(uint8_t, uint8_t)':
../RA01/ra01.cpp:753:13: warning: unused variable 'rxData' [-Wunused-variable]
  753 |     uint8_t rxData[5] = {0,0,0,0,0};
      |             ^~~~~~
../RA01/ra01.cpp: In member function 'void LoRaClass::writeCommand(uint8_t, uint8_t*, uint8_t)':
../RA01/ra01.cpp:771:13: warning: unused variable 'rxData' [-Wunused-variable]
  771 |     uint8_t rxData[5] = {0,0,0,0,0};
      |             ^~~~~~
arm-none-eabi-g++ -o "STM32Lora.elf" @"objects.list"   -mcpu=cortex-m4 -T"C:\Users\josep\Projects\STM32Lora\STM32Lora\STM32G431KBTX_FLASH.ld" --specs=nosys.specs -Wl,-Map="STM32Lora.map" -Wl,--gc-sections -static --specs=nano.specs -mfpu=fpv4-sp-d16 -mfloat-abi=hard -mthumb -Wl,--start-group -lc -lm -lstdc++ -lsupc++ -Wl,--end-group
Finished building target: STM32Lora.elf
 
arm-none-eabi-size   STM32Lora.elf 
arm-none-eabi-objdump -h -S  STM32Lora.elf  > "STM32Lora.list"
   text	   data	    bss	    dec	    hex	filename
  24868	    124	   1920	  26912	   6920	STM32Lora.elf
Finished building: default.size.stdout
 
Finished building: STM32Lora.list
 
22:09:18 **** Incremental Build of configuration Debug for project STM32Lora ****
make -j8 all 
arm-none-eabi-g++ "../RA01/ra01.cpp" -mcpu=cortex-m4 -std=gnu++14 -g3 -DDEBUG -DUSE_HAL_DRIVER -DSTM32G431xx -c -I../Core/Inc -I../Drivers/STM32G4xx_HAL_Driver/Inc -I../Drivers/STM32G4xx_HAL_Driver/Inc/Legacy -I../Drivers/CMSIS/Device/ST/STM32G4xx/Include -I../Drivers/CMSIS/Include -I"C:/Users/josep/Projects/STM32Lora/STM32Lora/RA01" -O0 -ffunction-sections -fdata-sections -fno-exceptions -fno-rtti -fno-use-cxa-atexit -Wall -fstack-usage -MMD -MP -MF"RA01/ra01.d" -MT"RA01/ra01.o" --specs=nano.specs -mfpu=fpv4-sp-d16 -mfloat-abi=hard -mthumb -o "RA01/ra01.o"
arm-none-eabi-g++ "../Core/Src/main.c" -mcpu=cortex-m4 -std=gnu11 -g3 -DDEBUG -DUSE_HAL_DRIVER -DSTM32G431xx -c -I../Core/Inc -I../Drivers/STM32G4xx_HAL_Driver/Inc -I../Drivers/STM32G4xx_HAL_Driver/Inc/Legacy -I../Drivers/CMSIS/Device/ST/STM32G4xx/Include -I../Drivers/CMSIS/Include -I"C:/Users/josep/Projects/STM32Lora/STM32Lora/RA01" -O0 -ffunction-sections -fdata-sections -Wall -fstack-usage -MMD -MP -MF"Core/Src/main.d" -MT"Core/Src/main.o" --specs=nano.specs -mfpu=fpv4-sp-d16 -mfloat-abi=hard -mthumb -o "Core/Src/main.o"
cc1plus.exe: warning: command-line option '-std=gnu11' is valid for C/ObjC but not for C++
../RA01/ra01.cpp: In member function 'void LoRaClass::writeRegister(uint8_t, uint8_t)':
../RA01/ra01.cpp:699:13: warning: unused variable 'rxData' [-Wunused-variable]
  699 |     uint8_t rxData[5] = {0,0,0,0,0};
      |             ^~~~~~
../RA01/ra01.cpp: In member function 'void LoRaClass::writeCommand(uint8_t, uint8_t*, uint8_t)':
../RA01/ra01.cpp:717:13: warning: unused variable 'rxData' [-Wunused-variable]
  717 |     uint8_t rxData[5] = {0,0,0,0,0};
      |             ^~~~~~
../Core/Src/main.c: In function 'uint8_t checkLoraRead()':
../Core/Src/main.c:63:7: warning: variable 'recieved' set but not used [-Wunused-but-set-variable]
   63 |  bool recieved = false;
      |       ^~~~~~~~
../Core/Src/main.c: In function 'int main()':
../Core/Src/main.c:185:11: warning: unused variable 'loraTransmissionLen' [-Wunused-variable]
  185 |   uint8_t loraTransmissionLen = sprintf((char*)loraTransmission, "Data:%02X ", (tx_count/15));
      |           ^~~~~~~~~~~~~~~~~~~
../Core/Src/main.c:145:11: warning: unused variable 'spiBuf' [-Wunused-variable]
  145 |   uint8_t spiBuf[32];
      |           ^~~~~~
../Core/Src/main.c:146:11: warning: unused variable 'val' [-Wunused-variable]
  146 |   uint8_t val;
      |           ^~~
../Core/Src/main.c: In function 'uint8_t loraTransmit(uint8_t*, uint8_t)':
../Core/Src/main.c:87:9: warning: 'void* __builtin_memcpy(void*, const void*, unsigned int)' writing 35 bytes into a region of size 32 overflows the destination [-Wstringop-overflow=]
   87 |   strcpy((char*)uartBuf, "LoRa Transmit Already In Process\r\n");
      |   ~~~~~~^~~~~~~~~~~~~~~~~~~~~~~~~~~~~~~~~~~~~~~~~~~~~~~~~~~~~~~~
arm-none-eabi-g++ -o "STM32Lora.elf" @"objects.list"   -mcpu=cortex-m4 -T"C:\Users\josep\Projects\STM32Lora\STM32Lora\STM32G431KBTX_FLASH.ld" --specs=nosys.specs -Wl,-Map="STM32Lora.map" -Wl,--gc-sections -static --specs=nano.specs -mfpu=fpv4-sp-d16 -mfloat-abi=hard -mthumb -Wl,--start-group -lc -lm -lstdc++ -lsupc++ -Wl,--end-group
Finished building target: STM32Lora.elf
 
arm-none-eabi-size   STM32Lora.elf 
arm-none-eabi-objdump -h -S  STM32Lora.elf  > "STM32Lora.list"
   text	   data	    bss	    dec	    hex	filename
  24788	    124	   1920	  26832	   68d0	STM32Lora.elf
Finished building: default.size.stdout
 
Finished building: STM32Lora.list
 
22:11:21 **** Incremental Build of configuration Debug for project STM32Lora ****
make -j8 all 
arm-none-eabi-g++ "../Core/Src/main.c" -mcpu=cortex-m4 -std=gnu11 -g3 -DDEBUG -DUSE_HAL_DRIVER -DSTM32G431xx -c -I../Core/Inc -I../Drivers/STM32G4xx_HAL_Driver/Inc -I../Drivers/STM32G4xx_HAL_Driver/Inc/Legacy -I../Drivers/CMSIS/Device/ST/STM32G4xx/Include -I../Drivers/CMSIS/Include -I"C:/Users/josep/Projects/STM32Lora/STM32Lora/RA01" -O0 -ffunction-sections -fdata-sections -Wall -fstack-usage -MMD -MP -MF"Core/Src/main.d" -MT"Core/Src/main.o" --specs=nano.specs -mfpu=fpv4-sp-d16 -mfloat-abi=hard -mthumb -o "Core/Src/main.o"
cc1plus.exe: warning: command-line option '-std=gnu11' is valid for C/ObjC but not for C++
../Core/Src/main.c: In function 'uint8_t checkLoraRead()':
../Core/Src/main.c:63:7: warning: variable 'recieved' set but not used [-Wunused-but-set-variable]
   63 |  bool recieved = false;
      |       ^~~~~~~~
../Core/Src/main.c: In function 'int main()':
../Core/Src/main.c:185:11: warning: unused variable 'loraTransmissionLen' [-Wunused-variable]
  185 |   uint8_t loraTransmissionLen = sprintf((char*)loraTransmission, "Data:%02X ", (tx_count/15));
      |           ^~~~~~~~~~~~~~~~~~~
../Core/Src/main.c:145:11: warning: unused variable 'spiBuf' [-Wunused-variable]
  145 |   uint8_t spiBuf[32];
      |           ^~~~~~
../Core/Src/main.c:146:11: warning: unused variable 'val' [-Wunused-variable]
  146 |   uint8_t val;
      |           ^~~
../Core/Src/main.c: In function 'uint8_t loraTransmit(uint8_t*, uint8_t)':
../Core/Src/main.c:87:9: warning: 'void* __builtin_memcpy(void*, const void*, unsigned int)' writing 35 bytes into a region of size 32 overflows the destination [-Wstringop-overflow=]
   87 |   strcpy((char*)uartBuf, "LoRa Transmit Already In Process\r\n");
      |   ~~~~~~^~~~~~~~~~~~~~~~~~~~~~~~~~~~~~~~~~~~~~~~~~~~~~~~~~~~~~~~
arm-none-eabi-g++ -o "STM32Lora.elf" @"objects.list"   -mcpu=cortex-m4 -T"C:\Users\josep\Projects\STM32Lora\STM32Lora\STM32G431KBTX_FLASH.ld" --specs=nosys.specs -Wl,-Map="STM32Lora.map" -Wl,--gc-sections -static --specs=nano.specs -mfpu=fpv4-sp-d16 -mfloat-abi=hard -mthumb -Wl,--start-group -lc -lm -lstdc++ -lsupc++ -Wl,--end-group
Finished building target: STM32Lora.elf
 
arm-none-eabi-size   STM32Lora.elf 
arm-none-eabi-objdump -h -S  STM32Lora.elf  > "STM32Lora.list"
   text	   data	    bss	    dec	    hex	filename
  24816	    124	   1920	  26860	   68ec	STM32Lora.elf
Finished building: default.size.stdout
 
Finished building: STM32Lora.list
 
22:17:18 **** Incremental Build of configuration Debug for project STM32Lora ****
make -j8 all 
arm-none-eabi-g++ "../Core/Src/main.c" -mcpu=cortex-m4 -std=gnu11 -g3 -DDEBUG -DUSE_HAL_DRIVER -DSTM32G431xx -c -I../Core/Inc -I../Drivers/STM32G4xx_HAL_Driver/Inc -I../Drivers/STM32G4xx_HAL_Driver/Inc/Legacy -I../Drivers/CMSIS/Device/ST/STM32G4xx/Include -I../Drivers/CMSIS/Include -I"C:/Users/josep/Projects/STM32Lora/STM32Lora/RA01" -O0 -ffunction-sections -fdata-sections -Wall -fstack-usage -MMD -MP -MF"Core/Src/main.d" -MT"Core/Src/main.o" --specs=nano.specs -mfpu=fpv4-sp-d16 -mfloat-abi=hard -mthumb -o "Core/Src/main.o"
cc1plus.exe: warning: command-line option '-std=gnu11' is valid for C/ObjC but not for C++
../Core/Src/main.c: In function 'uint8_t checkLoraRead()':
../Core/Src/main.c:63:7: warning: variable 'recieved' set but not used [-Wunused-but-set-variable]
   63 |  bool recieved = false;
      |       ^~~~~~~~
../Core/Src/main.c: In function 'int main()':
../Core/Src/main.c:185:11: warning: unused variable 'loraTransmissionLen' [-Wunused-variable]
  185 |   uint8_t loraTransmissionLen = sprintf((char*)loraTransmission, "Data:%02X ", (tx_count/15));
      |           ^~~~~~~~~~~~~~~~~~~
../Core/Src/main.c:145:11: warning: unused variable 'spiBuf' [-Wunused-variable]
  145 |   uint8_t spiBuf[32];
      |           ^~~~~~
../Core/Src/main.c:146:11: warning: unused variable 'val' [-Wunused-variable]
  146 |   uint8_t val;
      |           ^~~
../Core/Src/main.c: In function 'uint8_t loraTransmit(uint8_t*, uint8_t)':
../Core/Src/main.c:87:9: warning: 'void* __builtin_memcpy(void*, const void*, unsigned int)' writing 35 bytes into a region of size 32 overflows the destination [-Wstringop-overflow=]
   87 |   strcpy((char*)uartBuf, "LoRa Transmit Already In Process\r\n");
      |   ~~~~~~^~~~~~~~~~~~~~~~~~~~~~~~~~~~~~~~~~~~~~~~~~~~~~~~~~~~~~~~
arm-none-eabi-g++ -o "STM32Lora.elf" @"objects.list"   -mcpu=cortex-m4 -T"C:\Users\josep\Projects\STM32Lora\STM32Lora\STM32G431KBTX_FLASH.ld" --specs=nosys.specs -Wl,-Map="STM32Lora.map" -Wl,--gc-sections -static --specs=nano.specs -mfpu=fpv4-sp-d16 -mfloat-abi=hard -mthumb -Wl,--start-group -lc -lm -lstdc++ -lsupc++ -Wl,--end-group
Finished building target: STM32Lora.elf
 
arm-none-eabi-size   STM32Lora.elf 
arm-none-eabi-objdump -h -S  STM32Lora.elf  > "STM32Lora.list"
   text	   data	    bss	    dec	    hex	filename
  24872	    124	   1920	  26916	   6924	STM32Lora.elf
Finished building: default.size.stdout
 
Finished building: STM32Lora.list
 
22:18:42 **** Incremental Build of configuration Debug for project STM32Lora ****
make -j8 all 
arm-none-eabi-g++ "../Core/Src/main.c" -mcpu=cortex-m4 -std=gnu11 -g3 -DDEBUG -DUSE_HAL_DRIVER -DSTM32G431xx -c -I../Core/Inc -I../Drivers/STM32G4xx_HAL_Driver/Inc -I../Drivers/STM32G4xx_HAL_Driver/Inc/Legacy -I../Drivers/CMSIS/Device/ST/STM32G4xx/Include -I../Drivers/CMSIS/Include -I"C:/Users/josep/Projects/STM32Lora/STM32Lora/RA01" -O0 -ffunction-sections -fdata-sections -Wall -fstack-usage -MMD -MP -MF"Core/Src/main.d" -MT"Core/Src/main.o" --specs=nano.specs -mfpu=fpv4-sp-d16 -mfloat-abi=hard -mthumb -o "Core/Src/main.o"
cc1plus.exe: warning: command-line option '-std=gnu11' is valid for C/ObjC but not for C++
../Core/Src/main.c: In function 'uint8_t checkLoraRead()':
../Core/Src/main.c:63:7: warning: variable 'recieved' set but not used [-Wunused-but-set-variable]
   63 |  bool recieved = false;
      |       ^~~~~~~~
../Core/Src/main.c: In function 'int main()':
../Core/Src/main.c:186:11: warning: unused variable 'loraTransmissionLen' [-Wunused-variable]
  186 |   uint8_t loraTransmissionLen = sprintf((char*)loraTransmission, "Data:%02X ", (tx_count/15));
      |           ^~~~~~~~~~~~~~~~~~~
../Core/Src/main.c:145:11: warning: unused variable 'spiBuf' [-Wunused-variable]
  145 |   uint8_t spiBuf[32];
      |           ^~~~~~
../Core/Src/main.c:146:11: warning: unused variable 'val' [-Wunused-variable]
  146 |   uint8_t val;
      |           ^~~
../Core/Src/main.c: In function 'uint8_t loraTransmit(uint8_t*, uint8_t)':
../Core/Src/main.c:87:9: warning: 'void* __builtin_memcpy(void*, const void*, unsigned int)' writing 35 bytes into a region of size 32 overflows the destination [-Wstringop-overflow=]
   87 |   strcpy((char*)uartBuf, "LoRa Transmit Already In Process\r\n");
      |   ~~~~~~^~~~~~~~~~~~~~~~~~~~~~~~~~~~~~~~~~~~~~~~~~~~~~~~~~~~~~~~
arm-none-eabi-g++ -o "STM32Lora.elf" @"objects.list"   -mcpu=cortex-m4 -T"C:\Users\josep\Projects\STM32Lora\STM32Lora\STM32G431KBTX_FLASH.ld" --specs=nosys.specs -Wl,-Map="STM32Lora.map" -Wl,--gc-sections -static --specs=nano.specs -mfpu=fpv4-sp-d16 -mfloat-abi=hard -mthumb -Wl,--start-group -lc -lm -lstdc++ -lsupc++ -Wl,--end-group
Finished building target: STM32Lora.elf
 
arm-none-eabi-size   STM32Lora.elf 
arm-none-eabi-objdump -h -S  STM32Lora.elf  > "STM32Lora.list"
   text	   data	    bss	    dec	    hex	filename
  24928	    124	   1920	  26972	   695c	STM32Lora.elf
Finished building: default.size.stdout
 
Finished building: STM32Lora.list
 
22:19:42 **** Incremental Build of configuration Debug for project STM32Lora ****
make -j8 all 
arm-none-eabi-size   STM32Lora.elf 
   text	   data	    bss	    dec	    hex	filename
  24928	    124	   1920	  26972	   695c	STM32Lora.elf
Finished building: default.size.stdout
 
22:22:50 **** Incremental Build of configuration Debug for project STM32Lora ****
make -j8 all 
arm-none-eabi-g++ "../RA01/ra01.cpp" -mcpu=cortex-m4 -std=gnu++14 -g3 -DDEBUG -DUSE_HAL_DRIVER -DSTM32G431xx -c -I../Core/Inc -I../Drivers/STM32G4xx_HAL_Driver/Inc -I../Drivers/STM32G4xx_HAL_Driver/Inc/Legacy -I../Drivers/CMSIS/Device/ST/STM32G4xx/Include -I../Drivers/CMSIS/Include -I"C:/Users/josep/Projects/STM32Lora/STM32Lora/RA01" -O0 -ffunction-sections -fdata-sections -fno-exceptions -fno-rtti -fno-use-cxa-atexit -Wall -fstack-usage -MMD -MP -MF"RA01/ra01.d" -MT"RA01/ra01.o" --specs=nano.specs -mfpu=fpv4-sp-d16 -mfloat-abi=hard -mthumb -o "RA01/ra01.o"
../RA01/ra01.cpp: In member function 'void LoRaClass::writeRegister(uint8_t, uint8_t)':
../RA01/ra01.cpp:700:13: warning: unused variable 'rxData' [-Wunused-variable]
  700 |     uint8_t rxData[5] = {0,0,0,0,0};
      |             ^~~~~~
../RA01/ra01.cpp: In member function 'void LoRaClass::writeCommand(uint8_t, uint8_t*, uint8_t)':
../RA01/ra01.cpp:718:13: warning: unused variable 'rxData' [-Wunused-variable]
  718 |     uint8_t rxData[5] = {0,0,0,0,0};
      |             ^~~~~~
arm-none-eabi-g++ -o "STM32Lora.elf" @"objects.list"   -mcpu=cortex-m4 -T"C:\Users\josep\Projects\STM32Lora\STM32Lora\STM32G431KBTX_FLASH.ld" --specs=nosys.specs -Wl,-Map="STM32Lora.map" -Wl,--gc-sections -static --specs=nano.specs -mfpu=fpv4-sp-d16 -mfloat-abi=hard -mthumb -Wl,--start-group -lc -lm -lstdc++ -lsupc++ -Wl,--end-group
Finished building target: STM32Lora.elf
 
arm-none-eabi-size   STM32Lora.elf 
arm-none-eabi-objdump -h -S  STM32Lora.elf  > "STM32Lora.list"
   text	   data	    bss	    dec	    hex	filename
  24884	    124	   1920	  26928	   6930	STM32Lora.elf
Finished building: default.size.stdout
 
Finished building: STM32Lora.list
 
22:24:18 **** Incremental Build of configuration Debug for project STM32Lora ****
make -j8 all 
arm-none-eabi-g++ "../Core/Src/main.c" -mcpu=cortex-m4 -std=gnu11 -g3 -DDEBUG -DUSE_HAL_DRIVER -DSTM32G431xx -c -I../Core/Inc -I../Drivers/STM32G4xx_HAL_Driver/Inc -I../Drivers/STM32G4xx_HAL_Driver/Inc/Legacy -I../Drivers/CMSIS/Device/ST/STM32G4xx/Include -I../Drivers/CMSIS/Include -I"C:/Users/josep/Projects/STM32Lora/STM32Lora/RA01" -O0 -ffunction-sections -fdata-sections -Wall -fstack-usage -MMD -MP -MF"Core/Src/main.d" -MT"Core/Src/main.o" --specs=nano.specs -mfpu=fpv4-sp-d16 -mfloat-abi=hard -mthumb -o "Core/Src/main.o"
cc1plus.exe: warning: command-line option '-std=gnu11' is valid for C/ObjC but not for C++
../Core/Src/main.c: In function 'uint8_t checkLoraRead()':
../Core/Src/main.c:63:7: warning: variable 'recieved' set but not used [-Wunused-but-set-variable]
   63 |  bool recieved = false;
      |       ^~~~~~~~
../Core/Src/main.c: In function 'int main()':
../Core/Src/main.c:186:11: warning: unused variable 'loraTransmissionLen' [-Wunused-variable]
  186 |   uint8_t loraTransmissionLen = sprintf((char*)loraTransmission, "Data:%02X ", (tx_count/15));
      |           ^~~~~~~~~~~~~~~~~~~
../Core/Src/main.c:145:11: warning: unused variable 'spiBuf' [-Wunused-variable]
  145 |   uint8_t spiBuf[32];
      |           ^~~~~~
../Core/Src/main.c:146:11: warning: unused variable 'val' [-Wunused-variable]
  146 |   uint8_t val;
      |           ^~~
../Core/Src/main.c: In function 'uint8_t loraTransmit(uint8_t*, uint8_t)':
../Core/Src/main.c:87:9: warning: 'void* __builtin_memcpy(void*, const void*, unsigned int)' writing 35 bytes into a region of size 32 overflows the destination [-Wstringop-overflow=]
   87 |   strcpy((char*)uartBuf, "LoRa Transmit Already In Process\r\n");
      |   ~~~~~~^~~~~~~~~~~~~~~~~~~~~~~~~~~~~~~~~~~~~~~~~~~~~~~~~~~~~~~~
arm-none-eabi-g++ -o "STM32Lora.elf" @"objects.list"   -mcpu=cortex-m4 -T"C:\Users\josep\Projects\STM32Lora\STM32Lora\STM32G431KBTX_FLASH.ld" --specs=nosys.specs -Wl,-Map="STM32Lora.map" -Wl,--gc-sections -static --specs=nano.specs -mfpu=fpv4-sp-d16 -mfloat-abi=hard -mthumb -Wl,--start-group -lc -lm -lstdc++ -lsupc++ -Wl,--end-group
Finished building target: STM32Lora.elf
 
arm-none-eabi-size   STM32Lora.elf 
arm-none-eabi-objdump -h -S  STM32Lora.elf  > "STM32Lora.list"
   text	   data	    bss	    dec	    hex	filename
  24884	    124	   1920	  26928	   6930	STM32Lora.elf
Finished building: default.size.stdout
 
Finished building: STM32Lora.list
 
22:25:24 **** Incremental Build of configuration Debug for project STM32Lora ****
make -j8 all 
arm-none-eabi-g++ "../Core/Src/main.c" -mcpu=cortex-m4 -std=gnu11 -g3 -DDEBUG -DUSE_HAL_DRIVER -DSTM32G431xx -c -I../Core/Inc -I../Drivers/STM32G4xx_HAL_Driver/Inc -I../Drivers/STM32G4xx_HAL_Driver/Inc/Legacy -I../Drivers/CMSIS/Device/ST/STM32G4xx/Include -I../Drivers/CMSIS/Include -I"C:/Users/josep/Projects/STM32Lora/STM32Lora/RA01" -O0 -ffunction-sections -fdata-sections -Wall -fstack-usage -MMD -MP -MF"Core/Src/main.d" -MT"Core/Src/main.o" --specs=nano.specs -mfpu=fpv4-sp-d16 -mfloat-abi=hard -mthumb -o "Core/Src/main.o"
cc1plus.exe: warning: command-line option '-std=gnu11' is valid for C/ObjC but not for C++
../Core/Src/main.c: In function 'uint8_t checkLoraRead()':
../Core/Src/main.c:63:7: warning: variable 'recieved' set but not used [-Wunused-but-set-variable]
   63 |  bool recieved = false;
      |       ^~~~~~~~
../Core/Src/main.c: In function 'int main()':
../Core/Src/main.c:186:11: warning: unused variable 'loraTransmissionLen' [-Wunused-variable]
  186 |   uint8_t loraTransmissionLen = sprintf((char*)loraTransmission, "Data:%02X ", (tx_count/15));
      |           ^~~~~~~~~~~~~~~~~~~
../Core/Src/main.c:145:11: warning: unused variable 'spiBuf' [-Wunused-variable]
  145 |   uint8_t spiBuf[32];
      |           ^~~~~~
../Core/Src/main.c:146:11: warning: unused variable 'val' [-Wunused-variable]
  146 |   uint8_t val;
      |           ^~~
../Core/Src/main.c: In function 'uint8_t loraTransmit(uint8_t*, uint8_t)':
../Core/Src/main.c:87:9: warning: 'void* __builtin_memcpy(void*, const void*, unsigned int)' writing 35 bytes into a region of size 32 overflows the destination [-Wstringop-overflow=]
   87 |   strcpy((char*)uartBuf, "LoRa Transmit Already In Process\r\n");
      |   ~~~~~~^~~~~~~~~~~~~~~~~~~~~~~~~~~~~~~~~~~~~~~~~~~~~~~~~~~~~~~~
arm-none-eabi-g++ -o "STM32Lora.elf" @"objects.list"   -mcpu=cortex-m4 -T"C:\Users\josep\Projects\STM32Lora\STM32Lora\STM32G431KBTX_FLASH.ld" --specs=nosys.specs -Wl,-Map="STM32Lora.map" -Wl,--gc-sections -static --specs=nano.specs -mfpu=fpv4-sp-d16 -mfloat-abi=hard -mthumb -Wl,--start-group -lc -lm -lstdc++ -lsupc++ -Wl,--end-group
Finished building target: STM32Lora.elf
 
arm-none-eabi-size   STM32Lora.elf 
arm-none-eabi-objdump -h -S  STM32Lora.elf  > "STM32Lora.list"
   text	   data	    bss	    dec	    hex	filename
  24860	    124	   1920	  26904	   6918	STM32Lora.elf
Finished building: default.size.stdout
 
Finished building: STM32Lora.list
 
22:27:21 **** Incremental Build of configuration Debug for project STM32Lora ****
make -j8 all 
arm-none-eabi-g++ "../Core/Src/main.c" -mcpu=cortex-m4 -std=gnu11 -g3 -DDEBUG -DUSE_HAL_DRIVER -DSTM32G431xx -c -I../Core/Inc -I../Drivers/STM32G4xx_HAL_Driver/Inc -I../Drivers/STM32G4xx_HAL_Driver/Inc/Legacy -I../Drivers/CMSIS/Device/ST/STM32G4xx/Include -I../Drivers/CMSIS/Include -I"C:/Users/josep/Projects/STM32Lora/STM32Lora/RA01" -O0 -ffunction-sections -fdata-sections -Wall -fstack-usage -MMD -MP -MF"Core/Src/main.d" -MT"Core/Src/main.o" --specs=nano.specs -mfpu=fpv4-sp-d16 -mfloat-abi=hard -mthumb -o "Core/Src/main.o"
cc1plus.exe: warning: command-line option '-std=gnu11' is valid for C/ObjC but not for C++
../Core/Src/main.c: In function 'uint8_t checkLoraRead()':
../Core/Src/main.c:63:7: warning: variable 'recieved' set but not used [-Wunused-but-set-variable]
   63 |  bool recieved = false;
      |       ^~~~~~~~
../Core/Src/main.c: In function 'int main()':
../Core/Src/main.c:186:11: warning: unused variable 'loraTransmissionLen' [-Wunused-variable]
  186 |   uint8_t loraTransmissionLen = sprintf((char*)loraTransmission, "Data:%02X ", (tx_count/15));
      |           ^~~~~~~~~~~~~~~~~~~
../Core/Src/main.c:145:11: warning: unused variable 'spiBuf' [-Wunused-variable]
  145 |   uint8_t spiBuf[32];
      |           ^~~~~~
../Core/Src/main.c:146:11: warning: unused variable 'val' [-Wunused-variable]
  146 |   uint8_t val;
      |           ^~~
../Core/Src/main.c: In function 'uint8_t loraTransmit(uint8_t*, uint8_t)':
../Core/Src/main.c:87:9: warning: 'void* __builtin_memcpy(void*, const void*, unsigned int)' writing 35 bytes into a region of size 32 overflows the destination [-Wstringop-overflow=]
   87 |   strcpy((char*)uartBuf, "LoRa Transmit Already In Process\r\n");
      |   ~~~~~~^~~~~~~~~~~~~~~~~~~~~~~~~~~~~~~~~~~~~~~~~~~~~~~~~~~~~~~~
arm-none-eabi-g++ -o "STM32Lora.elf" @"objects.list"   -mcpu=cortex-m4 -T"C:\Users\josep\Projects\STM32Lora\STM32Lora\STM32G431KBTX_FLASH.ld" --specs=nosys.specs -Wl,-Map="STM32Lora.map" -Wl,--gc-sections -static --specs=nano.specs -mfpu=fpv4-sp-d16 -mfloat-abi=hard -mthumb -Wl,--start-group -lc -lm -lstdc++ -lsupc++ -Wl,--end-group
Finished building target: STM32Lora.elf
 
arm-none-eabi-size   STM32Lora.elf 
arm-none-eabi-objdump -h -S  STM32Lora.elf  > "STM32Lora.list"
   text	   data	    bss	    dec	    hex	filename
  24884	    124	   1920	  26928	   6930	STM32Lora.elf
Finished building: default.size.stdout
 
Finished building: STM32Lora.list
 
22:31:40 **** Incremental Build of configuration Debug for project STM32Lora ****
make -j8 all 
arm-none-eabi-g++ "../RA01/ra01.cpp" -mcpu=cortex-m4 -std=gnu++14 -g3 -DDEBUG -DUSE_HAL_DRIVER -DSTM32G431xx -c -I../Core/Inc -I../Drivers/STM32G4xx_HAL_Driver/Inc -I../Drivers/STM32G4xx_HAL_Driver/Inc/Legacy -I../Drivers/CMSIS/Device/ST/STM32G4xx/Include -I../Drivers/CMSIS/Include -I"C:/Users/josep/Projects/STM32Lora/STM32Lora/RA01" -O0 -ffunction-sections -fdata-sections -fno-exceptions -fno-rtti -fno-use-cxa-atexit -Wall -fstack-usage -MMD -MP -MF"RA01/ra01.d" -MT"RA01/ra01.o" --specs=nano.specs -mfpu=fpv4-sp-d16 -mfloat-abi=hard -mthumb -o "RA01/ra01.o"
arm-none-eabi-g++ "../Core/Src/main.c" -mcpu=cortex-m4 -std=gnu11 -g3 -DDEBUG -DUSE_HAL_DRIVER -DSTM32G431xx -c -I../Core/Inc -I../Drivers/STM32G4xx_HAL_Driver/Inc -I../Drivers/STM32G4xx_HAL_Driver/Inc/Legacy -I../Drivers/CMSIS/Device/ST/STM32G4xx/Include -I../Drivers/CMSIS/Include -I"C:/Users/josep/Projects/STM32Lora/STM32Lora/RA01" -O0 -ffunction-sections -fdata-sections -Wall -fstack-usage -MMD -MP -MF"Core/Src/main.d" -MT"Core/Src/main.o" --specs=nano.specs -mfpu=fpv4-sp-d16 -mfloat-abi=hard -mthumb -o "Core/Src/main.o"
cc1plus.exe: warning: command-line option '-std=gnu11' is valid for C/ObjC but not for C++
../RA01/ra01.cpp: In member function 'void LoRaClass::writeRegister(uint8_t, uint8_t)':
../RA01/ra01.cpp:700:13: warning: unused variable 'rxData' [-Wunused-variable]
  700 |     uint8_t rxData[5] = {0,0,0,0,0};
      |             ^~~~~~
../RA01/ra01.cpp: In member function 'void LoRaClass::writeCommand(uint8_t, uint8_t*, uint8_t)':
../RA01/ra01.cpp:718:13: warning: unused variable 'rxData' [-Wunused-variable]
  718 |     uint8_t rxData[5] = {0,0,0,0,0};
      |             ^~~~~~
../Core/Src/main.c: In function 'uint8_t checkLoraRead()':
../Core/Src/main.c:63:7: warning: variable 'recieved' set but not used [-Wunused-but-set-variable]
   63 |  bool recieved = false;
      |       ^~~~~~~~
../Core/Src/main.c: In function 'int main()':
../Core/Src/main.c:186:11: warning: unused variable 'loraTransmissionLen' [-Wunused-variable]
  186 |   uint8_t loraTransmissionLen = sprintf((char*)loraTransmission, "Data:%02X ", (tx_count/15));
      |           ^~~~~~~~~~~~~~~~~~~
../Core/Src/main.c:145:11: warning: unused variable 'spiBuf' [-Wunused-variable]
  145 |   uint8_t spiBuf[32];
      |           ^~~~~~
../Core/Src/main.c:146:11: warning: unused variable 'val' [-Wunused-variable]
  146 |   uint8_t val;
      |           ^~~
../Core/Src/main.c: In function 'uint8_t loraTransmit(uint8_t*, uint8_t)':
../Core/Src/main.c:87:9: warning: 'void* __builtin_memcpy(void*, const void*, unsigned int)' writing 35 bytes into a region of size 32 overflows the destination [-Wstringop-overflow=]
   87 |   strcpy((char*)uartBuf, "LoRa Transmit Already In Process\r\n");
      |   ~~~~~~^~~~~~~~~~~~~~~~~~~~~~~~~~~~~~~~~~~~~~~~~~~~~~~~~~~~~~~~
arm-none-eabi-g++ -o "STM32Lora.elf" @"objects.list"   -mcpu=cortex-m4 -T"C:\Users\josep\Projects\STM32Lora\STM32Lora\STM32G431KBTX_FLASH.ld" --specs=nosys.specs -Wl,-Map="STM32Lora.map" -Wl,--gc-sections -static --specs=nano.specs -mfpu=fpv4-sp-d16 -mfloat-abi=hard -mthumb -Wl,--start-group -lc -lm -lstdc++ -lsupc++ -Wl,--end-group
Finished building target: STM32Lora.elf
 
arm-none-eabi-size   STM32Lora.elf 
arm-none-eabi-objdump -h -S  STM32Lora.elf  > "STM32Lora.list"
   text	   data	    bss	    dec	    hex	filename
  24840	    124	   1920	  26884	   6904	STM32Lora.elf
Finished building: default.size.stdout
 
Finished building: STM32Lora.list
 
22:33:47 **** Incremental Build of configuration Debug for project STM32Lora ****
make -j8 all 
arm-none-eabi-size   STM32Lora.elf 
   text	   data	    bss	    dec	    hex	filename
  24840	    124	   1920	  26884	   6904	STM32Lora.elf
Finished building: default.size.stdout
 
22:36:01 **** Incremental Build of configuration Debug for project STM32Lora ****
make -j8 all 
arm-none-eabi-g++ "../Core/Src/main.c" -mcpu=cortex-m4 -std=gnu11 -g3 -DDEBUG -DUSE_HAL_DRIVER -DSTM32G431xx -c -I../Core/Inc -I../Drivers/STM32G4xx_HAL_Driver/Inc -I../Drivers/STM32G4xx_HAL_Driver/Inc/Legacy -I../Drivers/CMSIS/Device/ST/STM32G4xx/Include -I../Drivers/CMSIS/Include -I"C:/Users/josep/Projects/STM32Lora/STM32Lora/RA01" -O0 -ffunction-sections -fdata-sections -Wall -fstack-usage -MMD -MP -MF"Core/Src/main.d" -MT"Core/Src/main.o" --specs=nano.specs -mfpu=fpv4-sp-d16 -mfloat-abi=hard -mthumb -o "Core/Src/main.o"
cc1plus.exe: warning: command-line option '-std=gnu11' is valid for C/ObjC but not for C++
../Core/Src/main.c: In function 'uint8_t checkLoraRead()':
../Core/Src/main.c:63:7: warning: variable 'recieved' set but not used [-Wunused-but-set-variable]
   63 |  bool recieved = false;
      |       ^~~~~~~~
../Core/Src/main.c: In function 'int main()':
../Core/Src/main.c:186:11: warning: unused variable 'loraTransmissionLen' [-Wunused-variable]
  186 |   uint8_t loraTransmissionLen = sprintf((char*)loraTransmission, "Data:%02X ", (tx_count/15));
      |           ^~~~~~~~~~~~~~~~~~~
../Core/Src/main.c:145:11: warning: unused variable 'spiBuf' [-Wunused-variable]
  145 |   uint8_t spiBuf[32];
      |           ^~~~~~
../Core/Src/main.c:146:11: warning: unused variable 'val' [-Wunused-variable]
  146 |   uint8_t val;
      |           ^~~
../Core/Src/main.c: In function 'uint8_t loraTransmit(uint8_t*, uint8_t)':
../Core/Src/main.c:87:9: warning: 'void* __builtin_memcpy(void*, const void*, unsigned int)' writing 35 bytes into a region of size 32 overflows the destination [-Wstringop-overflow=]
   87 |   strcpy((char*)uartBuf, "LoRa Transmit Already In Process\r\n");
      |   ~~~~~~^~~~~~~~~~~~~~~~~~~~~~~~~~~~~~~~~~~~~~~~~~~~~~~~~~~~~~~~
arm-none-eabi-g++ -o "STM32Lora.elf" @"objects.list"   -mcpu=cortex-m4 -T"C:\Users\josep\Projects\STM32Lora\STM32Lora\STM32G431KBTX_FLASH.ld" --specs=nosys.specs -Wl,-Map="STM32Lora.map" -Wl,--gc-sections -static --specs=nano.specs -mfpu=fpv4-sp-d16 -mfloat-abi=hard -mthumb -Wl,--start-group -lc -lm -lstdc++ -lsupc++ -Wl,--end-group
Finished building target: STM32Lora.elf
 
arm-none-eabi-size   STM32Lora.elf 
arm-none-eabi-objdump -h -S  STM32Lora.elf  > "STM32Lora.list"
   text	   data	    bss	    dec	    hex	filename
  24816	    124	   1920	  26860	   68ec	STM32Lora.elf
Finished building: default.size.stdout
 
Finished building: STM32Lora.list
 
22:37:24 **** Incremental Build of configuration Debug for project STM32Lora ****
make -j8 all 
arm-none-eabi-g++ "../Core/Src/main.c" -mcpu=cortex-m4 -std=gnu11 -g3 -DDEBUG -DUSE_HAL_DRIVER -DSTM32G431xx -c -I../Core/Inc -I../Drivers/STM32G4xx_HAL_Driver/Inc -I../Drivers/STM32G4xx_HAL_Driver/Inc/Legacy -I../Drivers/CMSIS/Device/ST/STM32G4xx/Include -I../Drivers/CMSIS/Include -I"C:/Users/josep/Projects/STM32Lora/STM32Lora/RA01" -O0 -ffunction-sections -fdata-sections -Wall -fstack-usage -MMD -MP -MF"Core/Src/main.d" -MT"Core/Src/main.o" --specs=nano.specs -mfpu=fpv4-sp-d16 -mfloat-abi=hard -mthumb -o "Core/Src/main.o"
cc1plus.exe: warning: command-line option '-std=gnu11' is valid for C/ObjC but not for C++
../Core/Src/main.c: In function 'uint8_t checkLoraRead()':
../Core/Src/main.c:63:7: warning: variable 'recieved' set but not used [-Wunused-but-set-variable]
   63 |  bool recieved = false;
      |       ^~~~~~~~
../Core/Src/main.c: In function 'int main()':
../Core/Src/main.c:186:11: warning: unused variable 'loraTransmissionLen' [-Wunused-variable]
  186 |   uint8_t loraTransmissionLen = sprintf((char*)loraTransmission, "Data:%02X ", (tx_count/15));
      |           ^~~~~~~~~~~~~~~~~~~
../Core/Src/main.c:145:11: warning: unused variable 'spiBuf' [-Wunused-variable]
  145 |   uint8_t spiBuf[32];
      |           ^~~~~~
../Core/Src/main.c:146:11: warning: unused variable 'val' [-Wunused-variable]
  146 |   uint8_t val;
      |           ^~~
../Core/Src/main.c: In function 'uint8_t loraTransmit(uint8_t*, uint8_t)':
../Core/Src/main.c:87:9: warning: 'void* __builtin_memcpy(void*, const void*, unsigned int)' writing 35 bytes into a region of size 32 overflows the destination [-Wstringop-overflow=]
   87 |   strcpy((char*)uartBuf, "LoRa Transmit Already In Process\r\n");
      |   ~~~~~~^~~~~~~~~~~~~~~~~~~~~~~~~~~~~~~~~~~~~~~~~~~~~~~~~~~~~~~~
arm-none-eabi-g++ -o "STM32Lora.elf" @"objects.list"   -mcpu=cortex-m4 -T"C:\Users\josep\Projects\STM32Lora\STM32Lora\STM32G431KBTX_FLASH.ld" --specs=nosys.specs -Wl,-Map="STM32Lora.map" -Wl,--gc-sections -static --specs=nano.specs -mfpu=fpv4-sp-d16 -mfloat-abi=hard -mthumb -Wl,--start-group -lc -lm -lstdc++ -lsupc++ -Wl,--end-group
Finished building target: STM32Lora.elf
 
arm-none-eabi-size   STM32Lora.elf 
arm-none-eabi-objdump -h -S  STM32Lora.elf  > "STM32Lora.list"
   text	   data	    bss	    dec	    hex	filename
  24792	    124	   1920	  26836	   68d4	STM32Lora.elf
Finished building: default.size.stdout
 
Finished building: STM32Lora.list
 
22:37:55 **** Incremental Build of configuration Debug for project STM32Lora ****
make -j8 all 
arm-none-eabi-g++ "../RA01/ra01.cpp" -mcpu=cortex-m4 -std=gnu++14 -g3 -DDEBUG -DUSE_HAL_DRIVER -DSTM32G431xx -c -I../Core/Inc -I../Drivers/STM32G4xx_HAL_Driver/Inc -I../Drivers/STM32G4xx_HAL_Driver/Inc/Legacy -I../Drivers/CMSIS/Device/ST/STM32G4xx/Include -I../Drivers/CMSIS/Include -I"C:/Users/josep/Projects/STM32Lora/STM32Lora/RA01" -O0 -ffunction-sections -fdata-sections -fno-exceptions -fno-rtti -fno-use-cxa-atexit -Wall -fstack-usage -MMD -MP -MF"RA01/ra01.d" -MT"RA01/ra01.o" --specs=nano.specs -mfpu=fpv4-sp-d16 -mfloat-abi=hard -mthumb -o "RA01/ra01.o"
../RA01/ra01.cpp: In member function 'void LoRaClass::writeRegister(uint8_t, uint8_t)':
../RA01/ra01.cpp:700:13: warning: unused variable 'rxData' [-Wunused-variable]
  700 |     uint8_t rxData[5] = {0,0,0,0,0};
      |             ^~~~~~
../RA01/ra01.cpp: In member function 'void LoRaClass::writeCommand(uint8_t, uint8_t*, uint8_t)':
../RA01/ra01.cpp:718:13: warning: unused variable 'rxData' [-Wunused-variable]
  718 |     uint8_t rxData[5] = {0,0,0,0,0};
      |             ^~~~~~
arm-none-eabi-g++ -o "STM32Lora.elf" @"objects.list"   -mcpu=cortex-m4 -T"C:\Users\josep\Projects\STM32Lora\STM32Lora\STM32G431KBTX_FLASH.ld" --specs=nosys.specs -Wl,-Map="STM32Lora.map" -Wl,--gc-sections -static --specs=nano.specs -mfpu=fpv4-sp-d16 -mfloat-abi=hard -mthumb -Wl,--start-group -lc -lm -lstdc++ -lsupc++ -Wl,--end-group
Finished building target: STM32Lora.elf
 
arm-none-eabi-size   STM32Lora.elf 
arm-none-eabi-objdump -h -S  STM32Lora.elf  > "STM32Lora.list"
   text	   data	    bss	    dec	    hex	filename
  24784	    124	   1920	  26828	   68cc	STM32Lora.elf
Finished building: default.size.stdout
 
Finished building: STM32Lora.list
 
22:50:14 **** Incremental Build of configuration Debug for project STM32Lora ****
make -j8 all 
arm-none-eabi-g++ "../RA01/ra01.cpp" -mcpu=cortex-m4 -std=gnu++14 -g3 -DDEBUG -DUSE_HAL_DRIVER -DSTM32G431xx -c -I../Core/Inc -I../Drivers/STM32G4xx_HAL_Driver/Inc -I../Drivers/STM32G4xx_HAL_Driver/Inc/Legacy -I../Drivers/CMSIS/Device/ST/STM32G4xx/Include -I../Drivers/CMSIS/Include -I"C:/Users/josep/Projects/STM32Lora/STM32Lora/RA01" -O0 -ffunction-sections -fdata-sections -fno-exceptions -fno-rtti -fno-use-cxa-atexit -Wall -fstack-usage -MMD -MP -MF"RA01/ra01.d" -MT"RA01/ra01.o" --specs=nano.specs -mfpu=fpv4-sp-d16 -mfloat-abi=hard -mthumb -o "RA01/ra01.o"
arm-none-eabi-g++ "../Core/Src/main.c" -mcpu=cortex-m4 -std=gnu11 -g3 -DDEBUG -DUSE_HAL_DRIVER -DSTM32G431xx -c -I../Core/Inc -I../Drivers/STM32G4xx_HAL_Driver/Inc -I../Drivers/STM32G4xx_HAL_Driver/Inc/Legacy -I../Drivers/CMSIS/Device/ST/STM32G4xx/Include -I../Drivers/CMSIS/Include -I"C:/Users/josep/Projects/STM32Lora/STM32Lora/RA01" -O0 -ffunction-sections -fdata-sections -Wall -fstack-usage -MMD -MP -MF"Core/Src/main.d" -MT"Core/Src/main.o" --specs=nano.specs -mfpu=fpv4-sp-d16 -mfloat-abi=hard -mthumb -o "Core/Src/main.o"
cc1plus.exe: warning: command-line option '-std=gnu11' is valid for C/ObjC but not for C++
../RA01/ra01.cpp: In member function 'void LoRaClass::writeRegister(uint8_t, uint8_t)':
../RA01/ra01.cpp:700:13: warning: unused variable 'rxData' [-Wunused-variable]
  700 |     uint8_t rxData[5] = {0,0,0,0,0};
      |             ^~~~~~
../RA01/ra01.cpp: In member function 'void LoRaClass::writeCommand(uint8_t, uint8_t*, uint8_t)':
../RA01/ra01.cpp:718:13: warning: unused variable 'rxData' [-Wunused-variable]
  718 |     uint8_t rxData[5] = {0,0,0,0,0};
      |             ^~~~~~
../Core/Src/main.c: In function 'uint8_t checkLoraRead()':
../Core/Src/main.c:64:7: warning: variable 'recieved' set but not used [-Wunused-but-set-variable]
   64 |  bool recieved = false;
      |       ^~~~~~~~
../Core/Src/main.c: In function 'int main()':
../Core/Src/main.c:187:11: warning: unused variable 'loraTransmissionLen' [-Wunused-variable]
  187 |   uint8_t loraTransmissionLen = sprintf((char*)loraTransmission, "Data:%02X ", (tx_count/15));
      |           ^~~~~~~~~~~~~~~~~~~
../Core/Src/main.c:146:11: warning: unused variable 'spiBuf' [-Wunused-variable]
  146 |   uint8_t spiBuf[32];
      |           ^~~~~~
../Core/Src/main.c:147:11: warning: unused variable 'val' [-Wunused-variable]
  147 |   uint8_t val;
      |           ^~~
../Core/Src/main.c: In function 'uint8_t loraTransmit(uint8_t*, uint8_t)':
../Core/Src/main.c:88:9: warning: 'void* __builtin_memcpy(void*, const void*, unsigned int)' writing 35 bytes into a region of size 32 overflows the destination [-Wstringop-overflow=]
   88 |   strcpy((char*)uartBuf, "LoRa Transmit Already In Process\r\n");
      |   ~~~~~~^~~~~~~~~~~~~~~~~~~~~~~~~~~~~~~~~~~~~~~~~~~~~~~~~~~~~~~~
arm-none-eabi-g++ -o "STM32Lora.elf" @"objects.list"   -mcpu=cortex-m4 -T"C:\Users\josep\Projects\STM32Lora\STM32Lora\STM32G431KBTX_FLASH.ld" --specs=nosys.specs -Wl,-Map="STM32Lora.map" -Wl,--gc-sections -static --specs=nano.specs -mfpu=fpv4-sp-d16 -mfloat-abi=hard -mthumb -Wl,--start-group -lc -lm -lstdc++ -lsupc++ -Wl,--end-group
Finished building target: STM32Lora.elf
 
arm-none-eabi-size   STM32Lora.elf 
arm-none-eabi-objdump -h -S  STM32Lora.elf  > "STM32Lora.list"
   text	   data	    bss	    dec	    hex	filename
  24784	    124	   1920	  26828	   68cc	STM32Lora.elf
Finished building: default.size.stdout
 
Finished building: STM32Lora.list
 
22:57:56 **** Incremental Build of configuration Debug for project STM32Lora ****
make -j8 all 
arm-none-eabi-g++ "../RA01/ra01.cpp" -mcpu=cortex-m4 -std=gnu++14 -g3 -DDEBUG -DUSE_HAL_DRIVER -DSTM32G431xx -c -I../Core/Inc -I../Drivers/STM32G4xx_HAL_Driver/Inc -I../Drivers/STM32G4xx_HAL_Driver/Inc/Legacy -I../Drivers/CMSIS/Device/ST/STM32G4xx/Include -I../Drivers/CMSIS/Include -I"C:/Users/josep/Projects/STM32Lora/STM32Lora/RA01" -O0 -ffunction-sections -fdata-sections -fno-exceptions -fno-rtti -fno-use-cxa-atexit -Wall -fstack-usage -MMD -MP -MF"RA01/ra01.d" -MT"RA01/ra01.o" --specs=nano.specs -mfpu=fpv4-sp-d16 -mfloat-abi=hard -mthumb -o "RA01/ra01.o"
../RA01/ra01.cpp: In member function 'void LoRaClass::writeRegister(uint8_t, uint8_t)':
../RA01/ra01.cpp:701:13: warning: unused variable 'rxData' [-Wunused-variable]
  701 |     uint8_t rxData[5] = {0,0,0,0,0};
      |             ^~~~~~
../RA01/ra01.cpp: In member function 'void LoRaClass::writeCommand(uint8_t, uint8_t*, uint8_t)':
../RA01/ra01.cpp:719:13: warning: unused variable 'rxData' [-Wunused-variable]
  719 |     uint8_t rxData[5] = {0,0,0,0,0};
      |             ^~~~~~
arm-none-eabi-g++ -o "STM32Lora.elf" @"objects.list"   -mcpu=cortex-m4 -T"C:\Users\josep\Projects\STM32Lora\STM32Lora\STM32G431KBTX_FLASH.ld" --specs=nosys.specs -Wl,-Map="STM32Lora.map" -Wl,--gc-sections -static --specs=nano.specs -mfpu=fpv4-sp-d16 -mfloat-abi=hard -mthumb -Wl,--start-group -lc -lm -lstdc++ -lsupc++ -Wl,--end-group
Finished building target: STM32Lora.elf
 
arm-none-eabi-size   STM32Lora.elf 
arm-none-eabi-objdump -h -S  STM32Lora.elf  > "STM32Lora.list"
   text	   data	    bss	    dec	    hex	filename
  24784	    124	   1920	  26828	   68cc	STM32Lora.elf
Finished building: default.size.stdout
 
Finished building: STM32Lora.list
 
23:07:03 **** Incremental Build of configuration Debug for project STM32Lora ****
make -j8 all 
arm-none-eabi-size   STM32Lora.elf 
   text	   data	    bss	    dec	    hex	filename
  24784	    124	   1920	  26828	   68cc	STM32Lora.elf
Finished building: default.size.stdout
 
23:07:33 **** Incremental Build of configuration Debug for project STM32Lora ****
make -j8 all 
arm-none-eabi-g++ "../RA01/ra01.cpp" -mcpu=cortex-m4 -std=gnu++14 -g3 -DDEBUG -DUSE_HAL_DRIVER -DSTM32G431xx -c -I../Core/Inc -I../Drivers/STM32G4xx_HAL_Driver/Inc -I../Drivers/STM32G4xx_HAL_Driver/Inc/Legacy -I../Drivers/CMSIS/Device/ST/STM32G4xx/Include -I../Drivers/CMSIS/Include -I"C:/Users/josep/Projects/STM32Lora/STM32Lora/RA01" -O0 -ffunction-sections -fdata-sections -fno-exceptions -fno-rtti -fno-use-cxa-atexit -Wall -fstack-usage -MMD -MP -MF"RA01/ra01.d" -MT"RA01/ra01.o" --specs=nano.specs -mfpu=fpv4-sp-d16 -mfloat-abi=hard -mthumb -o "RA01/ra01.o"
../RA01/ra01.cpp: In member function 'void LoRaClass::writeRegister(uint8_t, uint8_t)':
../RA01/ra01.cpp:701:13: warning: unused variable 'rxData' [-Wunused-variable]
  701 |     uint8_t rxData[5] = {0,0,0,0,0};
      |             ^~~~~~
../RA01/ra01.cpp: In member function 'void LoRaClass::writeCommand(uint8_t, uint8_t*, uint8_t)':
../RA01/ra01.cpp:719:13: warning: unused variable 'rxData' [-Wunused-variable]
  719 |     uint8_t rxData[5] = {0,0,0,0,0};
      |             ^~~~~~
arm-none-eabi-g++ -o "STM32Lora.elf" @"objects.list"   -mcpu=cortex-m4 -T"C:\Users\josep\Projects\STM32Lora\STM32Lora\STM32G431KBTX_FLASH.ld" --specs=nosys.specs -Wl,-Map="STM32Lora.map" -Wl,--gc-sections -static --specs=nano.specs -mfpu=fpv4-sp-d16 -mfloat-abi=hard -mthumb -Wl,--start-group -lc -lm -lstdc++ -lsupc++ -Wl,--end-group
Finished building target: STM32Lora.elf
 
arm-none-eabi-size   STM32Lora.elf 
arm-none-eabi-objdump -h -S  STM32Lora.elf  > "STM32Lora.list"
   text	   data	    bss	    dec	    hex	filename
  24784	    124	   1920	  26828	   68cc	STM32Lora.elf
Finished building: default.size.stdout
 
Finished building: STM32Lora.list
 
23:16:26 **** Incremental Build of configuration Debug for project STM32Lora ****
make -j8 all 
arm-none-eabi-size   STM32Lora.elf 
   text	   data	    bss	    dec	    hex	filename
  24784	    124	   1920	  26828	   68cc	STM32Lora.elf
Finished building: default.size.stdout
 
23:19:24 **** Incremental Build of configuration Debug for project STM32Lora ****
make -j8 all 
arm-none-eabi-g++ "../RA01/ra01.cpp" -mcpu=cortex-m4 -std=gnu++14 -g3 -DDEBUG -DUSE_HAL_DRIVER -DSTM32G431xx -c -I../Core/Inc -I../Drivers/STM32G4xx_HAL_Driver/Inc -I../Drivers/STM32G4xx_HAL_Driver/Inc/Legacy -I../Drivers/CMSIS/Device/ST/STM32G4xx/Include -I../Drivers/CMSIS/Include -I"C:/Users/josep/Projects/STM32Lora/STM32Lora/RA01" -O0 -ffunction-sections -fdata-sections -fno-exceptions -fno-rtti -fno-use-cxa-atexit -Wall -fstack-usage -MMD -MP -MF"RA01/ra01.d" -MT"RA01/ra01.o" --specs=nano.specs -mfpu=fpv4-sp-d16 -mfloat-abi=hard -mthumb -o "RA01/ra01.o"
../RA01/ra01.cpp: In member function 'void LoRaClass::writeRegister(uint8_t, uint8_t)':
../RA01/ra01.cpp:701:13: warning: unused variable 'rxData' [-Wunused-variable]
  701 |     uint8_t rxData[5] = {0,0,0,0,0};
      |             ^~~~~~
../RA01/ra01.cpp: In member function 'void LoRaClass::writeCommand(uint8_t, uint8_t*, uint8_t)':
../RA01/ra01.cpp:719:13: warning: unused variable 'rxData' [-Wunused-variable]
  719 |     uint8_t rxData[5] = {0,0,0,0,0};
      |             ^~~~~~
arm-none-eabi-g++ -o "STM32Lora.elf" @"objects.list"   -mcpu=cortex-m4 -T"C:\Users\josep\Projects\STM32Lora\STM32Lora\STM32G431KBTX_FLASH.ld" --specs=nosys.specs -Wl,-Map="STM32Lora.map" -Wl,--gc-sections -static --specs=nano.specs -mfpu=fpv4-sp-d16 -mfloat-abi=hard -mthumb -Wl,--start-group -lc -lm -lstdc++ -lsupc++ -Wl,--end-group
Finished building target: STM32Lora.elf
 
arm-none-eabi-size   STM32Lora.elf 
arm-none-eabi-objdump -h -S  STM32Lora.elf  > "STM32Lora.list"
   text	   data	    bss	    dec	    hex	filename
  24784	    124	   1920	  26828	   68cc	STM32Lora.elf
Finished building: default.size.stdout
 
Finished building: STM32Lora.list
 
23:32:25 **** Incremental Build of configuration Debug for project STM32Lora ****
make -j8 all 
arm-none-eabi-size   STM32Lora.elf 
   text	   data	    bss	    dec	    hex	filename
  24784	    124	   1920	  26828	   68cc	STM32Lora.elf
Finished building: default.size.stdout
 
23:41:04 **** Incremental Build of configuration Debug for project STM32Lora ****
make -j8 all 
arm-none-eabi-g++ "../RA01/ra01.cpp" -mcpu=cortex-m4 -std=gnu++14 -g3 -DDEBUG -DUSE_HAL_DRIVER -DSTM32G431xx -c -I../Core/Inc -I../Drivers/STM32G4xx_HAL_Driver/Inc -I../Drivers/STM32G4xx_HAL_Driver/Inc/Legacy -I../Drivers/CMSIS/Device/ST/STM32G4xx/Include -I../Drivers/CMSIS/Include -I"C:/Users/josep/Projects/STM32Lora/STM32Lora/RA01" -O0 -ffunction-sections -fdata-sections -fno-exceptions -fno-rtti -fno-use-cxa-atexit -Wall -fstack-usage -MMD -MP -MF"RA01/ra01.d" -MT"RA01/ra01.o" --specs=nano.specs -mfpu=fpv4-sp-d16 -mfloat-abi=hard -mthumb -o "RA01/ra01.o"
arm-none-eabi-g++ "../Core/Src/main.c" -mcpu=cortex-m4 -std=gnu11 -g3 -DDEBUG -DUSE_HAL_DRIVER -DSTM32G431xx -c -I../Core/Inc -I../Drivers/STM32G4xx_HAL_Driver/Inc -I../Drivers/STM32G4xx_HAL_Driver/Inc/Legacy -I../Drivers/CMSIS/Device/ST/STM32G4xx/Include -I../Drivers/CMSIS/Include -I"C:/Users/josep/Projects/STM32Lora/STM32Lora/RA01" -O0 -ffunction-sections -fdata-sections -Wall -fstack-usage -MMD -MP -MF"Core/Src/main.d" -MT"Core/Src/main.o" --specs=nano.specs -mfpu=fpv4-sp-d16 -mfloat-abi=hard -mthumb -o "Core/Src/main.o"
cc1plus.exe: warning: command-line option '-std=gnu11' is valid for C/ObjC but not for C++
../RA01/ra01.cpp: In member function 'void LoRaClass::writeRegister(uint8_t, uint8_t)':
../RA01/ra01.cpp:701:13: warning: unused variable 'rxData' [-Wunused-variable]
  701 |     uint8_t rxData[5] = {0,0,0,0,0};
      |             ^~~~~~
../RA01/ra01.cpp: In member function 'void LoRaClass::writeCommand(uint8_t, uint8_t*, uint8_t)':
../RA01/ra01.cpp:719:13: warning: unused variable 'rxData' [-Wunused-variable]
  719 |     uint8_t rxData[5] = {0,0,0,0,0};
      |             ^~~~~~
../Core/Src/main.c: In function 'uint8_t checkLoraRead()':
../Core/Src/main.c:64:7: warning: variable 'recieved' set but not used [-Wunused-but-set-variable]
   64 |  bool recieved = false;
      |       ^~~~~~~~
../Core/Src/main.c: In function 'int main()':
../Core/Src/main.c:188:11: warning: unused variable 'loraTransmissionLen' [-Wunused-variable]
  188 |   uint8_t loraTransmissionLen = sprintf((char*)loraTransmission, "Data:%02X ", (tx_count/15));
      |           ^~~~~~~~~~~~~~~~~~~
../Core/Src/main.c:146:11: warning: unused variable 'spiBuf' [-Wunused-variable]
  146 |   uint8_t spiBuf[32];
      |           ^~~~~~
../Core/Src/main.c:147:11: warning: unused variable 'val' [-Wunused-variable]
  147 |   uint8_t val;
      |           ^~~
../Core/Src/main.c: In function 'uint8_t loraTransmit(uint8_t*, uint8_t)':
../Core/Src/main.c:88:9: warning: 'void* __builtin_memcpy(void*, const void*, unsigned int)' writing 35 bytes into a region of size 32 overflows the destination [-Wstringop-overflow=]
   88 |   strcpy((char*)uartBuf, "LoRa Transmit Already In Process\r\n");
      |   ~~~~~~^~~~~~~~~~~~~~~~~~~~~~~~~~~~~~~~~~~~~~~~~~~~~~~~~~~~~~~~
arm-none-eabi-g++ -o "STM32Lora.elf" @"objects.list"   -mcpu=cortex-m4 -T"C:\Users\josep\Projects\STM32Lora\STM32Lora\STM32G431KBTX_FLASH.ld" --specs=nosys.specs -Wl,-Map="STM32Lora.map" -Wl,--gc-sections -static --specs=nano.specs -mfpu=fpv4-sp-d16 -mfloat-abi=hard -mthumb -Wl,--start-group -lc -lm -lstdc++ -lsupc++ -Wl,--end-group
Finished building target: STM32Lora.elf
 
arm-none-eabi-size   STM32Lora.elf 
arm-none-eabi-objdump -h -S  STM32Lora.elf  > "STM32Lora.list"
   text	   data	    bss	    dec	    hex	filename
  24840	    124	   1920	  26884	   6904	STM32Lora.elf
Finished building: default.size.stdout
 
Finished building: STM32Lora.list
 
23:44:29 **** Incremental Build of configuration Debug for project STM32Lora ****
make -j8 all 
arm-none-eabi-size   STM32Lora.elf 
   text	   data	    bss	    dec	    hex	filename
  24840	    124	   1920	  26884	   6904	STM32Lora.elf
Finished building: default.size.stdout
 
23:45:33 **** Incremental Build of configuration Debug for project STM32Lora ****
make -j8 all 
arm-none-eabi-g++ "../Core/Src/main.c" -mcpu=cortex-m4 -std=gnu11 -g3 -DDEBUG -DUSE_HAL_DRIVER -DSTM32G431xx -c -I../Core/Inc -I../Drivers/STM32G4xx_HAL_Driver/Inc -I../Drivers/STM32G4xx_HAL_Driver/Inc/Legacy -I../Drivers/CMSIS/Device/ST/STM32G4xx/Include -I../Drivers/CMSIS/Include -I"C:/Users/josep/Projects/STM32Lora/STM32Lora/RA01" -O0 -ffunction-sections -fdata-sections -Wall -fstack-usage -MMD -MP -MF"Core/Src/main.d" -MT"Core/Src/main.o" --specs=nano.specs -mfpu=fpv4-sp-d16 -mfloat-abi=hard -mthumb -o "Core/Src/main.o"
cc1plus.exe: warning: command-line option '-std=gnu11' is valid for C/ObjC but not for C++
../Core/Src/main.c: In function 'uint8_t checkLoraRead()':
../Core/Src/main.c:64:7: warning: variable 'recieved' set but not used [-Wunused-but-set-variable]
   64 |  bool recieved = false;
      |       ^~~~~~~~
../Core/Src/main.c: In function 'int main()':
../Core/Src/main.c:188:11: warning: unused variable 'loraTransmissionLen' [-Wunused-variable]
  188 |   uint8_t loraTransmissionLen = sprintf((char*)loraTransmission, "Data:%02X ", (tx_count/15));
      |           ^~~~~~~~~~~~~~~~~~~
../Core/Src/main.c:146:11: warning: unused variable 'spiBuf' [-Wunused-variable]
  146 |   uint8_t spiBuf[32];
      |           ^~~~~~
../Core/Src/main.c:147:11: warning: unused variable 'val' [-Wunused-variable]
  147 |   uint8_t val;
      |           ^~~
../Core/Src/main.c: In function 'uint8_t loraTransmit(uint8_t*, uint8_t)':
../Core/Src/main.c:88:9: warning: 'void* __builtin_memcpy(void*, const void*, unsigned int)' writing 35 bytes into a region of size 32 overflows the destination [-Wstringop-overflow=]
   88 |   strcpy((char*)uartBuf, "LoRa Transmit Already In Process\r\n");
      |   ~~~~~~^~~~~~~~~~~~~~~~~~~~~~~~~~~~~~~~~~~~~~~~~~~~~~~~~~~~~~~~
arm-none-eabi-g++ -o "STM32Lora.elf" @"objects.list"   -mcpu=cortex-m4 -T"C:\Users\josep\Projects\STM32Lora\STM32Lora\STM32G431KBTX_FLASH.ld" --specs=nosys.specs -Wl,-Map="STM32Lora.map" -Wl,--gc-sections -static --specs=nano.specs -mfpu=fpv4-sp-d16 -mfloat-abi=hard -mthumb -Wl,--start-group -lc -lm -lstdc++ -lsupc++ -Wl,--end-group
Finished building target: STM32Lora.elf
 
arm-none-eabi-size   STM32Lora.elf 
arm-none-eabi-objdump -h -S  STM32Lora.elf  > "STM32Lora.list"
   text	   data	    bss	    dec	    hex	filename
  24784	    124	   1920	  26828	   68cc	STM32Lora.elf
Finished building: default.size.stdout
 
Finished building: STM32Lora.list
 
23:49:05 **** Incremental Build of configuration Debug for project STM32Lora ****
make -j8 all 
arm-none-eabi-g++ "../RA01/ra01.cpp" -mcpu=cortex-m4 -std=gnu++14 -g3 -DDEBUG -DUSE_HAL_DRIVER -DSTM32G431xx -c -I../Core/Inc -I../Drivers/STM32G4xx_HAL_Driver/Inc -I../Drivers/STM32G4xx_HAL_Driver/Inc/Legacy -I../Drivers/CMSIS/Device/ST/STM32G4xx/Include -I../Drivers/CMSIS/Include -I"C:/Users/josep/Projects/STM32Lora/STM32Lora/RA01" -O0 -ffunction-sections -fdata-sections -fno-exceptions -fno-rtti -fno-use-cxa-atexit -Wall -fstack-usage -MMD -MP -MF"RA01/ra01.d" -MT"RA01/ra01.o" --specs=nano.specs -mfpu=fpv4-sp-d16 -mfloat-abi=hard -mthumb -o "RA01/ra01.o"
../RA01/ra01.cpp: In member function 'void LoRaClass::writeRegister(uint8_t, uint8_t)':
../RA01/ra01.cpp:701:13: warning: unused variable 'rxData' [-Wunused-variable]
  701 |     uint8_t rxData[5] = {0,0,0,0,0};
      |             ^~~~~~
../RA01/ra01.cpp: In member function 'void LoRaClass::writeCommand(uint8_t, uint8_t*, uint8_t)':
../RA01/ra01.cpp:719:13: warning: unused variable 'rxData' [-Wunused-variable]
  719 |     uint8_t rxData[5] = {0,0,0,0,0};
      |             ^~~~~~
arm-none-eabi-g++ -o "STM32Lora.elf" @"objects.list"   -mcpu=cortex-m4 -T"C:\Users\josep\Projects\STM32Lora\STM32Lora\STM32G431KBTX_FLASH.ld" --specs=nosys.specs -Wl,-Map="STM32Lora.map" -Wl,--gc-sections -static --specs=nano.specs -mfpu=fpv4-sp-d16 -mfloat-abi=hard -mthumb -Wl,--start-group -lc -lm -lstdc++ -lsupc++ -Wl,--end-group
Finished building target: STM32Lora.elf
 
arm-none-eabi-size   STM32Lora.elf 
arm-none-eabi-objdump -h -S  STM32Lora.elf  > "STM32Lora.list"
   text	   data	    bss	    dec	    hex	filename
  24784	    124	   1920	  26828	   68cc	STM32Lora.elf
Finished building: default.size.stdout
 
Finished building: STM32Lora.list
 
00:31:58 **** Incremental Build of configuration Debug for project STM32Lora ****
make -j8 all 
arm-none-eabi-g++ "../RA01/ra01.cpp" -mcpu=cortex-m4 -std=gnu++14 -g3 -DDEBUG -DUSE_HAL_DRIVER -DSTM32G431xx -c -I../Core/Inc -I../Drivers/STM32G4xx_HAL_Driver/Inc -I../Drivers/STM32G4xx_HAL_Driver/Inc/Legacy -I../Drivers/CMSIS/Device/ST/STM32G4xx/Include -I../Drivers/CMSIS/Include -I"C:/Users/josep/Projects/STM32Lora/STM32Lora/RA01" -O0 -ffunction-sections -fdata-sections -fno-exceptions -fno-rtti -fno-use-cxa-atexit -Wall -fstack-usage -MMD -MP -MF"RA01/ra01.d" -MT"RA01/ra01.o" --specs=nano.specs -mfpu=fpv4-sp-d16 -mfloat-abi=hard -mthumb -o "RA01/ra01.o"
../RA01/ra01.cpp: In member function 'void LoRaClass::writeRegister(uint8_t, uint8_t)':
../RA01/ra01.cpp:701:13: warning: unused variable 'rxData' [-Wunused-variable]
  701 |     uint8_t rxData[5] = {0,0,0,0,0};
      |             ^~~~~~
../RA01/ra01.cpp: In member function 'void LoRaClass::writeCommand(uint8_t, uint8_t*, uint8_t)':
../RA01/ra01.cpp:719:13: warning: unused variable 'rxData' [-Wunused-variable]
  719 |     uint8_t rxData[5] = {0,0,0,0,0};
      |             ^~~~~~
arm-none-eabi-g++ -o "STM32Lora.elf" @"objects.list"   -mcpu=cortex-m4 -T"C:\Users\josep\Projects\STM32Lora\STM32Lora\STM32G431KBTX_FLASH.ld" --specs=nosys.specs -Wl,-Map="STM32Lora.map" -Wl,--gc-sections -static --specs=nano.specs -mfpu=fpv4-sp-d16 -mfloat-abi=hard -mthumb -Wl,--start-group -lc -lm -lstdc++ -lsupc++ -Wl,--end-group
Finished building target: STM32Lora.elf
 
arm-none-eabi-size   STM32Lora.elf 
arm-none-eabi-objdump -h -S  STM32Lora.elf  > "STM32Lora.list"
   text	   data	    bss	    dec	    hex	filename
  24784	    124	   1920	  26828	   68cc	STM32Lora.elf
Finished building: default.size.stdout
 
Finished building: STM32Lora.list
 
00:35:38 **** Incremental Build of configuration Debug for project STM32Lora ****
make -j8 all 
arm-none-eabi-g++ "../Core/Src/main.c" -mcpu=cortex-m4 -std=gnu11 -g3 -DDEBUG -DUSE_HAL_DRIVER -DSTM32G431xx -c -I../Core/Inc -I../Drivers/STM32G4xx_HAL_Driver/Inc -I../Drivers/STM32G4xx_HAL_Driver/Inc/Legacy -I../Drivers/CMSIS/Device/ST/STM32G4xx/Include -I../Drivers/CMSIS/Include -I"C:/Users/josep/Projects/STM32Lora/STM32Lora/RA01" -O0 -ffunction-sections -fdata-sections -Wall -fstack-usage -MMD -MP -MF"Core/Src/main.d" -MT"Core/Src/main.o" --specs=nano.specs -mfpu=fpv4-sp-d16 -mfloat-abi=hard -mthumb -o "Core/Src/main.o"
cc1plus.exe: warning: command-line option '-std=gnu11' is valid for C/ObjC but not for C++
../Core/Src/main.c: In function 'uint8_t checkLoraRead()':
../Core/Src/main.c:64:7: warning: variable 'recieved' set but not used [-Wunused-but-set-variable]
   64 |  bool recieved = false;
      |       ^~~~~~~~
../Core/Src/main.c: In function 'int main()':
../Core/Src/main.c:188:11: warning: unused variable 'loraTransmissionLen' [-Wunused-variable]
  188 |   uint8_t loraTransmissionLen = sprintf((char*)loraTransmission, "Data:%02X ", (tx_count/15));
      |           ^~~~~~~~~~~~~~~~~~~
../Core/Src/main.c:146:11: warning: unused variable 'spiBuf' [-Wunused-variable]
  146 |   uint8_t spiBuf[32];
      |           ^~~~~~
../Core/Src/main.c:147:11: warning: unused variable 'val' [-Wunused-variable]
  147 |   uint8_t val;
      |           ^~~
../Core/Src/main.c: In function 'uint8_t loraTransmit(uint8_t*, uint8_t)':
../Core/Src/main.c:88:9: warning: 'void* __builtin_memcpy(void*, const void*, unsigned int)' writing 35 bytes into a region of size 32 overflows the destination [-Wstringop-overflow=]
   88 |   strcpy((char*)uartBuf, "LoRa Transmit Already In Process\r\n");
      |   ~~~~~~^~~~~~~~~~~~~~~~~~~~~~~~~~~~~~~~~~~~~~~~~~~~~~~~~~~~~~~~
arm-none-eabi-g++ -o "STM32Lora.elf" @"objects.list"   -mcpu=cortex-m4 -T"C:\Users\josep\Projects\STM32Lora\STM32Lora\STM32G431KBTX_FLASH.ld" --specs=nosys.specs -Wl,-Map="STM32Lora.map" -Wl,--gc-sections -static --specs=nano.specs -mfpu=fpv4-sp-d16 -mfloat-abi=hard -mthumb -Wl,--start-group -lc -lm -lstdc++ -lsupc++ -Wl,--end-group
Finished building target: STM32Lora.elf
 
arm-none-eabi-size   STM32Lora.elf 
arm-none-eabi-objdump -h -S  STM32Lora.elf  > "STM32Lora.list"
   text	   data	    bss	    dec	    hex	filename
  24808	    124	   1920	  26852	   68e4	STM32Lora.elf
Finished building: default.size.stdout
 
Finished building: STM32Lora.list
 
00:45:02 **** Incremental Build of configuration Debug for project STM32Lora ****
make -j8 all 
arm-none-eabi-g++ "../Core/Src/main.c" -mcpu=cortex-m4 -std=gnu11 -g3 -DDEBUG -DUSE_HAL_DRIVER -DSTM32G431xx -c -I../Core/Inc -I../Drivers/STM32G4xx_HAL_Driver/Inc -I../Drivers/STM32G4xx_HAL_Driver/Inc/Legacy -I../Drivers/CMSIS/Device/ST/STM32G4xx/Include -I../Drivers/CMSIS/Include -I"C:/Users/josep/Projects/STM32Lora/STM32Lora/RA01" -O0 -ffunction-sections -fdata-sections -Wall -fstack-usage -MMD -MP -MF"Core/Src/main.d" -MT"Core/Src/main.o" --specs=nano.specs -mfpu=fpv4-sp-d16 -mfloat-abi=hard -mthumb -o "Core/Src/main.o"
cc1plus.exe: warning: command-line option '-std=gnu11' is valid for C/ObjC but not for C++
../Core/Src/main.c: In function 'uint8_t checkLoraRead()':
../Core/Src/main.c:64:7: warning: variable 'recieved' set but not used [-Wunused-but-set-variable]
   64 |  bool recieved = false;
      |       ^~~~~~~~
../Core/Src/main.c: In function 'int main()':
../Core/Src/main.c:188:11: warning: unused variable 'loraTransmissionLen' [-Wunused-variable]
  188 |   uint8_t loraTransmissionLen = sprintf((char*)loraTransmission, "Data:%02X ", (tx_count/15));
      |           ^~~~~~~~~~~~~~~~~~~
../Core/Src/main.c:146:11: warning: unused variable 'spiBuf' [-Wunused-variable]
  146 |   uint8_t spiBuf[32];
      |           ^~~~~~
../Core/Src/main.c:147:11: warning: unused variable 'val' [-Wunused-variable]
  147 |   uint8_t val;
      |           ^~~
../Core/Src/main.c: In function 'uint8_t loraTransmit(uint8_t*, uint8_t)':
../Core/Src/main.c:88:9: warning: 'void* __builtin_memcpy(void*, const void*, unsigned int)' writing 35 bytes into a region of size 32 overflows the destination [-Wstringop-overflow=]
   88 |   strcpy((char*)uartBuf, "LoRa Transmit Already In Process\r\n");
      |   ~~~~~~^~~~~~~~~~~~~~~~~~~~~~~~~~~~~~~~~~~~~~~~~~~~~~~~~~~~~~~~
arm-none-eabi-g++ -o "STM32Lora.elf" @"objects.list"   -mcpu=cortex-m4 -T"C:\Users\josep\Projects\STM32Lora\STM32Lora\STM32G431KBTX_FLASH.ld" --specs=nosys.specs -Wl,-Map="STM32Lora.map" -Wl,--gc-sections -static --specs=nano.specs -mfpu=fpv4-sp-d16 -mfloat-abi=hard -mthumb -Wl,--start-group -lc -lm -lstdc++ -lsupc++ -Wl,--end-group
Finished building target: STM32Lora.elf
 
arm-none-eabi-size   STM32Lora.elf 
arm-none-eabi-objdump -h -S  STM32Lora.elf  > "STM32Lora.list"
   text	   data	    bss	    dec	    hex	filename
  24808	    124	   1920	  26852	   68e4	STM32Lora.elf
Finished building: default.size.stdout
 
Finished building: STM32Lora.list
 
