16:22:41 **** Incremental Build of configuration Debug for project STM32Lora ****
make -j8 all 
arm-none-eabi-g++ "../Core/Src/main.c" -mcpu=cortex-m4 -std=gnu11 -g3 -DDEBUG -DUSE_HAL_DRIVER -DSTM32G431xx -c -I../Core/Inc -I../Drivers/STM32G4xx_HAL_Driver/Inc -I../Drivers/STM32G4xx_HAL_Driver/Inc/Legacy -I../Drivers/CMSIS/Device/ST/STM32G4xx/Include -I../Drivers/CMSIS/Include -I"C:/Users/josep/Projects/STM32Lora/STM32Lora/RA01" -O0 -ffunction-sections -fdata-sections -Wall -fstack-usage -MMD -MP -MF"Core/Src/main.d" -MT"Core/Src/main.o" --specs=nano.specs -mfpu=fpv4-sp-d16 -mfloat-abi=hard -mthumb -o "Core/Src/main.o"
cc1plus.exe: warning: command-line option '-std=gnu11' is valid for C/ObjC but not for C++
../Core/Src/main.c: In function 'uint8_t checkLoraRead()':
../Core/Src/main.c:63:7: warning: variable 'recieved' set but not used [-Wunused-but-set-variable]
   63 |  bool recieved = false;
      |       ^~~~~~~~
../Core/Src/main.c: In function 'int main()':
../Core/Src/main.c:173:11: warning: unused variable 'loraTransmission' [-Wunused-variable]
  173 |   uint8_t loraTransmission[32];
      |           ^~~~~~~~~~~~~~~~
../Core/Src/main.c:174:11: warning: unused variable 'loraTransmissionLen' [-Wunused-variable]
  174 |   uint8_t loraTransmissionLen = sprintf((char*)spiBuf, "Data:%02X ", (tx_count/15));
      |           ^~~~~~~~~~~~~~~~~~~
../Core/Src/main.c:136:11: warning: unused variable 'val' [-Wunused-variable]
  136 |   uint8_t val;
      |           ^~~
../Core/Src/main.c: In function 'uint8_t loraTransmit(uint8_t*, uint8_t)':
../Core/Src/main.c:87:9: warning: 'void* __builtin_memcpy(void*, const void*, unsigned int)' writing 35 bytes into a region of size 32 overflows the destination [-Wstringop-overflow=]
   87 |   strcpy((char*)uartBuf, "LoRa Transmit Already In Process\r\n");
      |   ~~~~~~^~~~~~~~~~~~~~~~~~~~~~~~~~~~~~~~~~~~~~~~~~~~~~~~~~~~~~~~
arm-none-eabi-g++ -o "STM32Lora.elf" @"objects.list"   -mcpu=cortex-m4 -T"C:\Users\josep\Projects\STM32Lora\STM32Lora\STM32G431KBTX_FLASH.ld" --specs=nosys.specs -Wl,-Map="STM32Lora.map" -Wl,--gc-sections -static --specs=nano.specs -mfpu=fpv4-sp-d16 -mfloat-abi=hard -mthumb -Wl,--start-group -lc -lm -lstdc++ -lsupc++ -Wl,--end-group
Finished building target: STM32Lora.elf
 
arm-none-eabi-size   STM32Lora.elf 
arm-none-eabi-objdump -h -S  STM32Lora.elf  > "STM32Lora.list"
   text	   data	    bss	    dec	    hex	filename
  24932	    124	   1912	  26968	   6958	STM32Lora.elf
Finished building: default.size.stdout
 
Finished building: STM32Lora.list
 
16:22:54 **** Incremental Build of configuration Debug for project STM32Lora ****
make -j8 all 
arm-none-eabi-g++ "../Core/Src/main.c" -mcpu=cortex-m4 -std=gnu11 -g3 -DDEBUG -DUSE_HAL_DRIVER -DSTM32G431xx -c -I../Core/Inc -I../Drivers/STM32G4xx_HAL_Driver/Inc -I../Drivers/STM32G4xx_HAL_Driver/Inc/Legacy -I../Drivers/CMSIS/Device/ST/STM32G4xx/Include -I../Drivers/CMSIS/Include -I"C:/Users/josep/Projects/STM32Lora/STM32Lora/RA01" -O0 -ffunction-sections -fdata-sections -Wall -fstack-usage -MMD -MP -MF"Core/Src/main.d" -MT"Core/Src/main.o" --specs=nano.specs -mfpu=fpv4-sp-d16 -mfloat-abi=hard -mthumb -o "Core/Src/main.o"
cc1plus.exe: warning: command-line option '-std=gnu11' is valid for C/ObjC but not for C++
../Core/Src/main.c: In function 'uint8_t checkLoraRead()':
../Core/Src/main.c:63:7: warning: variable 'recieved' set but not used [-Wunused-but-set-variable]
   63 |  bool recieved = false;
      |       ^~~~~~~~
../Core/Src/main.c: In function 'int main()':
../Core/Src/main.c:173:11: warning: unused variable 'loraTransmission' [-Wunused-variable]
  173 |   uint8_t loraTransmission[32];
      |           ^~~~~~~~~~~~~~~~
../Core/Src/main.c:174:11: warning: unused variable 'loraTransmissionLen' [-Wunused-variable]
  174 |   uint8_t loraTransmissionLen = sprintf((char*)spiBuf, "Data:%02X ", (tx_count/15));
      |           ^~~~~~~~~~~~~~~~~~~
../Core/Src/main.c:136:11: warning: unused variable 'val' [-Wunused-variable]
  136 |   uint8_t val;
      |           ^~~
../Core/Src/main.c: In function 'uint8_t loraTransmit(uint8_t*, uint8_t)':
../Core/Src/main.c:87:9: warning: 'void* __builtin_memcpy(void*, const void*, unsigned int)' writing 35 bytes into a region of size 32 overflows the destination [-Wstringop-overflow=]
   87 |   strcpy((char*)uartBuf, "LoRa Transmit Already In Process\r\n");
      |   ~~~~~~^~~~~~~~~~~~~~~~~~~~~~~~~~~~~~~~~~~~~~~~~~~~~~~~~~~~~~~~
arm-none-eabi-g++ -o "STM32Lora.elf" @"objects.list"   -mcpu=cortex-m4 -T"C:\Users\josep\Projects\STM32Lora\STM32Lora\STM32G431KBTX_FLASH.ld" --specs=nosys.specs -Wl,-Map="STM32Lora.map" -Wl,--gc-sections -static --specs=nano.specs -mfpu=fpv4-sp-d16 -mfloat-abi=hard -mthumb -Wl,--start-group -lc -lm -lstdc++ -lsupc++ -Wl,--end-group
Finished building target: STM32Lora.elf
 
arm-none-eabi-size   STM32Lora.elf 
arm-none-eabi-objdump -h -S  STM32Lora.elf  > "STM32Lora.list"
   text	   data	    bss	    dec	    hex	filename
  24932	    124	   1912	  26968	   6958	STM32Lora.elf
Finished building: default.size.stdout
 
Finished building: STM32Lora.list
 
16:25:08 **** Incremental Build of configuration Debug for project STM32Lora ****
make -j8 all 
arm-none-eabi-g++ "../Core/Src/main.c" -mcpu=cortex-m4 -std=gnu11 -g3 -DDEBUG -DUSE_HAL_DRIVER -DSTM32G431xx -c -I../Core/Inc -I../Drivers/STM32G4xx_HAL_Driver/Inc -I../Drivers/STM32G4xx_HAL_Driver/Inc/Legacy -I../Drivers/CMSIS/Device/ST/STM32G4xx/Include -I../Drivers/CMSIS/Include -I"C:/Users/josep/Projects/STM32Lora/STM32Lora/RA01" -O0 -ffunction-sections -fdata-sections -Wall -fstack-usage -MMD -MP -MF"Core/Src/main.d" -MT"Core/Src/main.o" --specs=nano.specs -mfpu=fpv4-sp-d16 -mfloat-abi=hard -mthumb -o "Core/Src/main.o"
cc1plus.exe: warning: command-line option '-std=gnu11' is valid for C/ObjC but not for C++
../Core/Src/main.c: In function 'uint8_t checkLoraRead()':
../Core/Src/main.c:63:7: warning: variable 'recieved' set but not used [-Wunused-but-set-variable]
   63 |  bool recieved = false;
      |       ^~~~~~~~
../Core/Src/main.c: In function 'int main()':
../Core/Src/main.c:173:11: warning: unused variable 'loraTransmission' [-Wunused-variable]
  173 |   uint8_t loraTransmission[32];
      |           ^~~~~~~~~~~~~~~~
../Core/Src/main.c:174:11: warning: unused variable 'loraTransmissionLen' [-Wunused-variable]
  174 |   uint8_t loraTransmissionLen = sprintf((char*)spiBuf, "Data:%02X ", (tx_count/15));
      |           ^~~~~~~~~~~~~~~~~~~
../Core/Src/main.c:136:11: warning: unused variable 'val' [-Wunused-variable]
  136 |   uint8_t val;
      |           ^~~
../Core/Src/main.c: In function 'uint8_t loraTransmit(uint8_t*, uint8_t)':
../Core/Src/main.c:87:9: warning: 'void* __builtin_memcpy(void*, const void*, unsigned int)' writing 35 bytes into a region of size 32 overflows the destination [-Wstringop-overflow=]
   87 |   strcpy((char*)uartBuf, "LoRa Transmit Already In Process\r\n");
      |   ~~~~~~^~~~~~~~~~~~~~~~~~~~~~~~~~~~~~~~~~~~~~~~~~~~~~~~~~~~~~~~
arm-none-eabi-g++ -o "STM32Lora.elf" @"objects.list"   -mcpu=cortex-m4 -T"C:\Users\josep\Projects\STM32Lora\STM32Lora\STM32G431KBTX_FLASH.ld" --specs=nosys.specs -Wl,-Map="STM32Lora.map" -Wl,--gc-sections -static --specs=nano.specs -mfpu=fpv4-sp-d16 -mfloat-abi=hard -mthumb -Wl,--start-group -lc -lm -lstdc++ -lsupc++ -Wl,--end-group
Finished building target: STM32Lora.elf
 
arm-none-eabi-size   STM32Lora.elf 
arm-none-eabi-objdump -h -S  STM32Lora.elf  > "STM32Lora.list"
   text	   data	    bss	    dec	    hex	filename
  24908	    124	   1912	  26944	   6940	STM32Lora.elf
Finished building: default.size.stdout
 
Finished building: STM32Lora.list
 
16:26:52 **** Incremental Build of configuration Debug for project STM32Lora ****
make -j8 all 
arm-none-eabi-g++ "../RA01/ra01.cpp" -mcpu=cortex-m4 -std=gnu++14 -g3 -DDEBUG -DUSE_HAL_DRIVER -DSTM32G431xx -c -I../Core/Inc -I../Drivers/STM32G4xx_HAL_Driver/Inc -I../Drivers/STM32G4xx_HAL_Driver/Inc/Legacy -I../Drivers/CMSIS/Device/ST/STM32G4xx/Include -I../Drivers/CMSIS/Include -I"C:/Users/josep/Projects/STM32Lora/STM32Lora/RA01" -O0 -ffunction-sections -fdata-sections -fno-exceptions -fno-rtti -fno-use-cxa-atexit -Wall -fstack-usage -MMD -MP -MF"RA01/ra01.d" -MT"RA01/ra01.o" --specs=nano.specs -mfpu=fpv4-sp-d16 -mfloat-abi=hard -mthumb -o "RA01/ra01.o"
../RA01/ra01.cpp: In member function 'int LoRaClass::endPacket(bool)':
../RA01/ra01.cpp:189:59: warning: suggest parentheses around comparison in operand of '&' [-Wparentheses]
  189 |     while (readRegister(REG_IRQ_FLAGS) & IRQ_TX_DONE_MASK == 0) {
      |                                                           ^
../RA01/ra01.cpp: In member function 'void LoRaClass::writeRegister(uint8_t, uint8_t)':
../RA01/ra01.cpp:742:13: warning: unused variable 'rxData' [-Wunused-variable]
  742 |     uint8_t rxData[5] = {0,0,0,0,0};
      |             ^~~~~~
../RA01/ra01.cpp: In member function 'void LoRaClass::writeCommand(uint8_t, uint8_t*, uint8_t)':
../RA01/ra01.cpp:760:13: warning: unused variable 'rxData' [-Wunused-variable]
  760 |     uint8_t rxData[5] = {0,0,0,0,0};
      |             ^~~~~~
arm-none-eabi-g++ -o "STM32Lora.elf" @"objects.list"   -mcpu=cortex-m4 -T"C:\Users\josep\Projects\STM32Lora\STM32Lora\STM32G431KBTX_FLASH.ld" --specs=nosys.specs -Wl,-Map="STM32Lora.map" -Wl,--gc-sections -static --specs=nano.specs -mfpu=fpv4-sp-d16 -mfloat-abi=hard -mthumb -Wl,--start-group -lc -lm -lstdc++ -lsupc++ -Wl,--end-group
Finished building target: STM32Lora.elf
 
arm-none-eabi-size   STM32Lora.elf 
arm-none-eabi-objdump -h -S  STM32Lora.elf  > "STM32Lora.list"
   text	   data	    bss	    dec	    hex	filename
  24904	    124	   1912	  26940	   693c	STM32Lora.elf
Finished building: default.size.stdout
 
Finished building: STM32Lora.list
 
16:27:09 **** Incremental Build of configuration Debug for project STM32Lora ****
make -j8 all 
arm-none-eabi-g++ "../RA01/ra01.cpp" -mcpu=cortex-m4 -std=gnu++14 -g3 -DDEBUG -DUSE_HAL_DRIVER -DSTM32G431xx -c -I../Core/Inc -I../Drivers/STM32G4xx_HAL_Driver/Inc -I../Drivers/STM32G4xx_HAL_Driver/Inc/Legacy -I../Drivers/CMSIS/Device/ST/STM32G4xx/Include -I../Drivers/CMSIS/Include -I"C:/Users/josep/Projects/STM32Lora/STM32Lora/RA01" -O0 -ffunction-sections -fdata-sections -fno-exceptions -fno-rtti -fno-use-cxa-atexit -Wall -fstack-usage -MMD -MP -MF"RA01/ra01.d" -MT"RA01/ra01.o" --specs=nano.specs -mfpu=fpv4-sp-d16 -mfloat-abi=hard -mthumb -o "RA01/ra01.o"
../RA01/ra01.cpp: In member function 'int LoRaClass::endPacket(bool)':
../RA01/ra01.cpp:189:59: warning: suggest parentheses around comparison in operand of '&' [-Wparentheses]
  189 |     while (readRegister(REG_IRQ_FLAGS) & IRQ_TX_DONE_MASK == 0) {
      |                                                           ^
../RA01/ra01.cpp: In member function 'void LoRaClass::writeRegister(uint8_t, uint8_t)':
../RA01/ra01.cpp:741:13: warning: unused variable 'rxData' [-Wunused-variable]
  741 |     uint8_t rxData[5] = {0,0,0,0,0};
      |             ^~~~~~
../RA01/ra01.cpp: In member function 'void LoRaClass::writeCommand(uint8_t, uint8_t*, uint8_t)':
../RA01/ra01.cpp:759:13: warning: unused variable 'rxData' [-Wunused-variable]
  759 |     uint8_t rxData[5] = {0,0,0,0,0};
      |             ^~~~~~
arm-none-eabi-g++ -o "STM32Lora.elf" @"objects.list"   -mcpu=cortex-m4 -T"C:\Users\josep\Projects\STM32Lora\STM32Lora\STM32G431KBTX_FLASH.ld" --specs=nosys.specs -Wl,-Map="STM32Lora.map" -Wl,--gc-sections -static --specs=nano.specs -mfpu=fpv4-sp-d16 -mfloat-abi=hard -mthumb -Wl,--start-group -lc -lm -lstdc++ -lsupc++ -Wl,--end-group
Finished building target: STM32Lora.elf
 
arm-none-eabi-size   STM32Lora.elf 
arm-none-eabi-objdump -h -S  STM32Lora.elf  > "STM32Lora.list"
   text	   data	    bss	    dec	    hex	filename
  24900	    124	   1912	  26936	   6938	STM32Lora.elf
Finished building: default.size.stdout
 
Finished building: STM32Lora.list
 
16:28:24 **** Incremental Build of configuration Debug for project STM32Lora ****
make -j8 all 
arm-none-eabi-g++ "../RA01/ra01.cpp" -mcpu=cortex-m4 -std=gnu++14 -g3 -DDEBUG -DUSE_HAL_DRIVER -DSTM32G431xx -c -I../Core/Inc -I../Drivers/STM32G4xx_HAL_Driver/Inc -I../Drivers/STM32G4xx_HAL_Driver/Inc/Legacy -I../Drivers/CMSIS/Device/ST/STM32G4xx/Include -I../Drivers/CMSIS/Include -I"C:/Users/josep/Projects/STM32Lora/STM32Lora/RA01" -O0 -ffunction-sections -fdata-sections -fno-exceptions -fno-rtti -fno-use-cxa-atexit -Wall -fstack-usage -MMD -MP -MF"RA01/ra01.d" -MT"RA01/ra01.o" --specs=nano.specs -mfpu=fpv4-sp-d16 -mfloat-abi=hard -mthumb -o "RA01/ra01.o"
arm-none-eabi-g++ "../Core/Src/main.c" -mcpu=cortex-m4 -std=gnu11 -g3 -DDEBUG -DUSE_HAL_DRIVER -DSTM32G431xx -c -I../Core/Inc -I../Drivers/STM32G4xx_HAL_Driver/Inc -I../Drivers/STM32G4xx_HAL_Driver/Inc/Legacy -I../Drivers/CMSIS/Device/ST/STM32G4xx/Include -I../Drivers/CMSIS/Include -I"C:/Users/josep/Projects/STM32Lora/STM32Lora/RA01" -O0 -ffunction-sections -fdata-sections -Wall -fstack-usage -MMD -MP -MF"Core/Src/main.d" -MT"Core/Src/main.o" --specs=nano.specs -mfpu=fpv4-sp-d16 -mfloat-abi=hard -mthumb -o "Core/Src/main.o"
cc1plus.exe: warning: command-line option '-std=gnu11' is valid for C/ObjC but not for C++
../RA01/ra01.cpp: In member function 'int LoRaClass::endPacket(bool)':
../RA01/ra01.cpp:189:59: warning: suggest parentheses around comparison in operand of '&' [-Wparentheses]
  189 |     while (readRegister(REG_IRQ_FLAGS) & IRQ_TX_DONE_MASK == 0) {
      |                                                           ^
../RA01/ra01.cpp: In member function 'void LoRaClass::writeRegister(uint8_t, uint8_t)':
../RA01/ra01.cpp:742:13: warning: unused variable 'rxData' [-Wunused-variable]
  742 |     uint8_t rxData[5] = {0,0,0,0,0};
      |             ^~~~~~
../RA01/ra01.cpp: In member function 'void LoRaClass::writeCommand(uint8_t, uint8_t*, uint8_t)':
../RA01/ra01.cpp:760:13: warning: unused variable 'rxData' [-Wunused-variable]
  760 |     uint8_t rxData[5] = {0,0,0,0,0};
      |             ^~~~~~
../Core/Src/main.c: In function 'uint8_t checkLoraRead()':
../Core/Src/main.c:63:7: warning: variable 'recieved' set but not used [-Wunused-but-set-variable]
   63 |  bool recieved = false;
      |       ^~~~~~~~
../Core/Src/main.c: In function 'int main()':
../Core/Src/main.c:173:11: warning: unused variable 'loraTransmission' [-Wunused-variable]
  173 |   uint8_t loraTransmission[32];
      |           ^~~~~~~~~~~~~~~~
../Core/Src/main.c:174:11: warning: unused variable 'loraTransmissionLen' [-Wunused-variable]
  174 |   uint8_t loraTransmissionLen = sprintf((char*)spiBuf, "Data:%02X ", (tx_count/15));
      |           ^~~~~~~~~~~~~~~~~~~
../Core/Src/main.c:136:11: warning: unused variable 'val' [-Wunused-variable]
  136 |   uint8_t val;
      |           ^~~
../Core/Src/main.c: In function 'uint8_t loraTransmit(uint8_t*, uint8_t)':
../Core/Src/main.c:87:9: warning: 'void* __builtin_memcpy(void*, const void*, unsigned int)' writing 35 bytes into a region of size 32 overflows the destination [-Wstringop-overflow=]
   87 |   strcpy((char*)uartBuf, "LoRa Transmit Already In Process\r\n");
      |   ~~~~~~^~~~~~~~~~~~~~~~~~~~~~~~~~~~~~~~~~~~~~~~~~~~~~~~~~~~~~~~
arm-none-eabi-g++ -o "STM32Lora.elf" @"objects.list"   -mcpu=cortex-m4 -T"C:\Users\josep\Projects\STM32Lora\STM32Lora\STM32G431KBTX_FLASH.ld" --specs=nosys.specs -Wl,-Map="STM32Lora.map" -Wl,--gc-sections -static --specs=nano.specs -mfpu=fpv4-sp-d16 -mfloat-abi=hard -mthumb -Wl,--start-group -lc -lm -lstdc++ -lsupc++ -Wl,--end-group
Finished building target: STM32Lora.elf
 
arm-none-eabi-size   STM32Lora.elf 
arm-none-eabi-objdump -h -S  STM32Lora.elf  > "STM32Lora.list"
   text	   data	    bss	    dec	    hex	filename
  24908	    124	   1912	  26944	   6940	STM32Lora.elf
Finished building: default.size.stdout
 
Finished building: STM32Lora.list
 
16:36:04 **** Incremental Build of configuration Debug for project STM32Lora ****
make -j8 all 
arm-none-eabi-size   STM32Lora.elf 
   text	   data	    bss	    dec	    hex	filename
  24908	    124	   1912	  26944	   6940	STM32Lora.elf
Finished building: default.size.stdout
 
16:38:40 **** Incremental Build of configuration Debug for project STM32Lora ****
make -j8 all 
arm-none-eabi-g++ "../RA01/ra01.cpp" -mcpu=cortex-m4 -std=gnu++14 -g3 -DDEBUG -DUSE_HAL_DRIVER -DSTM32G431xx -c -I../Core/Inc -I../Drivers/STM32G4xx_HAL_Driver/Inc -I../Drivers/STM32G4xx_HAL_Driver/Inc/Legacy -I../Drivers/CMSIS/Device/ST/STM32G4xx/Include -I../Drivers/CMSIS/Include -I"C:/Users/josep/Projects/STM32Lora/STM32Lora/RA01" -O0 -ffunction-sections -fdata-sections -fno-exceptions -fno-rtti -fno-use-cxa-atexit -Wall -fstack-usage -MMD -MP -MF"RA01/ra01.d" -MT"RA01/ra01.o" --specs=nano.specs -mfpu=fpv4-sp-d16 -mfloat-abi=hard -mthumb -o "RA01/ra01.o"
../RA01/ra01.cpp: In member function 'int LoRaClass::endPacket(bool)':
../RA01/ra01.cpp:189:59: warning: suggest parentheses around comparison in operand of '&' [-Wparentheses]
  189 |     while (readRegister(REG_IRQ_FLAGS) & IRQ_TX_DONE_MASK == 0) {
      |                                                           ^
../RA01/ra01.cpp: In member function 'void LoRaClass::writeRegister(uint8_t, uint8_t)':
../RA01/ra01.cpp:742:13: warning: unused variable 'rxData' [-Wunused-variable]
  742 |     uint8_t rxData[5] = {0,0,0,0,0};
      |             ^~~~~~
../RA01/ra01.cpp: In member function 'void LoRaClass::writeCommand(uint8_t, uint8_t*, uint8_t)':
../RA01/ra01.cpp:760:13: warning: unused variable 'rxData' [-Wunused-variable]
  760 |     uint8_t rxData[5] = {0,0,0,0,0};
      |             ^~~~~~
arm-none-eabi-g++ -o "STM32Lora.elf" @"objects.list"   -mcpu=cortex-m4 -T"C:\Users\josep\Projects\STM32Lora\STM32Lora\STM32G431KBTX_FLASH.ld" --specs=nosys.specs -Wl,-Map="STM32Lora.map" -Wl,--gc-sections -static --specs=nano.specs -mfpu=fpv4-sp-d16 -mfloat-abi=hard -mthumb -Wl,--start-group -lc -lm -lstdc++ -lsupc++ -Wl,--end-group
Finished building target: STM32Lora.elf
 
arm-none-eabi-size   STM32Lora.elf 
arm-none-eabi-objdump -h -S  STM32Lora.elf  > "STM32Lora.list"
   text	   data	    bss	    dec	    hex	filename
  24908	    124	   1912	  26944	   6940	STM32Lora.elf
Finished building: default.size.stdout
 
Finished building: STM32Lora.list
 
16:40:20 **** Incremental Build of configuration Debug for project STM32Lora ****
make -j8 all 
arm-none-eabi-g++ "../RA01/ra01.cpp" -mcpu=cortex-m4 -std=gnu++14 -g3 -DDEBUG -DUSE_HAL_DRIVER -DSTM32G431xx -c -I../Core/Inc -I../Drivers/STM32G4xx_HAL_Driver/Inc -I../Drivers/STM32G4xx_HAL_Driver/Inc/Legacy -I../Drivers/CMSIS/Device/ST/STM32G4xx/Include -I../Drivers/CMSIS/Include -I"C:/Users/josep/Projects/STM32Lora/STM32Lora/RA01" -O0 -ffunction-sections -fdata-sections -fno-exceptions -fno-rtti -fno-use-cxa-atexit -Wall -fstack-usage -MMD -MP -MF"RA01/ra01.d" -MT"RA01/ra01.o" --specs=nano.specs -mfpu=fpv4-sp-d16 -mfloat-abi=hard -mthumb -o "RA01/ra01.o"
../RA01/ra01.cpp: In member function 'int LoRaClass::endPacket(bool)':
../RA01/ra01.cpp:189:59: warning: suggest parentheses around comparison in operand of '&' [-Wparentheses]
  189 |     while (readRegister(REG_IRQ_FLAGS) & IRQ_TX_DONE_MASK == 0) {
      |                                                           ^
../RA01/ra01.cpp: In member function 'void LoRaClass::writeRegister(uint8_t, uint8_t)':
../RA01/ra01.cpp:743:13: warning: unused variable 'rxData' [-Wunused-variable]
  743 |     uint8_t rxData[5] = {0,0,0,0,0};
      |             ^~~~~~
../RA01/ra01.cpp: In member function 'void LoRaClass::writeCommand(uint8_t, uint8_t*, uint8_t)':
../RA01/ra01.cpp:761:13: warning: unused variable 'rxData' [-Wunused-variable]
  761 |     uint8_t rxData[5] = {0,0,0,0,0};
      |             ^~~~~~
arm-none-eabi-g++ -o "STM32Lora.elf" @"objects.list"   -mcpu=cortex-m4 -T"C:\Users\josep\Projects\STM32Lora\STM32Lora\STM32G431KBTX_FLASH.ld" --specs=nosys.specs -Wl,-Map="STM32Lora.map" -Wl,--gc-sections -static --specs=nano.specs -mfpu=fpv4-sp-d16 -mfloat-abi=hard -mthumb -Wl,--start-group -lc -lm -lstdc++ -lsupc++ -Wl,--end-group
Finished building target: STM32Lora.elf
 
arm-none-eabi-size   STM32Lora.elf 
arm-none-eabi-objdump -h -S  STM32Lora.elf  > "STM32Lora.list"
   text	   data	    bss	    dec	    hex	filename
  24904	    124	   1912	  26940	   693c	STM32Lora.elf
Finished building: default.size.stdout
 
Finished building: STM32Lora.list
 
16:45:50 **** Incremental Build of configuration Debug for project STM32Lora ****
make -j8 all 
arm-none-eabi-size   STM32Lora.elf 
   text	   data	    bss	    dec	    hex	filename
  24904	    124	   1912	  26940	   693c	STM32Lora.elf
Finished building: default.size.stdout
 
16:49:51 **** Incremental Build of configuration Debug for project STM32Lora ****
make -j8 all 
arm-none-eabi-g++ "../Core/Src/main.c" -mcpu=cortex-m4 -std=gnu11 -g3 -DDEBUG -DUSE_HAL_DRIVER -DSTM32G431xx -c -I../Core/Inc -I../Drivers/STM32G4xx_HAL_Driver/Inc -I../Drivers/STM32G4xx_HAL_Driver/Inc/Legacy -I../Drivers/CMSIS/Device/ST/STM32G4xx/Include -I../Drivers/CMSIS/Include -I"C:/Users/josep/Projects/STM32Lora/STM32Lora/RA01" -O0 -ffunction-sections -fdata-sections -Wall -fstack-usage -MMD -MP -MF"Core/Src/main.d" -MT"Core/Src/main.o" --specs=nano.specs -mfpu=fpv4-sp-d16 -mfloat-abi=hard -mthumb -o "Core/Src/main.o"
cc1plus.exe: warning: command-line option '-std=gnu11' is valid for C/ObjC but not for C++
../Core/Src/main.c: In function 'uint8_t checkLoraRead()':
../Core/Src/main.c:63:7: warning: variable 'recieved' set but not used [-Wunused-but-set-variable]
   63 |  bool recieved = false;
      |       ^~~~~~~~
../Core/Src/main.c: In function 'int main()':
../Core/Src/main.c:174:11: warning: unused variable 'loraTransmission' [-Wunused-variable]
  174 |   uint8_t loraTransmission[32];
      |           ^~~~~~~~~~~~~~~~
../Core/Src/main.c:175:11: warning: unused variable 'loraTransmissionLen' [-Wunused-variable]
  175 |   uint8_t loraTransmissionLen = sprintf((char*)spiBuf, "Data:%02X ", (tx_count/15));
      |           ^~~~~~~~~~~~~~~~~~~
../Core/Src/main.c:161:10: warning: unused variable 'val' [-Wunused-variable]
  161 |  uint8_t val = HAL_GPIO_ReadPin(RA01_BUSY_GPIO_Port, RA01_BUSY_Pin);
      |          ^~~
../Core/Src/main.c:136:11: warning: unused variable 'val' [-Wunused-variable]
  136 |   uint8_t val;
      |           ^~~
../Core/Src/main.c: In function 'uint8_t loraTransmit(uint8_t*, uint8_t)':
../Core/Src/main.c:87:9: warning: 'void* __builtin_memcpy(void*, const void*, unsigned int)' writing 35 bytes into a region of size 32 overflows the destination [-Wstringop-overflow=]
   87 |   strcpy((char*)uartBuf, "LoRa Transmit Already In Process\r\n");
      |   ~~~~~~^~~~~~~~~~~~~~~~~~~~~~~~~~~~~~~~~~~~~~~~~~~~~~~~~~~~~~~~
arm-none-eabi-g++ -o "STM32Lora.elf" @"objects.list"   -mcpu=cortex-m4 -T"C:\Users\josep\Projects\STM32Lora\STM32Lora\STM32G431KBTX_FLASH.ld" --specs=nosys.specs -Wl,-Map="STM32Lora.map" -Wl,--gc-sections -static --specs=nano.specs -mfpu=fpv4-sp-d16 -mfloat-abi=hard -mthumb -Wl,--start-group -lc -lm -lstdc++ -lsupc++ -Wl,--end-group
Finished building target: STM32Lora.elf
 
arm-none-eabi-size   STM32Lora.elf 
arm-none-eabi-objdump -h -S  STM32Lora.elf  > "STM32Lora.list"
   text	   data	    bss	    dec	    hex	filename
  24920	    124	   1912	  26956	   694c	STM32Lora.elf
Finished building: default.size.stdout
 
Finished building: STM32Lora.list
 
16:53:21 **** Incremental Build of configuration Debug for project STM32Lora ****
make -j8 all 
arm-none-eabi-gcc "../Core/Src/gpio.c" -mcpu=cortex-m4 -std=gnu11 -g3 -DDEBUG -DUSE_HAL_DRIVER -DSTM32G431xx -c -I../Core/Inc -I../Drivers/STM32G4xx_HAL_Driver/Inc -I../Drivers/STM32G4xx_HAL_Driver/Inc/Legacy -I../Drivers/CMSIS/Device/ST/STM32G4xx/Include -I../Drivers/CMSIS/Include -I"C:/Users/josep/Projects/STM32Lora/STM32Lora/RA01" -O0 -ffunction-sections -fdata-sections -Wall -fstack-usage -MMD -MP -MF"Core/Src/gpio.d" -MT"Core/Src/gpio.o" --specs=nano.specs -mfpu=fpv4-sp-d16 -mfloat-abi=hard -mthumb -o "Core/Src/gpio.o"
arm-none-eabi-g++ -o "STM32Lora.elf" @"objects.list"   -mcpu=cortex-m4 -T"C:\Users\josep\Projects\STM32Lora\STM32Lora\STM32G431KBTX_FLASH.ld" --specs=nosys.specs -Wl,-Map="STM32Lora.map" -Wl,--gc-sections -static --specs=nano.specs -mfpu=fpv4-sp-d16 -mfloat-abi=hard -mthumb -Wl,--start-group -lc -lm -lstdc++ -lsupc++ -Wl,--end-group
Finished building target: STM32Lora.elf
 
arm-none-eabi-size   STM32Lora.elf 
arm-none-eabi-objdump -h -S  STM32Lora.elf  > "STM32Lora.list"
   text	   data	    bss	    dec	    hex	filename
  24920	    124	   1912	  26956	   694c	STM32Lora.elf
Finished building: default.size.stdout
 
Finished building: STM32Lora.list
 
17:00:16 **** Incremental Build of configuration Debug for project STM32Lora ****
make -j8 all 
arm-none-eabi-size   STM32Lora.elf 
   text	   data	    bss	    dec	    hex	filename
  24920	    124	   1912	  26956	   694c	STM32Lora.elf
Finished building: default.size.stdout
 
17:05:58 **** Incremental Build of configuration Debug for project STM32Lora ****
make -j8 all 
arm-none-eabi-g++ "../Core/Src/main.c" -mcpu=cortex-m4 -std=gnu11 -g3 -DDEBUG -DUSE_HAL_DRIVER -DSTM32G431xx -c -I../Core/Inc -I../Drivers/STM32G4xx_HAL_Driver/Inc -I../Drivers/STM32G4xx_HAL_Driver/Inc/Legacy -I../Drivers/CMSIS/Device/ST/STM32G4xx/Include -I../Drivers/CMSIS/Include -I"C:/Users/josep/Projects/STM32Lora/STM32Lora/RA01" -O0 -ffunction-sections -fdata-sections -Wall -fstack-usage -MMD -MP -MF"Core/Src/main.d" -MT"Core/Src/main.o" --specs=nano.specs -mfpu=fpv4-sp-d16 -mfloat-abi=hard -mthumb -o "Core/Src/main.o"
cc1plus.exe: warning: command-line option '-std=gnu11' is valid for C/ObjC but not for C++
../Core/Src/main.c: In function 'uint8_t checkLoraRead()':
../Core/Src/main.c:63:7: warning: variable 'recieved' set but not used [-Wunused-but-set-variable]
   63 |  bool recieved = false;
      |       ^~~~~~~~
../Core/Src/main.c: In function 'int main()':
../Core/Src/main.c:173:11: warning: unused variable 'loraTransmission' [-Wunused-variable]
  173 |   uint8_t loraTransmission[32];
      |           ^~~~~~~~~~~~~~~~
../Core/Src/main.c:174:11: warning: unused variable 'loraTransmissionLen' [-Wunused-variable]
  174 |   uint8_t loraTransmissionLen = sprintf((char*)spiBuf, "Data:%02X ", (tx_count/15));
      |           ^~~~~~~~~~~~~~~~~~~
../Core/Src/main.c:136:11: warning: unused variable 'val' [-Wunused-variable]
  136 |   uint8_t val;
      |           ^~~
../Core/Src/main.c: In function 'uint8_t loraTransmit(uint8_t*, uint8_t)':
../Core/Src/main.c:87:9: warning: 'void* __builtin_memcpy(void*, const void*, unsigned int)' writing 35 bytes into a region of size 32 overflows the destination [-Wstringop-overflow=]
   87 |   strcpy((char*)uartBuf, "LoRa Transmit Already In Process\r\n");
      |   ~~~~~~^~~~~~~~~~~~~~~~~~~~~~~~~~~~~~~~~~~~~~~~~~~~~~~~~~~~~~~~
arm-none-eabi-g++ -o "STM32Lora.elf" @"objects.list"   -mcpu=cortex-m4 -T"C:\Users\josep\Projects\STM32Lora\STM32Lora\STM32G431KBTX_FLASH.ld" --specs=nosys.specs -Wl,-Map="STM32Lora.map" -Wl,--gc-sections -static --specs=nano.specs -mfpu=fpv4-sp-d16 -mfloat-abi=hard -mthumb -Wl,--start-group -lc -lm -lstdc++ -lsupc++ -Wl,--end-group
Finished building target: STM32Lora.elf
 
arm-none-eabi-size   STM32Lora.elf 
arm-none-eabi-objdump -h -S  STM32Lora.elf  > "STM32Lora.list"
   text	   data	    bss	    dec	    hex	filename
  24928	    124	   1912	  26964	   6954	STM32Lora.elf
Finished building: default.size.stdout
 
Finished building: STM32Lora.list
 
17:07:09 **** Incremental Build of configuration Debug for project STM32Lora ****
make -j8 all 
arm-none-eabi-g++ "../Core/Src/main.c" -mcpu=cortex-m4 -std=gnu11 -g3 -DDEBUG -DUSE_HAL_DRIVER -DSTM32G431xx -c -I../Core/Inc -I../Drivers/STM32G4xx_HAL_Driver/Inc -I../Drivers/STM32G4xx_HAL_Driver/Inc/Legacy -I../Drivers/CMSIS/Device/ST/STM32G4xx/Include -I../Drivers/CMSIS/Include -I"C:/Users/josep/Projects/STM32Lora/STM32Lora/RA01" -O0 -ffunction-sections -fdata-sections -Wall -fstack-usage -MMD -MP -MF"Core/Src/main.d" -MT"Core/Src/main.o" --specs=nano.specs -mfpu=fpv4-sp-d16 -mfloat-abi=hard -mthumb -o "Core/Src/main.o"
cc1plus.exe: warning: command-line option '-std=gnu11' is valid for C/ObjC but not for C++
../Core/Src/main.c: In function 'uint8_t checkLoraRead()':
../Core/Src/main.c:63:7: warning: variable 'recieved' set but not used [-Wunused-but-set-variable]
   63 |  bool recieved = false;
      |       ^~~~~~~~
../Core/Src/main.c: In function 'int main()':
../Core/Src/main.c:173:11: warning: unused variable 'loraTransmission' [-Wunused-variable]
  173 |   uint8_t loraTransmission[32];
      |           ^~~~~~~~~~~~~~~~
../Core/Src/main.c:174:11: warning: unused variable 'loraTransmissionLen' [-Wunused-variable]
  174 |   uint8_t loraTransmissionLen = sprintf((char*)spiBuf, "Data:%02X ", (tx_count/15));
      |           ^~~~~~~~~~~~~~~~~~~
../Core/Src/main.c:136:11: warning: unused variable 'val' [-Wunused-variable]
  136 |   uint8_t val;
      |           ^~~
../Core/Src/main.c: In function 'uint8_t loraTransmit(uint8_t*, uint8_t)':
../Core/Src/main.c:87:9: warning: 'void* __builtin_memcpy(void*, const void*, unsigned int)' writing 35 bytes into a region of size 32 overflows the destination [-Wstringop-overflow=]
   87 |   strcpy((char*)uartBuf, "LoRa Transmit Already In Process\r\n");
      |   ~~~~~~^~~~~~~~~~~~~~~~~~~~~~~~~~~~~~~~~~~~~~~~~~~~~~~~~~~~~~~~
arm-none-eabi-g++ -o "STM32Lora.elf" @"objects.list"   -mcpu=cortex-m4 -T"C:\Users\josep\Projects\STM32Lora\STM32Lora\STM32G431KBTX_FLASH.ld" --specs=nosys.specs -Wl,-Map="STM32Lora.map" -Wl,--gc-sections -static --specs=nano.specs -mfpu=fpv4-sp-d16 -mfloat-abi=hard -mthumb -Wl,--start-group -lc -lm -lstdc++ -lsupc++ -Wl,--end-group
Finished building target: STM32Lora.elf
 
arm-none-eabi-size   STM32Lora.elf 
arm-none-eabi-objdump -h -S  STM32Lora.elf  > "STM32Lora.list"
   text	   data	    bss	    dec	    hex	filename
  24928	    124	   1912	  26964	   6954	STM32Lora.elf
Finished building: default.size.stdout
 
Finished building: STM32Lora.list
 
17:07:24 **** Incremental Build of configuration Debug for project STM32Lora ****
make -j8 all 
arm-none-eabi-size   STM32Lora.elf 
   text	   data	    bss	    dec	    hex	filename
  24928	    124	   1912	  26964	   6954	STM32Lora.elf
Finished building: default.size.stdout
 
17:09:03 **** Incremental Build of configuration Debug for project STM32Lora ****
make -j8 all 
arm-none-eabi-g++ "../Core/Src/main.c" -mcpu=cortex-m4 -std=gnu11 -g3 -DDEBUG -DUSE_HAL_DRIVER -DSTM32G431xx -c -I../Core/Inc -I../Drivers/STM32G4xx_HAL_Driver/Inc -I../Drivers/STM32G4xx_HAL_Driver/Inc/Legacy -I../Drivers/CMSIS/Device/ST/STM32G4xx/Include -I../Drivers/CMSIS/Include -I"C:/Users/josep/Projects/STM32Lora/STM32Lora/RA01" -O0 -ffunction-sections -fdata-sections -Wall -fstack-usage -MMD -MP -MF"Core/Src/main.d" -MT"Core/Src/main.o" --specs=nano.specs -mfpu=fpv4-sp-d16 -mfloat-abi=hard -mthumb -o "Core/Src/main.o"
cc1plus.exe: warning: command-line option '-std=gnu11' is valid for C/ObjC but not for C++
../Core/Src/main.c: In function 'uint8_t checkLoraRead()':
../Core/Src/main.c:63:7: warning: variable 'recieved' set but not used [-Wunused-but-set-variable]
   63 |  bool recieved = false;
      |       ^~~~~~~~
../Core/Src/main.c: In function 'int main()':
../Core/Src/main.c:173:11: warning: unused variable 'loraTransmission' [-Wunused-variable]
  173 |   uint8_t loraTransmission[32];
      |           ^~~~~~~~~~~~~~~~
../Core/Src/main.c:174:11: warning: unused variable 'loraTransmissionLen' [-Wunused-variable]
  174 |   uint8_t loraTransmissionLen = sprintf((char*)spiBuf, "Data:%02X ", (tx_count/15));
      |           ^~~~~~~~~~~~~~~~~~~
../Core/Src/main.c:136:11: warning: unused variable 'val' [-Wunused-variable]
  136 |   uint8_t val;
      |           ^~~
../Core/Src/main.c: In function 'uint8_t loraTransmit(uint8_t*, uint8_t)':
../Core/Src/main.c:87:9: warning: 'void* __builtin_memcpy(void*, const void*, unsigned int)' writing 35 bytes into a region of size 32 overflows the destination [-Wstringop-overflow=]
   87 |   strcpy((char*)uartBuf, "LoRa Transmit Already In Process\r\n");
      |   ~~~~~~^~~~~~~~~~~~~~~~~~~~~~~~~~~~~~~~~~~~~~~~~~~~~~~~~~~~~~~~
arm-none-eabi-g++ -o "STM32Lora.elf" @"objects.list"   -mcpu=cortex-m4 -T"C:\Users\josep\Projects\STM32Lora\STM32Lora\STM32G431KBTX_FLASH.ld" --specs=nosys.specs -Wl,-Map="STM32Lora.map" -Wl,--gc-sections -static --specs=nano.specs -mfpu=fpv4-sp-d16 -mfloat-abi=hard -mthumb -Wl,--start-group -lc -lm -lstdc++ -lsupc++ -Wl,--end-group
Finished building target: STM32Lora.elf
 
arm-none-eabi-size   STM32Lora.elf 
arm-none-eabi-objdump -h -S  STM32Lora.elf  > "STM32Lora.list"
   text	   data	    bss	    dec	    hex	filename
  24972	    124	   1912	  27008	   6980	STM32Lora.elf
Finished building: default.size.stdout
 
Finished building: STM32Lora.list
 
17:18:28 **** Incremental Build of configuration Debug for project STM32Lora ****
make -j8 all 
arm-none-eabi-g++ "../RA01/ra01.cpp" -mcpu=cortex-m4 -std=gnu++14 -g3 -DDEBUG -DUSE_HAL_DRIVER -DSTM32G431xx -c -I../Core/Inc -I../Drivers/STM32G4xx_HAL_Driver/Inc -I../Drivers/STM32G4xx_HAL_Driver/Inc/Legacy -I../Drivers/CMSIS/Device/ST/STM32G4xx/Include -I../Drivers/CMSIS/Include -I"C:/Users/josep/Projects/STM32Lora/STM32Lora/RA01" -O0 -ffunction-sections -fdata-sections -fno-exceptions -fno-rtti -fno-use-cxa-atexit -Wall -fstack-usage -MMD -MP -MF"RA01/ra01.d" -MT"RA01/ra01.o" --specs=nano.specs -mfpu=fpv4-sp-d16 -mfloat-abi=hard -mthumb -o "RA01/ra01.o"
../RA01/ra01.cpp: In member function 'int LoRaClass::endPacket(bool)':
../RA01/ra01.cpp:189:59: warning: suggest parentheses around comparison in operand of '&' [-Wparentheses]
  189 |     while (readRegister(REG_IRQ_FLAGS) & IRQ_TX_DONE_MASK == 0) {
      |                                                           ^
../RA01/ra01.cpp: In member function 'void LoRaClass::writeRegister(uint8_t, uint8_t)':
../RA01/ra01.cpp:750:13: warning: unused variable 'rxData' [-Wunused-variable]
  750 |     uint8_t rxData[5] = {0,0,0,0,0};
      |             ^~~~~~
../RA01/ra01.cpp: In member function 'void LoRaClass::writeCommand(uint8_t, uint8_t*, uint8_t)':
../RA01/ra01.cpp:768:13: warning: unused variable 'rxData' [-Wunused-variable]
  768 |     uint8_t rxData[5] = {0,0,0,0,0};
      |             ^~~~~~
arm-none-eabi-g++ -o "STM32Lora.elf" @"objects.list"   -mcpu=cortex-m4 -T"C:\Users\josep\Projects\STM32Lora\STM32Lora\STM32G431KBTX_FLASH.ld" --specs=nosys.specs -Wl,-Map="STM32Lora.map" -Wl,--gc-sections -static --specs=nano.specs -mfpu=fpv4-sp-d16 -mfloat-abi=hard -mthumb -Wl,--start-group -lc -lm -lstdc++ -lsupc++ -Wl,--end-group
Finished building target: STM32Lora.elf
 
arm-none-eabi-size   STM32Lora.elf 
arm-none-eabi-objdump -h -S  STM32Lora.elf  > "STM32Lora.list"
   text	   data	    bss	    dec	    hex	filename
  24988	    124	   1912	  27024	   6990	STM32Lora.elf
Finished building: default.size.stdout
 
Finished building: STM32Lora.list
 
17:22:54 **** Incremental Build of configuration Debug for project STM32Lora ****
make -j8 all 
arm-none-eabi-g++ "../Core/Src/main.c" -mcpu=cortex-m4 -std=gnu11 -g3 -DDEBUG -DUSE_HAL_DRIVER -DSTM32G431xx -c -I../Core/Inc -I../Drivers/STM32G4xx_HAL_Driver/Inc -I../Drivers/STM32G4xx_HAL_Driver/Inc/Legacy -I../Drivers/CMSIS/Device/ST/STM32G4xx/Include -I../Drivers/CMSIS/Include -I"C:/Users/josep/Projects/STM32Lora/STM32Lora/RA01" -O0 -ffunction-sections -fdata-sections -Wall -fstack-usage -MMD -MP -MF"Core/Src/main.d" -MT"Core/Src/main.o" --specs=nano.specs -mfpu=fpv4-sp-d16 -mfloat-abi=hard -mthumb -o "Core/Src/main.o"
cc1plus.exe: warning: command-line option '-std=gnu11' is valid for C/ObjC but not for C++
../Core/Src/main.c: In function 'uint8_t checkLoraRead()':
../Core/Src/main.c:63:7: warning: variable 'recieved' set but not used [-Wunused-but-set-variable]
   63 |  bool recieved = false;
      |       ^~~~~~~~
../Core/Src/main.c: In function 'int main()':
../Core/Src/main.c:173:11: warning: unused variable 'loraTransmission' [-Wunused-variable]
  173 |   uint8_t loraTransmission[32];
      |           ^~~~~~~~~~~~~~~~
../Core/Src/main.c:174:11: warning: unused variable 'loraTransmissionLen' [-Wunused-variable]
  174 |   uint8_t loraTransmissionLen = sprintf((char*)spiBuf, "Data:%02X ", (tx_count/15));
      |           ^~~~~~~~~~~~~~~~~~~
../Core/Src/main.c:136:11: warning: unused variable 'val' [-Wunused-variable]
  136 |   uint8_t val;
      |           ^~~
../Core/Src/main.c: In function 'uint8_t loraTransmit(uint8_t*, uint8_t)':
../Core/Src/main.c:87:9: warning: 'void* __builtin_memcpy(void*, const void*, unsigned int)' writing 35 bytes into a region of size 32 overflows the destination [-Wstringop-overflow=]
   87 |   strcpy((char*)uartBuf, "LoRa Transmit Already In Process\r\n");
      |   ~~~~~~^~~~~~~~~~~~~~~~~~~~~~~~~~~~~~~~~~~~~~~~~~~~~~~~~~~~~~~~
arm-none-eabi-g++ -o "STM32Lora.elf" @"objects.list"   -mcpu=cortex-m4 -T"C:\Users\josep\Projects\STM32Lora\STM32Lora\STM32G431KBTX_FLASH.ld" --specs=nosys.specs -Wl,-Map="STM32Lora.map" -Wl,--gc-sections -static --specs=nano.specs -mfpu=fpv4-sp-d16 -mfloat-abi=hard -mthumb -Wl,--start-group -lc -lm -lstdc++ -lsupc++ -Wl,--end-group
Finished building target: STM32Lora.elf
 
arm-none-eabi-size   STM32Lora.elf 
arm-none-eabi-objdump -h -S  STM32Lora.elf  > "STM32Lora.list"
   text	   data	    bss	    dec	    hex	filename
  24920	    124	   1912	  26956	   694c	STM32Lora.elf
Finished building: default.size.stdout
 
Finished building: STM32Lora.list
 
17:24:51 **** Incremental Build of configuration Debug for project STM32Lora ****
make -j8 all 
arm-none-eabi-g++ "../Core/Src/main.c" -mcpu=cortex-m4 -std=gnu11 -g3 -DDEBUG -DUSE_HAL_DRIVER -DSTM32G431xx -c -I../Core/Inc -I../Drivers/STM32G4xx_HAL_Driver/Inc -I../Drivers/STM32G4xx_HAL_Driver/Inc/Legacy -I../Drivers/CMSIS/Device/ST/STM32G4xx/Include -I../Drivers/CMSIS/Include -I"C:/Users/josep/Projects/STM32Lora/STM32Lora/RA01" -O0 -ffunction-sections -fdata-sections -Wall -fstack-usage -MMD -MP -MF"Core/Src/main.d" -MT"Core/Src/main.o" --specs=nano.specs -mfpu=fpv4-sp-d16 -mfloat-abi=hard -mthumb -o "Core/Src/main.o"
cc1plus.exe: warning: command-line option '-std=gnu11' is valid for C/ObjC but not for C++
../Core/Src/main.c: In function 'uint8_t checkLoraRead()':
../Core/Src/main.c:63:7: warning: variable 'recieved' set but not used [-Wunused-but-set-variable]
   63 |  bool recieved = false;
      |       ^~~~~~~~
../Core/Src/main.c: In function 'int main()':
../Core/Src/main.c:173:11: warning: unused variable 'loraTransmission' [-Wunused-variable]
  173 |   uint8_t loraTransmission[32];
      |           ^~~~~~~~~~~~~~~~
../Core/Src/main.c:174:11: warning: unused variable 'loraTransmissionLen' [-Wunused-variable]
  174 |   uint8_t loraTransmissionLen = sprintf((char*)spiBuf, "Data:%02X ", (tx_count/15));
      |           ^~~~~~~~~~~~~~~~~~~
../Core/Src/main.c:136:11: warning: unused variable 'val' [-Wunused-variable]
  136 |   uint8_t val;
      |           ^~~
../Core/Src/main.c: In function 'uint8_t loraTransmit(uint8_t*, uint8_t)':
../Core/Src/main.c:87:9: warning: 'void* __builtin_memcpy(void*, const void*, unsigned int)' writing 35 bytes into a region of size 32 overflows the destination [-Wstringop-overflow=]
   87 |   strcpy((char*)uartBuf, "LoRa Transmit Already In Process\r\n");
      |   ~~~~~~^~~~~~~~~~~~~~~~~~~~~~~~~~~~~~~~~~~~~~~~~~~~~~~~~~~~~~~~
arm-none-eabi-g++ -o "STM32Lora.elf" @"objects.list"   -mcpu=cortex-m4 -T"C:\Users\josep\Projects\STM32Lora\STM32Lora\STM32G431KBTX_FLASH.ld" --specs=nosys.specs -Wl,-Map="STM32Lora.map" -Wl,--gc-sections -static --specs=nano.specs -mfpu=fpv4-sp-d16 -mfloat-abi=hard -mthumb -Wl,--start-group -lc -lm -lstdc++ -lsupc++ -Wl,--end-group
Finished building target: STM32Lora.elf
 
arm-none-eabi-size   STM32Lora.elf 
arm-none-eabi-objdump -h -S  STM32Lora.elf  > "STM32Lora.list"
   text	   data	    bss	    dec	    hex	filename
  24920	    124	   1912	  26956	   694c	STM32Lora.elf
Finished building: default.size.stdout
 
Finished building: STM32Lora.list
 
22:00:27 **** Incremental Build of configuration Debug for project STM32Lora ****
make -j8 all 
arm-none-eabi-size   STM32Lora.elf 
   text	   data	    bss	    dec	    hex	filename
  24920	    124	   1912	  26956	   694c	STM32Lora.elf
Finished building: default.size.stdout
 
22:31:45 **** Incremental Build of configuration Debug for project STM32Lora ****
make -j8 all 
arm-none-eabi-g++ "../Core/Src/main.c" -mcpu=cortex-m4 -std=gnu11 -g3 -DDEBUG -DUSE_HAL_DRIVER -DSTM32G431xx -c -I../Core/Inc -I../Drivers/STM32G4xx_HAL_Driver/Inc -I../Drivers/STM32G4xx_HAL_Driver/Inc/Legacy -I../Drivers/CMSIS/Device/ST/STM32G4xx/Include -I../Drivers/CMSIS/Include -I"C:/Users/josep/Projects/STM32Lora/STM32Lora/RA01" -O0 -ffunction-sections -fdata-sections -Wall -fstack-usage -MMD -MP -MF"Core/Src/main.d" -MT"Core/Src/main.o" --specs=nano.specs -mfpu=fpv4-sp-d16 -mfloat-abi=hard -mthumb -o "Core/Src/main.o"
cc1plus.exe: warning: command-line option '-std=gnu11' is valid for C/ObjC but not for C++
../Core/Src/main.c: In function 'uint8_t checkLoraRead()':
../Core/Src/main.c:63:7: warning: variable 'recieved' set but not used [-Wunused-but-set-variable]
   63 |  bool recieved = false;
      |       ^~~~~~~~
../Core/Src/main.c: In function 'int main()':
../Core/Src/main.c:173:11: warning: unused variable 'loraTransmission' [-Wunused-variable]
  173 |   uint8_t loraTransmission[32];
      |           ^~~~~~~~~~~~~~~~
../Core/Src/main.c:174:11: warning: unused variable 'loraTransmissionLen' [-Wunused-variable]
  174 |   uint8_t loraTransmissionLen = sprintf((char*)spiBuf, "Data:%02X ", (tx_count/15));
      |           ^~~~~~~~~~~~~~~~~~~
../Core/Src/main.c:136:11: warning: unused variable 'val' [-Wunused-variable]
  136 |   uint8_t val;
      |           ^~~
../Core/Src/main.c: In function 'uint8_t loraTransmit(uint8_t*, uint8_t)':
../Core/Src/main.c:87:9: warning: 'void* __builtin_memcpy(void*, const void*, unsigned int)' writing 35 bytes into a region of size 32 overflows the destination [-Wstringop-overflow=]
   87 |   strcpy((char*)uartBuf, "LoRa Transmit Already In Process\r\n");
      |   ~~~~~~^~~~~~~~~~~~~~~~~~~~~~~~~~~~~~~~~~~~~~~~~~~~~~~~~~~~~~~~
arm-none-eabi-g++ -o "STM32Lora.elf" @"objects.list"   -mcpu=cortex-m4 -T"C:\Users\josep\Projects\STM32Lora\STM32Lora\STM32G431KBTX_FLASH.ld" --specs=nosys.specs -Wl,-Map="STM32Lora.map" -Wl,--gc-sections -static --specs=nano.specs -mfpu=fpv4-sp-d16 -mfloat-abi=hard -mthumb -Wl,--start-group -lc -lm -lstdc++ -lsupc++ -Wl,--end-group
Finished building target: STM32Lora.elf
 
arm-none-eabi-size   STM32Lora.elf 
arm-none-eabi-objdump -h -S  STM32Lora.elf  > "STM32Lora.list"
   text	   data	    bss	    dec	    hex	filename
  24992	    124	   1912	  27028	   6994	STM32Lora.elf
Finished building: default.size.stdout
 
Finished building: STM32Lora.list
 
22:39:03 **** Incremental Build of configuration Debug for project STM32Lora ****
make -j8 all 
arm-none-eabi-g++ "../Core/Src/main.c" -mcpu=cortex-m4 -std=gnu11 -g3 -DDEBUG -DUSE_HAL_DRIVER -DSTM32G431xx -c -I../Core/Inc -I../Drivers/STM32G4xx_HAL_Driver/Inc -I../Drivers/STM32G4xx_HAL_Driver/Inc/Legacy -I../Drivers/CMSIS/Device/ST/STM32G4xx/Include -I../Drivers/CMSIS/Include -I"C:/Users/josep/Projects/STM32Lora/STM32Lora/RA01" -O0 -ffunction-sections -fdata-sections -Wall -fstack-usage -MMD -MP -MF"Core/Src/main.d" -MT"Core/Src/main.o" --specs=nano.specs -mfpu=fpv4-sp-d16 -mfloat-abi=hard -mthumb -o "Core/Src/main.o"
cc1plus.exe: warning: command-line option '-std=gnu11' is valid for C/ObjC but not for C++
../Core/Src/main.c: In function 'uint8_t checkLoraRead()':
../Core/Src/main.c:63:7: warning: variable 'recieved' set but not used [-Wunused-but-set-variable]
   63 |  bool recieved = false;
      |       ^~~~~~~~
../Core/Src/main.c: In function 'int main()':
../Core/Src/main.c:173:11: warning: unused variable 'loraTransmission' [-Wunused-variable]
  173 |   uint8_t loraTransmission[32];
      |           ^~~~~~~~~~~~~~~~
../Core/Src/main.c:174:11: warning: unused variable 'loraTransmissionLen' [-Wunused-variable]
  174 |   uint8_t loraTransmissionLen = sprintf((char*)spiBuf, "Data:%02X ", (tx_count/15));
      |           ^~~~~~~~~~~~~~~~~~~
../Core/Src/main.c:136:11: warning: unused variable 'val' [-Wunused-variable]
  136 |   uint8_t val;
      |           ^~~
../Core/Src/main.c: In function 'uint8_t loraTransmit(uint8_t*, uint8_t)':
../Core/Src/main.c:87:9: warning: 'void* __builtin_memcpy(void*, const void*, unsigned int)' writing 35 bytes into a region of size 32 overflows the destination [-Wstringop-overflow=]
   87 |   strcpy((char*)uartBuf, "LoRa Transmit Already In Process\r\n");
      |   ~~~~~~^~~~~~~~~~~~~~~~~~~~~~~~~~~~~~~~~~~~~~~~~~~~~~~~~~~~~~~~
arm-none-eabi-g++ -o "STM32Lora.elf" @"objects.list"   -mcpu=cortex-m4 -T"C:\Users\josep\Projects\STM32Lora\STM32Lora\STM32G431KBTX_FLASH.ld" --specs=nosys.specs -Wl,-Map="STM32Lora.map" -Wl,--gc-sections -static --specs=nano.specs -mfpu=fpv4-sp-d16 -mfloat-abi=hard -mthumb -Wl,--start-group -lc -lm -lstdc++ -lsupc++ -Wl,--end-group
Finished building target: STM32Lora.elf
 
arm-none-eabi-size   STM32Lora.elf 
arm-none-eabi-objdump -h -S  STM32Lora.elf  > "STM32Lora.list"
   text	   data	    bss	    dec	    hex	filename
  24964	    124	   1912	  27000	   6978	STM32Lora.elf
Finished building: default.size.stdout
 
Finished building: STM32Lora.list
 
23:17:08 **** Incremental Build of configuration Debug for project STM32Lora ****
make -j8 all 
arm-none-eabi-g++ "../RA01/ra01.cpp" -mcpu=cortex-m4 -std=gnu++14 -g3 -DDEBUG -DUSE_HAL_DRIVER -DSTM32G431xx -c -I../Core/Inc -I../Drivers/STM32G4xx_HAL_Driver/Inc -I../Drivers/STM32G4xx_HAL_Driver/Inc/Legacy -I../Drivers/CMSIS/Device/ST/STM32G4xx/Include -I../Drivers/CMSIS/Include -I"C:/Users/josep/Projects/STM32Lora/STM32Lora/RA01" -O0 -ffunction-sections -fdata-sections -fno-exceptions -fno-rtti -fno-use-cxa-atexit -Wall -fstack-usage -MMD -MP -MF"RA01/ra01.d" -MT"RA01/ra01.o" --specs=nano.specs -mfpu=fpv4-sp-d16 -mfloat-abi=hard -mthumb -o "RA01/ra01.o"
arm-none-eabi-g++ "../Core/Src/main.c" -mcpu=cortex-m4 -std=gnu11 -g3 -DDEBUG -DUSE_HAL_DRIVER -DSTM32G431xx -c -I../Core/Inc -I../Drivers/STM32G4xx_HAL_Driver/Inc -I../Drivers/STM32G4xx_HAL_Driver/Inc/Legacy -I../Drivers/CMSIS/Device/ST/STM32G4xx/Include -I../Drivers/CMSIS/Include -I"C:/Users/josep/Projects/STM32Lora/STM32Lora/RA01" -O0 -ffunction-sections -fdata-sections -Wall -fstack-usage -MMD -MP -MF"Core/Src/main.d" -MT"Core/Src/main.o" --specs=nano.specs -mfpu=fpv4-sp-d16 -mfloat-abi=hard -mthumb -o "Core/Src/main.o"
cc1plus.exe: warning: command-line option '-std=gnu11' is valid for C/ObjC but not for C++
../RA01/ra01.cpp: In member function 'int LoRaClass::endPacket(bool)':
../RA01/ra01.cpp:189:59: warning: suggest parentheses around comparison in operand of '&' [-Wparentheses]
  189 |     while (readRegister(REG_IRQ_FLAGS) & IRQ_TX_DONE_MASK == 0) {
      |                                                           ^
../RA01/ra01.cpp: In member function 'void LoRaClass::writeRegister(uint8_t, uint8_t)':
../RA01/ra01.cpp:750:13: warning: unused variable 'rxData' [-Wunused-variable]
  750 |     uint8_t rxData[5] = {0,0,0,0,0};
      |             ^~~~~~
../RA01/ra01.cpp: In member function 'void LoRaClass::writeCommand(uint8_t, uint8_t*, uint8_t)':
../RA01/ra01.cpp:768:13: warning: unused variable 'rxData' [-Wunused-variable]
  768 |     uint8_t rxData[5] = {0,0,0,0,0};
      |             ^~~~~~
../Core/Src/main.c: In function 'uint8_t checkLoraRead()':
../Core/Src/main.c:63:7: warning: variable 'recieved' set but not used [-Wunused-but-set-variable]
   63 |  bool recieved = false;
      |       ^~~~~~~~
../Core/Src/main.c: In function 'int main()':
../Core/Src/main.c:173:11: warning: unused variable 'loraTransmission' [-Wunused-variable]
  173 |   uint8_t loraTransmission[32];
      |           ^~~~~~~~~~~~~~~~
../Core/Src/main.c:174:11: warning: unused variable 'loraTransmissionLen' [-Wunused-variable]
  174 |   uint8_t loraTransmissionLen = sprintf((char*)spiBuf, "Data:%02X ", (tx_count/15));
      |           ^~~~~~~~~~~~~~~~~~~
../Core/Src/main.c:136:11: warning: unused variable 'val' [-Wunused-variable]
  136 |   uint8_t val;
      |           ^~~
../Core/Src/main.c: In function 'uint8_t loraTransmit(uint8_t*, uint8_t)':
../Core/Src/main.c:87:9: warning: 'void* __builtin_memcpy(void*, const void*, unsigned int)' writing 35 bytes into a region of size 32 overflows the destination [-Wstringop-overflow=]
   87 |   strcpy((char*)uartBuf, "LoRa Transmit Already In Process\r\n");
      |   ~~~~~~^~~~~~~~~~~~~~~~~~~~~~~~~~~~~~~~~~~~~~~~~~~~~~~~~~~~~~~~
arm-none-eabi-g++ -o "STM32Lora.elf" @"objects.list"   -mcpu=cortex-m4 -T"C:\Users\josep\Projects\STM32Lora\STM32Lora\STM32G431KBTX_FLASH.ld" --specs=nosys.specs -Wl,-Map="STM32Lora.map" -Wl,--gc-sections -static --specs=nano.specs -mfpu=fpv4-sp-d16 -mfloat-abi=hard -mthumb -Wl,--start-group -lc -lm -lstdc++ -lsupc++ -Wl,--end-group
Finished building target: STM32Lora.elf
 
arm-none-eabi-size   STM32Lora.elf 
arm-none-eabi-objdump -h -S  STM32Lora.elf  > "STM32Lora.list"
   text	   data	    bss	    dec	    hex	filename
  24396	    124	   1912	  26432	   6740	STM32Lora.elf
Finished building: default.size.stdout
 
Finished building: STM32Lora.list
 
23:21:00 **** Incremental Build of configuration Debug for project STM32Lora ****
make -j8 all 
arm-none-eabi-g++ "../RA01/ra01.cpp" -mcpu=cortex-m4 -std=gnu++14 -g3 -DDEBUG -DUSE_HAL_DRIVER -DSTM32G431xx -c -I../Core/Inc -I../Drivers/STM32G4xx_HAL_Driver/Inc -I../Drivers/STM32G4xx_HAL_Driver/Inc/Legacy -I../Drivers/CMSIS/Device/ST/STM32G4xx/Include -I../Drivers/CMSIS/Include -I"C:/Users/josep/Projects/STM32Lora/STM32Lora/RA01" -O0 -ffunction-sections -fdata-sections -fno-exceptions -fno-rtti -fno-use-cxa-atexit -Wall -fstack-usage -MMD -MP -MF"RA01/ra01.d" -MT"RA01/ra01.o" --specs=nano.specs -mfpu=fpv4-sp-d16 -mfloat-abi=hard -mthumb -o "RA01/ra01.o"
../RA01/ra01.cpp: In member function 'int LoRaClass::endPacket(bool)':
../RA01/ra01.cpp:189:59: warning: suggest parentheses around comparison in operand of '&' [-Wparentheses]
  189 |     while (readRegister(REG_IRQ_FLAGS) & IRQ_TX_DONE_MASK == 0) {
      |                                                           ^
../RA01/ra01.cpp: In member function 'void LoRaClass::writeRegister(uint8_t, uint8_t)':
../RA01/ra01.cpp:750:13: warning: unused variable 'rxData' [-Wunused-variable]
  750 |     uint8_t rxData[5] = {0,0,0,0,0};
      |             ^~~~~~
../RA01/ra01.cpp: In member function 'void LoRaClass::writeCommand(uint8_t, uint8_t*, uint8_t)':
../RA01/ra01.cpp:768:13: warning: unused variable 'rxData' [-Wunused-variable]
  768 |     uint8_t rxData[5] = {0,0,0,0,0};
      |             ^~~~~~
arm-none-eabi-g++ -o "STM32Lora.elf" @"objects.list"   -mcpu=cortex-m4 -T"C:\Users\josep\Projects\STM32Lora\STM32Lora\STM32G431KBTX_FLASH.ld" --specs=nosys.specs -Wl,-Map="STM32Lora.map" -Wl,--gc-sections -static --specs=nano.specs -mfpu=fpv4-sp-d16 -mfloat-abi=hard -mthumb -Wl,--start-group -lc -lm -lstdc++ -lsupc++ -Wl,--end-group
Finished building target: STM32Lora.elf
 
arm-none-eabi-size   STM32Lora.elf 
arm-none-eabi-objdump -h -S  STM32Lora.elf  > "STM32Lora.list"
   text	   data	    bss	    dec	    hex	filename
  24396	    124	   1912	  26432	   6740	STM32Lora.elf
Finished building: default.size.stdout
 
Finished building: STM32Lora.list
 
